Archive member included because of file (symbol)

.\CortexM3\ARM_GCC_441\Debug\DanaTucker.a(LCD.o)
                              .\CortexM3\ARM_GCC_441\Debug\main.o (LCD_WriteControl)
.\CortexM3\ARM_GCC_441\Debug\DanaTucker.a(Beam.o)
                              .\CortexM3\ARM_GCC_441\Debug\main.o (Beam_StartEx)
.\CortexM3\ARM_GCC_441\Debug\DanaTucker.a(Row.o)
                              .\CortexM3\ARM_GCC_441\Debug\matrix.o (Row_Write)
.\CortexM3\ARM_GCC_441\Debug\DanaTucker.a(Red.o)
                              .\CortexM3\ARM_GCC_441\Debug\matrix.o (Red_Write)
.\CortexM3\ARM_GCC_441\Debug\DanaTucker.a(Green.o)
                              .\CortexM3\ARM_GCC_441\Debug\matrix.o (Green_Write)
.\CortexM3\ARM_GCC_441\Debug\DanaTucker.a(Blue.o)
                              .\CortexM3\ARM_GCC_441\Debug\matrix.o (Blue_Write)
.\CortexM3\ARM_GCC_441\Debug\DanaTucker.a(Shifter.o)
                              .\CortexM3\ARM_GCC_441\Debug\matrix.o (Shifter_Write)
.\CortexM3\ARM_GCC_441\Debug\DanaTucker.a(Colors.o)
                              .\CortexM3\ARM_GCC_441\Debug\matrix.o (Colors_Write)
.\CortexM3\ARM_GCC_441\Debug\DanaTucker.a(Timer.o)
                              .\CortexM3\ARM_GCC_441\Debug\main.o (Timer_WritePeriod)
.\CortexM3\ARM_GCC_441\Debug\DanaTucker.a(CyLib.o)
                              .\CortexM3\ARM_GCC_441\Debug\Cm3Start.o (CyResetStatus)
.\CortexM3\ARM_GCC_441\Debug\DanaTucker.a(cyPm.o)
                              .\CortexM3\ARM_GCC_441\Debug\DanaTucker.a(CyLib.o) (CyPmReadStatus)
.\CortexM3\ARM_GCC_441\Debug\DanaTucker.a(cyfitter_cfg.o)
                              .\CortexM3\ARM_GCC_441\Debug\Cm3Start.o (cyfitter_cfg)
.\CortexM3\ARM_GCC_441\Debug\DanaTucker.a(CyBootAsmGnu.o)
                              .\CortexM3\ARM_GCC_441\Debug\DanaTucker.a(CyLib.o) (CyDelayCycles)
.\CortexM3\ARM_GCC_441\Debug\DanaTucker.a(CyFlash.o)
                              .\CortexM3\ARM_GCC_441\Debug\DanaTucker.a(cyPm.o) (CyFlash_SetWaitCycles)
.\CortexM3\ARM_GCC_441\Debug\DanaTucker.a(CySpc.o)
                              .\CortexM3\ARM_GCC_441\Debug\DanaTucker.a(CyFlash.o) (CySpcStart)
c:/program files/cypress/psoc creator/2.2/psoc creator/import/gnu_cs/arm/4.4.1/bin/../lib/gcc/arm-none-eabi/4.4.1/../../../../arm-none-eabi/lib/thumb2\libc.a(lib_a-memcpy.o)
                              .\CortexM3\ARM_GCC_441\Debug\main.o (memcpy)
c:/program files/cypress/psoc creator/2.2/psoc creator/import/gnu_cs/arm/4.4.1/bin/../lib/gcc/arm-none-eabi/4.4.1/../../../../arm-none-eabi/lib/thumb2\libc.a(lib_a-memset.o)
                              .\CortexM3\ARM_GCC_441\Debug\DanaTucker.a(cyfitter_cfg.o) (memset)
c:/program files/cypress/psoc creator/2.2/psoc creator/import/gnu_cs/arm/4.4.1/bin/../lib/gcc/arm-none-eabi/4.4.1/../../../../arm-none-eabi/lib/thumb2\libcs3.a(start_c.o)
                              (__cs3_start_c)
c:/program files/cypress/psoc creator/2.2/psoc creator/import/gnu_cs/arm/4.4.1/bin/../lib/gcc/arm-none-eabi/4.4.1/../../../../arm-none-eabi/lib/thumb2\libcs3micro.a(micro_isr_interrupt.o)
                              (__cs3_isr_nmi)
c:/program files/cypress/psoc creator/2.2/psoc creator/import/gnu_cs/arm/4.4.1/bin/../lib/gcc/arm-none-eabi/4.4.1/../../../../arm-none-eabi/lib/thumb2\libc.a(lib_a-init.o)
                              c:/program files/cypress/psoc creator/2.2/psoc creator/import/gnu_cs/arm/4.4.1/bin/../lib/gcc/arm-none-eabi/4.4.1/../../../../arm-none-eabi/lib/thumb2\libcs3.a(start_c.o) (__libc_init_array)

Allocating common symbols
Common symbol       size              file

display             0x40              .\CortexM3\ARM_GCC_441\Debug\main.o
CyResetStatus       0x1               .\CortexM3\ARM_GCC_441\Debug\DanaTucker.a(CyLib.o)
dieTemperature      0x2               .\CortexM3\ARM_GCC_441\Debug\DanaTucker.a(CyFlash.o)

Discarded input sections

 .text          0x00000000        0x0 c:/program files/cypress/psoc creator/2.2/psoc creator/import/gnu_cs/arm/4.4.1/bin/../lib/gcc/arm-none-eabi/4.4.1/thumb2/crti.o
 .data          0x00000000        0x0 c:/program files/cypress/psoc creator/2.2/psoc creator/import/gnu_cs/arm/4.4.1/bin/../lib/gcc/arm-none-eabi/4.4.1/thumb2/crti.o
 .bss           0x00000000        0x0 c:/program files/cypress/psoc creator/2.2/psoc creator/import/gnu_cs/arm/4.4.1/bin/../lib/gcc/arm-none-eabi/4.4.1/thumb2/crti.o
 .data          0x00000000        0x4 c:/program files/cypress/psoc creator/2.2/psoc creator/import/gnu_cs/arm/4.4.1/bin/../lib/gcc/arm-none-eabi/4.4.1/thumb2/crtbegin.o
 .text          0x00000000        0x0 .\CortexM3\ARM_GCC_441\Debug\main.o
 .data          0x00000000        0x0 .\CortexM3\ARM_GCC_441\Debug\main.o
 .bss           0x00000000        0x0 .\CortexM3\ARM_GCC_441\Debug\main.o
 .text          0x00000000        0x0 .\CortexM3\ARM_GCC_441\Debug\matrix.o
 .bss           0x00000000        0x0 .\CortexM3\ARM_GCC_441\Debug\matrix.o
 .text          0x00000000        0x0 .\CortexM3\ARM_GCC_441\Debug\display.o
 .data          0x00000000        0x0 .\CortexM3\ARM_GCC_441\Debug\display.o
 .bss           0x00000000        0x0 .\CortexM3\ARM_GCC_441\Debug\display.o
 .text.LCD_Spin
                0x00000000       0xe8 .\CortexM3\ARM_GCC_441\Debug\display.o
 .text          0x00000000        0x0 .\CortexM3\ARM_GCC_441\Debug\Cm3Start.o
 .data          0x00000000        0x0 .\CortexM3\ARM_GCC_441\Debug\Cm3Start.o
 .bss           0x00000000        0x0 .\CortexM3\ARM_GCC_441\Debug\Cm3Start.o
 .text          0x00000000        0x0 .\CortexM3\ARM_GCC_441\Debug\DanaTucker.a(LCD.o)
 .data          0x00000000        0x0 .\CortexM3\ARM_GCC_441\Debug\DanaTucker.a(LCD.o)
 .text.LCD_Stop
                0x00000000       0x1c .\CortexM3\ARM_GCC_441\Debug\DanaTucker.a(LCD.o)
 .text.LCD_PrintInt16
                0x00000000       0x2c .\CortexM3\ARM_GCC_441\Debug\DanaTucker.a(LCD.o)
 .text          0x00000000        0x0 .\CortexM3\ARM_GCC_441\Debug\DanaTucker.a(Beam.o)
 .data          0x00000000        0x0 .\CortexM3\ARM_GCC_441\Debug\DanaTucker.a(Beam.o)
 .bss           0x00000000        0x0 .\CortexM3\ARM_GCC_441\Debug\DanaTucker.a(Beam.o)
 .text.Beam_Start
                0x00000000       0x24 .\CortexM3\ARM_GCC_441\Debug\DanaTucker.a(Beam.o)
 .text.Beam_Stop
                0x00000000       0x18 .\CortexM3\ARM_GCC_441\Debug\DanaTucker.a(Beam.o)
 .text.Beam_Interrupt
                0x00000000        0xc .\CortexM3\ARM_GCC_441\Debug\DanaTucker.a(Beam.o)
 .text.Beam_GetVector
                0x00000000       0x28 .\CortexM3\ARM_GCC_441\Debug\DanaTucker.a(Beam.o)
 .text.Beam_GetPriority
                0x00000000       0x28 .\CortexM3\ARM_GCC_441\Debug\DanaTucker.a(Beam.o)
 .text.Beam_GetState
                0x00000000       0x2c .\CortexM3\ARM_GCC_441\Debug\DanaTucker.a(Beam.o)
 .text.Beam_SetPending
                0x00000000       0x18 .\CortexM3\ARM_GCC_441\Debug\DanaTucker.a(Beam.o)
 .text.Beam_ClearPending
                0x00000000       0x18 .\CortexM3\ARM_GCC_441\Debug\DanaTucker.a(Beam.o)
 .text          0x00000000        0x0 .\CortexM3\ARM_GCC_441\Debug\DanaTucker.a(Row.o)
 .data          0x00000000        0x0 .\CortexM3\ARM_GCC_441\Debug\DanaTucker.a(Row.o)
 .bss           0x00000000        0x0 .\CortexM3\ARM_GCC_441\Debug\DanaTucker.a(Row.o)
 .text.Row_SetDriveMode
                0x00000000       0x40 .\CortexM3\ARM_GCC_441\Debug\DanaTucker.a(Row.o)
 .text.Row_Read
                0x00000000       0x24 .\CortexM3\ARM_GCC_441\Debug\DanaTucker.a(Row.o)
 .text.Row_ReadDataReg
                0x00000000       0x24 .\CortexM3\ARM_GCC_441\Debug\DanaTucker.a(Row.o)
 .text          0x00000000        0x0 .\CortexM3\ARM_GCC_441\Debug\DanaTucker.a(Red.o)
 .data          0x00000000        0x0 .\CortexM3\ARM_GCC_441\Debug\DanaTucker.a(Red.o)
 .bss           0x00000000        0x0 .\CortexM3\ARM_GCC_441\Debug\DanaTucker.a(Red.o)
 .text.Red_SetDriveMode
                0x00000000       0x40 .\CortexM3\ARM_GCC_441\Debug\DanaTucker.a(Red.o)
 .text.Red_Read
                0x00000000       0x24 .\CortexM3\ARM_GCC_441\Debug\DanaTucker.a(Red.o)
 .text.Red_ReadDataReg
                0x00000000       0x24 .\CortexM3\ARM_GCC_441\Debug\DanaTucker.a(Red.o)
 .text          0x00000000        0x0 .\CortexM3\ARM_GCC_441\Debug\DanaTucker.a(Green.o)
 .data          0x00000000        0x0 .\CortexM3\ARM_GCC_441\Debug\DanaTucker.a(Green.o)
 .bss           0x00000000        0x0 .\CortexM3\ARM_GCC_441\Debug\DanaTucker.a(Green.o)
 .text.Green_SetDriveMode
                0x00000000       0x40 .\CortexM3\ARM_GCC_441\Debug\DanaTucker.a(Green.o)
 .text.Green_Read
                0x00000000       0x24 .\CortexM3\ARM_GCC_441\Debug\DanaTucker.a(Green.o)
 .text.Green_ReadDataReg
                0x00000000       0x24 .\CortexM3\ARM_GCC_441\Debug\DanaTucker.a(Green.o)
 .text          0x00000000        0x0 .\CortexM3\ARM_GCC_441\Debug\DanaTucker.a(Blue.o)
 .data          0x00000000        0x0 .\CortexM3\ARM_GCC_441\Debug\DanaTucker.a(Blue.o)
 .bss           0x00000000        0x0 .\CortexM3\ARM_GCC_441\Debug\DanaTucker.a(Blue.o)
 .text.Blue_SetDriveMode
                0x00000000       0x40 .\CortexM3\ARM_GCC_441\Debug\DanaTucker.a(Blue.o)
 .text.Blue_Read
                0x00000000       0x20 .\CortexM3\ARM_GCC_441\Debug\DanaTucker.a(Blue.o)
 .text.Blue_ReadDataReg
                0x00000000       0x20 .\CortexM3\ARM_GCC_441\Debug\DanaTucker.a(Blue.o)
 .text          0x00000000        0x0 .\CortexM3\ARM_GCC_441\Debug\DanaTucker.a(Shifter.o)
 .data          0x00000000        0x0 .\CortexM3\ARM_GCC_441\Debug\DanaTucker.a(Shifter.o)
 .bss           0x00000000        0x0 .\CortexM3\ARM_GCC_441\Debug\DanaTucker.a(Shifter.o)
 .text.Shifter_SetDriveMode
                0x00000000       0x40 .\CortexM3\ARM_GCC_441\Debug\DanaTucker.a(Shifter.o)
 .text.Shifter_Read
                0x00000000       0x24 .\CortexM3\ARM_GCC_441\Debug\DanaTucker.a(Shifter.o)
 .text.Shifter_ReadDataReg
                0x00000000       0x24 .\CortexM3\ARM_GCC_441\Debug\DanaTucker.a(Shifter.o)
 .text          0x00000000        0x0 .\CortexM3\ARM_GCC_441\Debug\DanaTucker.a(Colors.o)
 .data          0x00000000        0x0 .\CortexM3\ARM_GCC_441\Debug\DanaTucker.a(Colors.o)
 .bss           0x00000000        0x0 .\CortexM3\ARM_GCC_441\Debug\DanaTucker.a(Colors.o)
 .text.Colors_SetDriveMode
                0x00000000       0x40 .\CortexM3\ARM_GCC_441\Debug\DanaTucker.a(Colors.o)
 .text.Colors_Read
                0x00000000       0x24 .\CortexM3\ARM_GCC_441\Debug\DanaTucker.a(Colors.o)
 .text.Colors_ReadDataReg
                0x00000000       0x24 .\CortexM3\ARM_GCC_441\Debug\DanaTucker.a(Colors.o)
 .text          0x00000000        0x0 .\CortexM3\ARM_GCC_441\Debug\DanaTucker.a(Timer.o)
 .data          0x00000000        0x0 .\CortexM3\ARM_GCC_441\Debug\DanaTucker.a(Timer.o)
 .text.Timer_Stop
                0x00000000       0x58 .\CortexM3\ARM_GCC_441\Debug\DanaTucker.a(Timer.o)
 .text.Timer_SoftwareCapture
                0x00000000       0x14 .\CortexM3\ARM_GCC_441\Debug\DanaTucker.a(Timer.o)
 .text.Timer_ReadStatusRegister
                0x00000000       0x18 .\CortexM3\ARM_GCC_441\Debug\DanaTucker.a(Timer.o)
 .text.Timer_ReadControlRegister
                0x00000000       0x18 .\CortexM3\ARM_GCC_441\Debug\DanaTucker.a(Timer.o)
 .text.Timer_WriteControlRegister
                0x00000000       0x20 .\CortexM3\ARM_GCC_441\Debug\DanaTucker.a(Timer.o)
 .text.Timer_ReadPeriod
                0x00000000       0x18 .\CortexM3\ARM_GCC_441\Debug\DanaTucker.a(Timer.o)
 .text.Timer_ReadCapture
                0x00000000       0x18 .\CortexM3\ARM_GCC_441\Debug\DanaTucker.a(Timer.o)
 .text.Timer_ReadCounter
                0x00000000       0x24 .\CortexM3\ARM_GCC_441\Debug\DanaTucker.a(Timer.o)
 .text          0x00000000        0x0 .\CortexM3\ARM_GCC_441\Debug\DanaTucker.a(CyLib.o)
 .bss           0x00000000        0x0 .\CortexM3\ARM_GCC_441\Debug\DanaTucker.a(CyLib.o)
 .text.CyPLL_OUT_Start
                0x00000000       0xdc .\CortexM3\ARM_GCC_441\Debug\DanaTucker.a(CyLib.o)
 .text.CyPLL_OUT_Stop
                0x00000000       0x24 .\CortexM3\ARM_GCC_441\Debug\DanaTucker.a(CyLib.o)
 .text.CyPLL_OUT_SetPQ
                0x00000000       0xac .\CortexM3\ARM_GCC_441\Debug\DanaTucker.a(CyLib.o)
 .text.CyPLL_OUT_SetSource
                0x00000000       0x64 .\CortexM3\ARM_GCC_441\Debug\DanaTucker.a(CyLib.o)
 .text.CyIMO_Start
                0x00000000       0xd0 .\CortexM3\ARM_GCC_441\Debug\DanaTucker.a(CyLib.o)
 .text.CyIMO_Stop
                0x00000000       0x24 .\CortexM3\ARM_GCC_441\Debug\DanaTucker.a(CyLib.o)
 .text.CyUSB_PowerOnCheck
                0x00000000       0x74 .\CortexM3\ARM_GCC_441\Debug\DanaTucker.a(CyLib.o)
 .text.CyIMO_SetTrimValue
                0x00000000      0x144 .\CortexM3\ARM_GCC_441\Debug\DanaTucker.a(CyLib.o)
 .text.CyIMO_SetFreq
                0x00000000      0x1e4 .\CortexM3\ARM_GCC_441\Debug\DanaTucker.a(CyLib.o)
 .text.CyIMO_SetSource
                0x00000000       0xb8 .\CortexM3\ARM_GCC_441\Debug\DanaTucker.a(CyLib.o)
 .text.CyIMO_EnableDoubler
                0x00000000       0x28 .\CortexM3\ARM_GCC_441\Debug\DanaTucker.a(CyLib.o)
 .text.CyIMO_DisableDoubler
                0x00000000       0x24 .\CortexM3\ARM_GCC_441\Debug\DanaTucker.a(CyLib.o)
 .text.CyMasterClk_SetSource
                0x00000000       0x3c .\CortexM3\ARM_GCC_441\Debug\DanaTucker.a(CyLib.o)
 .text.CyMasterClk_SetDivider
                0x00000000       0x20 .\CortexM3\ARM_GCC_441\Debug\DanaTucker.a(CyLib.o)
 .text.CyBusClk_Internal_SetDivider
                0x00000000       0x9c .\CortexM3\ARM_GCC_441\Debug\DanaTucker.a(CyLib.o)
 .text.CyBusClk_SetDivider
                0x00000000       0xcc .\CortexM3\ARM_GCC_441\Debug\DanaTucker.a(CyLib.o)
 .text.CyUsbClk_SetSource
                0x00000000       0x3c .\CortexM3\ARM_GCC_441\Debug\DanaTucker.a(CyLib.o)
 .text.CyILO_Start1K
                0x00000000       0x28 .\CortexM3\ARM_GCC_441\Debug\DanaTucker.a(CyLib.o)
 .text.CyILO_Stop1K
                0x00000000       0x24 .\CortexM3\ARM_GCC_441\Debug\DanaTucker.a(CyLib.o)
 .text.CyILO_Start100K
                0x00000000       0x28 .\CortexM3\ARM_GCC_441\Debug\DanaTucker.a(CyLib.o)
 .text.CyILO_Stop100K
                0x00000000       0x24 .\CortexM3\ARM_GCC_441\Debug\DanaTucker.a(CyLib.o)
 .text.CyILO_Enable33K
                0x00000000       0x28 .\CortexM3\ARM_GCC_441\Debug\DanaTucker.a(CyLib.o)
 .text.CyILO_Disable33K
                0x00000000       0x24 .\CortexM3\ARM_GCC_441\Debug\DanaTucker.a(CyLib.o)
 .text.CyILO_SetSource
                0x00000000       0x44 .\CortexM3\ARM_GCC_441\Debug\DanaTucker.a(CyLib.o)
 .text.CyILO_SetPowerMode
                0x00000000       0x58 .\CortexM3\ARM_GCC_441\Debug\DanaTucker.a(CyLib.o)
 .text.CyXTAL_32KHZ_Start
                0x00000000       0xa4 .\CortexM3\ARM_GCC_441\Debug\DanaTucker.a(CyLib.o)
 .text.CyXTAL_32KHZ_Stop
                0x00000000       0x60 .\CortexM3\ARM_GCC_441\Debug\DanaTucker.a(CyLib.o)
 .text.CyXTAL_32KHZ_ReadStatus
                0x00000000       0x1c .\CortexM3\ARM_GCC_441\Debug\DanaTucker.a(CyLib.o)
 .text.CyXTAL_32KHZ_SetPowerMode
                0x00000000       0xf8 .\CortexM3\ARM_GCC_441\Debug\DanaTucker.a(CyLib.o)
 .text.CyXTAL_Start
                0x00000000      0x100 .\CortexM3\ARM_GCC_441\Debug\DanaTucker.a(CyLib.o)
 .text.CyXTAL_Stop
                0x00000000       0x24 .\CortexM3\ARM_GCC_441\Debug\DanaTucker.a(CyLib.o)
 .text.CyXTAL_EnableErrStatus
                0x00000000       0x24 .\CortexM3\ARM_GCC_441\Debug\DanaTucker.a(CyLib.o)
 .text.CyXTAL_DisableErrStatus
                0x00000000       0x28 .\CortexM3\ARM_GCC_441\Debug\DanaTucker.a(CyLib.o)
 .text.CyXTAL_ReadStatus
                0x00000000       0x28 .\CortexM3\ARM_GCC_441\Debug\DanaTucker.a(CyLib.o)
 .text.CyXTAL_EnableFaultRecovery
                0x00000000       0x28 .\CortexM3\ARM_GCC_441\Debug\DanaTucker.a(CyLib.o)
 .text.CyXTAL_DisableFaultRecovery
                0x00000000       0x24 .\CortexM3\ARM_GCC_441\Debug\DanaTucker.a(CyLib.o)
 .text.CyXTAL_SetStartup
                0x00000000       0x3c .\CortexM3\ARM_GCC_441\Debug\DanaTucker.a(CyLib.o)
 .text.CyXTAL_SetFbVoltage
                0x00000000       0x3c .\CortexM3\ARM_GCC_441\Debug\DanaTucker.a(CyLib.o)
 .text.CyXTAL_SetWdVoltage
                0x00000000       0x44 .\CortexM3\ARM_GCC_441\Debug\DanaTucker.a(CyLib.o)
 .text.CyHalt   0x00000000       0x18 .\CortexM3\ARM_GCC_441\Debug\DanaTucker.a(CyLib.o)
 .text.CySoftwareReset
                0x00000000       0x18 .\CortexM3\ARM_GCC_441\Debug\DanaTucker.a(CyLib.o)
 .text.CyDelayFreq
                0x00000000       0xac .\CortexM3\ARM_GCC_441\Debug\DanaTucker.a(CyLib.o)
 .text.CyWdtStart
                0x00000000       0xc4 .\CortexM3\ARM_GCC_441\Debug\DanaTucker.a(CyLib.o)
 .text.CyWdtClear
                0x00000000       0x18 .\CortexM3\ARM_GCC_441\Debug\DanaTucker.a(CyLib.o)
 .text.CyVdLvDigitEnable
                0x00000000       0xec .\CortexM3\ARM_GCC_441\Debug\DanaTucker.a(CyLib.o)
 .text.CyVdLvAnalogEnable
                0x00000000       0xf4 .\CortexM3\ARM_GCC_441\Debug\DanaTucker.a(CyLib.o)
 .text.CyVdLvDigitDisable
                0x00000000       0x54 .\CortexM3\ARM_GCC_441\Debug\DanaTucker.a(CyLib.o)
 .text.CyVdLvAnalogDisable
                0x00000000       0x54 .\CortexM3\ARM_GCC_441\Debug\DanaTucker.a(CyLib.o)
 .text.CyVdHvAnalogEnable
                0x00000000       0x78 .\CortexM3\ARM_GCC_441\Debug\DanaTucker.a(CyLib.o)
 .text.CyVdHvAnalogDisable
                0x00000000       0x24 .\CortexM3\ARM_GCC_441\Debug\DanaTucker.a(CyLib.o)
 .text.CyVdStickyStatus
                0x00000000       0x48 .\CortexM3\ARM_GCC_441\Debug\DanaTucker.a(CyLib.o)
 .text.CyVdRealTimeStatus
                0x00000000       0x30 .\CortexM3\ARM_GCC_441\Debug\DanaTucker.a(CyLib.o)
 .text.CyDisableInts
                0x00000000       0x3c .\CortexM3\ARM_GCC_441\Debug\DanaTucker.a(CyLib.o)
 .text.CyEnableInts
                0x00000000       0x2c .\CortexM3\ARM_GCC_441\Debug\DanaTucker.a(CyLib.o)
 .text.CyFlushCache
                0x00000000       0x7c .\CortexM3\ARM_GCC_441\Debug\DanaTucker.a(CyLib.o)
 .text.CyIntSetSysVector
                0x00000000       0x58 .\CortexM3\ARM_GCC_441\Debug\DanaTucker.a(CyLib.o)
 .text.CyIntGetSysVector
                0x00000000       0x40 .\CortexM3\ARM_GCC_441\Debug\DanaTucker.a(CyLib.o)
 .text.CyIntSetVector
                0x00000000       0x60 .\CortexM3\ARM_GCC_441\Debug\DanaTucker.a(CyLib.o)
 .text.CyIntGetVector
                0x00000000       0x44 .\CortexM3\ARM_GCC_441\Debug\DanaTucker.a(CyLib.o)
 .text.CyIntSetPriority
                0x00000000       0x4c .\CortexM3\ARM_GCC_441\Debug\DanaTucker.a(CyLib.o)
 .text.CyIntGetPriority
                0x00000000       0x3c .\CortexM3\ARM_GCC_441\Debug\DanaTucker.a(CyLib.o)
 .text.CyIntGetState
                0x00000000       0x40 .\CortexM3\ARM_GCC_441\Debug\DanaTucker.a(CyLib.o)
 .text          0x00000000        0x0 .\CortexM3\ARM_GCC_441\Debug\DanaTucker.a(cyPm.o)
 .data          0x00000000        0x0 .\CortexM3\ARM_GCC_441\Debug\DanaTucker.a(cyPm.o)
 .bss           0x00000000       0x44 .\CortexM3\ARM_GCC_441\Debug\DanaTucker.a(cyPm.o)
 .rodata        0x00000000       0x10 .\CortexM3\ARM_GCC_441\Debug\DanaTucker.a(cyPm.o)
 .text.CyPmSaveClocks
                0x00000000      0x350 .\CortexM3\ARM_GCC_441\Debug\DanaTucker.a(cyPm.o)
 .text.CyPmRestoreClocks
                0x00000000      0x3f8 .\CortexM3\ARM_GCC_441\Debug\DanaTucker.a(cyPm.o)
 .text.CyPmAltAct
                0x00000000      0x110 .\CortexM3\ARM_GCC_441\Debug\DanaTucker.a(cyPm.o)
 .text.CyPmSleep
                0x00000000      0x218 .\CortexM3\ARM_GCC_441\Debug\DanaTucker.a(cyPm.o)
 .text.CyPmHibernate
                0x00000000      0x1ec .\CortexM3\ARM_GCC_441\Debug\DanaTucker.a(cyPm.o)
 .text.CyPmReadStatus
                0x00000000       0x7c .\CortexM3\ARM_GCC_441\Debug\DanaTucker.a(cyPm.o)
 .text.CyPmHibSaveSet
                0x00000000      0x12c .\CortexM3\ARM_GCC_441\Debug\DanaTucker.a(cyPm.o)
 .text.CyPmHibRestore
                0x00000000       0x94 .\CortexM3\ARM_GCC_441\Debug\DanaTucker.a(cyPm.o)
 .text.CyPmCtwSetInterval
                0x00000000       0xd8 .\CortexM3\ARM_GCC_441\Debug\DanaTucker.a(cyPm.o)
 .text.CyPmOppsSet
                0x00000000       0x54 .\CortexM3\ARM_GCC_441\Debug\DanaTucker.a(cyPm.o)
 .text.CyPmFtwSetInterval
                0x00000000       0xdc .\CortexM3\ARM_GCC_441\Debug\DanaTucker.a(cyPm.o)
 .text.CyPmSlpSaveSet
                0x00000000        0xc .\CortexM3\ARM_GCC_441\Debug\DanaTucker.a(cyPm.o)
 .text.CyPmSlpRestore
                0x00000000        0xc .\CortexM3\ARM_GCC_441\Debug\DanaTucker.a(cyPm.o)
 .text.CyPmHibSlpSaveSet
                0x00000000      0x454 .\CortexM3\ARM_GCC_441\Debug\DanaTucker.a(cyPm.o)
 .text.CyPmHibSlpRestore
                0x00000000      0x270 .\CortexM3\ARM_GCC_441\Debug\DanaTucker.a(cyPm.o)
 .text.CyPmHviLviSaveDisable
                0x00000000      0x134 .\CortexM3\ARM_GCC_441\Debug\DanaTucker.a(cyPm.o)
 .text.CyPmHviLviRestore
                0x00000000       0x7c .\CortexM3\ARM_GCC_441\Debug\DanaTucker.a(cyPm.o)
 .text          0x00000000        0x0 .\CortexM3\ARM_GCC_441\Debug\DanaTucker.a(cyfitter_cfg.o)
 .data          0x00000000        0x0 .\CortexM3\ARM_GCC_441\Debug\DanaTucker.a(cyfitter_cfg.o)
 .bss           0x00000000        0x0 .\CortexM3\ARM_GCC_441\Debug\DanaTucker.a(cyfitter_cfg.o)
 .text.CYCONFIGCPYCODE
                0x00000000       0x20 .\CortexM3\ARM_GCC_441\Debug\DanaTucker.a(cyfitter_cfg.o)
 .text.SetAnalogRoutingPumps
                0x00000000       0x30 .\CortexM3\ARM_GCC_441\Debug\DanaTucker.a(cyfitter_cfg.o)
 .data          0x00000000        0x0 .\CortexM3\ARM_GCC_441\Debug\DanaTucker.a(CyBootAsmGnu.o)
 .bss           0x00000000        0x0 .\CortexM3\ARM_GCC_441\Debug\DanaTucker.a(CyBootAsmGnu.o)
 .text          0x00000000        0x0 .\CortexM3\ARM_GCC_441\Debug\DanaTucker.a(CyFlash.o)
 .data          0x00000000        0x0 .\CortexM3\ARM_GCC_441\Debug\DanaTucker.a(CyFlash.o)
 .bss           0x00000000        0x4 .\CortexM3\ARM_GCC_441\Debug\DanaTucker.a(CyFlash.o)
 .text.CyFlash_Start
                0x00000000       0x48 .\CortexM3\ARM_GCC_441\Debug\DanaTucker.a(CyFlash.o)
 .text.CyFlash_Stop
                0x00000000       0x40 .\CortexM3\ARM_GCC_441\Debug\DanaTucker.a(CyFlash.o)
 .text.CySetTempInt
                0x00000000       0x90 .\CortexM3\ARM_GCC_441\Debug\DanaTucker.a(CyFlash.o)
 .text.CySetTemp
                0x00000000       0x28 .\CortexM3\ARM_GCC_441\Debug\DanaTucker.a(CyFlash.o)
 .text.CySetFlashEEBuffer
                0x00000000       0x50 .\CortexM3\ARM_GCC_441\Debug\DanaTucker.a(CyFlash.o)
 .text.CyWriteRowData
                0x00000000       0xac .\CortexM3\ARM_GCC_441\Debug\DanaTucker.a(CyFlash.o)
 .text.CyWriteRowFull
                0x00000000      0x124 .\CortexM3\ARM_GCC_441\Debug\DanaTucker.a(CyFlash.o)
 .text.CyFlash_SetWaitCycles
                0x00000000       0xc4 .\CortexM3\ARM_GCC_441\Debug\DanaTucker.a(CyFlash.o)
 .text.CyEEPROM_Start
                0x00000000       0x44 .\CortexM3\ARM_GCC_441\Debug\DanaTucker.a(CyFlash.o)
 .text.CyEEPROM_Stop
                0x00000000       0x40 .\CortexM3\ARM_GCC_441\Debug\DanaTucker.a(CyFlash.o)
 .text.CyEEPROM_ReadReserve
                0x00000000       0x3c .\CortexM3\ARM_GCC_441\Debug\DanaTucker.a(CyFlash.o)
 .text.CyEEPROM_ReadRelease
                0x00000000       0x20 .\CortexM3\ARM_GCC_441\Debug\DanaTucker.a(CyFlash.o)
 COMMON         0x00000000        0x2 .\CortexM3\ARM_GCC_441\Debug\DanaTucker.a(CyFlash.o)
 .text          0x00000000        0x0 .\CortexM3\ARM_GCC_441\Debug\DanaTucker.a(CySpc.o)
 .data          0x00000000        0x0 .\CortexM3\ARM_GCC_441\Debug\DanaTucker.a(CySpc.o)
 .bss           0x00000000        0x2 .\CortexM3\ARM_GCC_441\Debug\DanaTucker.a(CySpc.o)
 .text.CySpcStart
                0x00000000       0x58 .\CortexM3\ARM_GCC_441\Debug\DanaTucker.a(CySpc.o)
 .text.CySpcStop
                0x00000000       0x54 .\CortexM3\ARM_GCC_441\Debug\DanaTucker.a(CySpc.o)
 .text.CySpcReadData
                0x00000000       0x64 .\CortexM3\ARM_GCC_441\Debug\DanaTucker.a(CySpc.o)
 .text.CySpcLoadMultiByte
                0x00000000      0x118 .\CortexM3\ARM_GCC_441\Debug\DanaTucker.a(CySpc.o)
 .text.CySpcLoadRow
                0x00000000       0xbc .\CortexM3\ARM_GCC_441\Debug\DanaTucker.a(CySpc.o)
 .text.CySpcWriteRow
                0x00000000       0xcc .\CortexM3\ARM_GCC_441\Debug\DanaTucker.a(CySpc.o)
 .text.CySpcEraseSector
                0x00000000       0x9c .\CortexM3\ARM_GCC_441\Debug\DanaTucker.a(CySpc.o)
 .text.CySpcGetTemp
                0x00000000       0x8c .\CortexM3\ARM_GCC_441\Debug\DanaTucker.a(CySpc.o)
 .text.CySpcLock
                0x00000000       0x8c .\CortexM3\ARM_GCC_441\Debug\DanaTucker.a(CySpc.o)
 .text.CySpcUnlock
                0x00000000       0x68 .\CortexM3\ARM_GCC_441\Debug\DanaTucker.a(CySpc.o)
 .data          0x00000000        0x0 c:/program files/cypress/psoc creator/2.2/psoc creator/import/gnu_cs/arm/4.4.1/bin/../lib/gcc/arm-none-eabi/4.4.1/../../../../arm-none-eabi/lib/thumb2\libc.a(lib_a-memcpy.o)
 .bss           0x00000000        0x0 c:/program files/cypress/psoc creator/2.2/psoc creator/import/gnu_cs/arm/4.4.1/bin/../lib/gcc/arm-none-eabi/4.4.1/../../../../arm-none-eabi/lib/thumb2\libc.a(lib_a-memcpy.o)
 .data          0x00000000        0x0 c:/program files/cypress/psoc creator/2.2/psoc creator/import/gnu_cs/arm/4.4.1/bin/../lib/gcc/arm-none-eabi/4.4.1/../../../../arm-none-eabi/lib/thumb2\libc.a(lib_a-memset.o)
 .bss           0x00000000        0x0 c:/program files/cypress/psoc creator/2.2/psoc creator/import/gnu_cs/arm/4.4.1/bin/../lib/gcc/arm-none-eabi/4.4.1/../../../../arm-none-eabi/lib/thumb2\libc.a(lib_a-memset.o)
 .text          0x00000000        0x0 c:/program files/cypress/psoc creator/2.2/psoc creator/import/gnu_cs/arm/4.4.1/bin/../lib/gcc/arm-none-eabi/4.4.1/thumb2/crtend.o
 .data          0x00000000        0x0 c:/program files/cypress/psoc creator/2.2/psoc creator/import/gnu_cs/arm/4.4.1/bin/../lib/gcc/arm-none-eabi/4.4.1/thumb2/crtend.o
 .bss           0x00000000        0x0 c:/program files/cypress/psoc creator/2.2/psoc creator/import/gnu_cs/arm/4.4.1/bin/../lib/gcc/arm-none-eabi/4.4.1/thumb2/crtend.o
 .text          0x00000000        0x0 c:/program files/cypress/psoc creator/2.2/psoc creator/import/gnu_cs/arm/4.4.1/bin/../lib/gcc/arm-none-eabi/4.4.1/thumb2/crtn.o
 .data          0x00000000        0x0 c:/program files/cypress/psoc creator/2.2/psoc creator/import/gnu_cs/arm/4.4.1/bin/../lib/gcc/arm-none-eabi/4.4.1/thumb2/crtn.o
 .bss           0x00000000        0x0 c:/program files/cypress/psoc creator/2.2/psoc creator/import/gnu_cs/arm/4.4.1/bin/../lib/gcc/arm-none-eabi/4.4.1/thumb2/crtn.o
 .data          0x00000000        0x0 c:/program files/cypress/psoc creator/2.2/psoc creator/import/gnu_cs/arm/4.4.1/bin/../lib/gcc/arm-none-eabi/4.4.1/../../../../arm-none-eabi/lib/thumb2\libcs3.a(start_c.o)
 .bss           0x00000000        0x0 c:/program files/cypress/psoc creator/2.2/psoc creator/import/gnu_cs/arm/4.4.1/bin/../lib/gcc/arm-none-eabi/4.4.1/../../../../arm-none-eabi/lib/thumb2\libcs3.a(start_c.o)
 .data          0x00000000        0x0 c:/program files/cypress/psoc creator/2.2/psoc creator/import/gnu_cs/arm/4.4.1/bin/../lib/gcc/arm-none-eabi/4.4.1/../../../../arm-none-eabi/lib/thumb2\libcs3micro.a(micro_isr_interrupt.o)
 .bss           0x00000000        0x0 c:/program files/cypress/psoc creator/2.2/psoc creator/import/gnu_cs/arm/4.4.1/bin/../lib/gcc/arm-none-eabi/4.4.1/../../../../arm-none-eabi/lib/thumb2\libcs3micro.a(micro_isr_interrupt.o)
 .data          0x00000000        0x0 c:/program files/cypress/psoc creator/2.2/psoc creator/import/gnu_cs/arm/4.4.1/bin/../lib/gcc/arm-none-eabi/4.4.1/../../../../arm-none-eabi/lib/thumb2\libc.a(lib_a-init.o)
 .bss           0x00000000        0x0 c:/program files/cypress/psoc creator/2.2/psoc creator/import/gnu_cs/arm/4.4.1/bin/../lib/gcc/arm-none-eabi/4.4.1/../../../../arm-none-eabi/lib/thumb2\libc.a(lib_a-init.o)

Memory Configuration

Name             Origin             Length             Attributes
rom              0x00000000         0x00040000         xr
ram              0x1fff8000         0x0000b000         xrw
*default*        0x00000000         0xffffffff

Linker script and memory map

LOAD c:/program files/cypress/psoc creator/2.2/psoc creator/import/gnu_cs/arm/4.4.1/bin/../lib/gcc/arm-none-eabi/4.4.1/thumb2/crti.o
LOAD c:/program files/cypress/psoc creator/2.2/psoc creator/import/gnu_cs/arm/4.4.1/bin/../lib/gcc/arm-none-eabi/4.4.1/thumb2/crtbegin.o
START GROUP
LOAD .\CortexM3\ARM_GCC_441\Debug\main.o
LOAD .\CortexM3\ARM_GCC_441\Debug\matrix.o
LOAD .\CortexM3\ARM_GCC_441\Debug\display.o
LOAD .\CortexM3\ARM_GCC_441\Debug\Cm3Start.o
LOAD .\CortexM3\ARM_GCC_441\Debug\DanaTucker.a
LOAD C:\Program Files\Cypress\PSoC Creator\2.2\PSoC Creator\psoc\content\cycomponentlibrary\CyComponentLibrary.cylib\CortexM3\ARM_GCC_441\Debug\CyComponentLibrary.a
END GROUP
START GROUP
LOAD c:/program files/cypress/psoc creator/2.2/psoc creator/import/gnu_cs/arm/4.4.1/bin/../lib/gcc/arm-none-eabi/4.4.1/thumb2\libgcc.a
LOAD c:/program files/cypress/psoc creator/2.2/psoc creator/import/gnu_cs/arm/4.4.1/bin/../lib/gcc/arm-none-eabi/4.4.1/../../../../arm-none-eabi/lib/thumb2\libc.a
END GROUP
LOAD c:/program files/cypress/psoc creator/2.2/psoc creator/import/gnu_cs/arm/4.4.1/bin/../lib/gcc/arm-none-eabi/4.4.1/thumb2/crtend.o
LOAD c:/program files/cypress/psoc creator/2.2/psoc creator/import/gnu_cs/arm/4.4.1/bin/../lib/gcc/arm-none-eabi/4.4.1/thumb2/crtn.o
START GROUP
LOAD c:/program files/cypress/psoc creator/2.2/psoc creator/import/gnu_cs/arm/4.4.1/bin/../lib/gcc/arm-none-eabi/4.4.1/thumb2\libgcc.a
LOAD c:/program files/cypress/psoc creator/2.2/psoc creator/import/gnu_cs/arm/4.4.1/bin/../lib/gcc/arm-none-eabi/4.4.1/../../../../arm-none-eabi/lib/thumb2\libc.a
LOAD c:/program files/cypress/psoc creator/2.2/psoc creator/import/gnu_cs/arm/4.4.1/bin/../lib/gcc/arm-none-eabi/4.4.1/../../../../arm-none-eabi/lib/thumb2\libcs3.a
LOAD c:/program files/cypress/psoc creator/2.2/psoc creator/import/gnu_cs/arm/4.4.1/bin/../lib/gcc/arm-none-eabi/4.4.1/../../../../arm-none-eabi/lib/thumb2\libcs3unhosted.a
LOAD c:/program files/cypress/psoc creator/2.2/psoc creator/import/gnu_cs/arm/4.4.1/bin/../lib/gcc/arm-none-eabi/4.4.1/../../../../arm-none-eabi/lib/thumb2\libcs3micro.a
END GROUP
                0x1fff8168                PROVIDE (__cs3_heap_start, _end)
                0x00000001                PROVIDE (__cs3_region_num, ((__cs3_regions_end - __cs3_regions) / 0x14))
                0x20008000                PROVIDE (__cs3_stack, 0x20008000)
                0x20004000                PROVIDE (__cs3_heap_end, (__cs3_stack - 0x4000))

.text           0x00000000     0x1b78
 CREATE_OBJECT_SYMBOLS
                0x00000000                PROVIDE (__cs3_interrupt_vector, RomVectors)
 *(.romvectors)
 .romvectors    0x00000000       0x10 .\CortexM3\ARM_GCC_441\Debug\Cm3Start.o
                0x00000000                RomVectors
 *(.cs3.interrupt_vector)
                0x00000001                ASSERT ((. != __cs3_interrupt_vector), No interrupt vector)
                0x0000089c                PROVIDE (__cs3_reset, Reset)
 *(.cs3.reset)
                0x00000001                ASSERT ((. != __cs3_reset), No reset code)
 *(.dma_init)
                0x00000001                ASSERT ((((0x0 + .) <= 0x10000) || 0x1), DMA Init must be within the first 64k of flash)
 *(.text.cs3.init)
 .text.cs3.init
                0x00000010       0x5c c:/program files/cypress/psoc creator/2.2/psoc creator/import/gnu_cs/arm/4.4.1/bin/../lib/gcc/arm-none-eabi/4.4.1/../../../../arm-none-eabi/lib/thumb2\libcs3.a(start_c.o)
                0x00000010                __cs3_start_c
 *(.text .text.* .gnu.linkonce.t.*)
 .text          0x0000006c       0x30 c:/program files/cypress/psoc creator/2.2/psoc creator/import/gnu_cs/arm/4.4.1/bin/../lib/gcc/arm-none-eabi/4.4.1/thumb2/crtbegin.o
 .text.refresh  0x0000009c       0x14 .\CortexM3\ARM_GCC_441\Debug\main.o
                0x0000009c                refresh
 .text.clear_display
                0x000000b0       0x58 .\CortexM3\ARM_GCC_441\Debug\main.o
                0x000000b0                clear_display
 .text.initialize
                0x00000108       0x70 .\CortexM3\ARM_GCC_441\Debug\main.o
                0x00000108                initialize
 .text.main     0x00000178      0x140 .\CortexM3\ARM_GCC_441\Debug\main.o
                0x00000178                main
 .text.matrix_refresh
                0x000002b8      0x104 .\CortexM3\ARM_GCC_441\Debug\matrix.o
                0x000002b8                matrix_refresh
 .text.matrix_illuminate
                0x000003bc      0x228 .\CortexM3\ARM_GCC_441\Debug\matrix.o
                0x000003bc                matrix_illuminate
 .text.matrix_deluminate
                0x000005e4       0x70 .\CortexM3\ARM_GCC_441\Debug\matrix.o
                0x000005e4                matrix_deluminate
 .text.matrix_test
                0x00000654      0x1b0 .\CortexM3\ARM_GCC_441\Debug\matrix.o
                0x00000654                matrix_test
 .text.LCD_ClearLine
                0x00000804       0x38 .\CortexM3\ARM_GCC_441\Debug\display.o
                0x00000804                LCD_ClearLine
 .text.LCD_UpdateStatus
                0x0000083c       0x2c .\CortexM3\ARM_GCC_441\Debug\display.o
                0x0000083c                LCD_UpdateStatus
 .text.LCD_UpdateMessage
                0x00000868       0x2c .\CortexM3\ARM_GCC_441\Debug\display.o
                0x00000868                LCD_UpdateMessage
 .text.IntDefaultHandler
                0x00000894        0x8 .\CortexM3\ARM_GCC_441\Debug\Cm3Start.o
                0x00000894                IntDefaultHandler
 .text.Reset    0x0000089c       0x24 .\CortexM3\ARM_GCC_441\Debug\Cm3Start.o
                0x0000089c                Reset
 .text.initialize_psoc
                0x000008c0       0xb4 .\CortexM3\ARM_GCC_441\Debug\Cm3Start.o
                0x000008c0                initialize_psoc
 .text.LCD_Init
                0x00000974       0x90 .\CortexM3\ARM_GCC_441\Debug\DanaTucker.a(LCD.o)
                0x00000974                LCD_Init
 .text.LCD_Enable
                0x00000a04       0x1c .\CortexM3\ARM_GCC_441\Debug\DanaTucker.a(LCD.o)
                0x00000a04                LCD_Enable
 .text.LCD_Start
                0x00000a20       0x2c .\CortexM3\ARM_GCC_441\Debug\DanaTucker.a(LCD.o)
                0x00000a20                LCD_Start
 .text.LCD_Position
                0x00000a4c       0x74 .\CortexM3\ARM_GCC_441\Debug\DanaTucker.a(LCD.o)
                0x00000a4c                LCD_Position
 .text.LCD_PrintString
                0x00000ac0       0x40 .\CortexM3\ARM_GCC_441\Debug\DanaTucker.a(LCD.o)
                0x00000ac0                LCD_PrintString
 .text.LCD_PutChar
                0x00000b00       0x1c .\CortexM3\ARM_GCC_441\Debug\DanaTucker.a(LCD.o)
                0x00000b00                LCD_PutChar
 .text.LCD_WriteData
                0x00000b1c       0x38 .\CortexM3\ARM_GCC_441\Debug\DanaTucker.a(LCD.o)
                0x00000b1c                LCD_WriteData
 .text.LCD_WriteControl
                0x00000b54       0x38 .\CortexM3\ARM_GCC_441\Debug\DanaTucker.a(LCD.o)
                0x00000b54                LCD_WriteControl
 .text.LCD_IsReady
                0x00000b8c      0x1fc .\CortexM3\ARM_GCC_441\Debug\DanaTucker.a(LCD.o)
                0x00000b8c                LCD_IsReady
 .text.LCD_WrDatNib
                0x00000d88       0xac .\CortexM3\ARM_GCC_441\Debug\DanaTucker.a(LCD.o)
 .text.LCD_WrCntrlNib
                0x00000e34       0x8c .\CortexM3\ARM_GCC_441\Debug\DanaTucker.a(LCD.o)
 .text.LCD_PrintInt8
                0x00000ec0       0x44 .\CortexM3\ARM_GCC_441\Debug\DanaTucker.a(LCD.o)
                0x00000ec0                LCD_PrintInt8
 .text.LCD_PrintNumber
                0x00000f04      0x110 .\CortexM3\ARM_GCC_441\Debug\DanaTucker.a(LCD.o)
                0x00000f04                LCD_PrintNumber
 .text.Beam_StartEx
                0x00001014       0x28 .\CortexM3\ARM_GCC_441\Debug\DanaTucker.a(Beam.o)
                0x00001014                Beam_StartEx
 .text.Beam_SetVector
                0x0000103c       0x28 .\CortexM3\ARM_GCC_441\Debug\DanaTucker.a(Beam.o)
                0x0000103c                Beam_SetVector
 .text.Beam_SetPriority
                0x00001064       0x28 .\CortexM3\ARM_GCC_441\Debug\DanaTucker.a(Beam.o)
                0x00001064                Beam_SetPriority
 .text.Beam_Enable
                0x0000108c       0x18 .\CortexM3\ARM_GCC_441\Debug\DanaTucker.a(Beam.o)
                0x0000108c                Beam_Enable
 .text.Beam_Disable
                0x000010a4       0x18 .\CortexM3\ARM_GCC_441\Debug\DanaTucker.a(Beam.o)
                0x000010a4                Beam_Disable
 .text.Row_Write
                0x000010bc       0x44 .\CortexM3\ARM_GCC_441\Debug\DanaTucker.a(Row.o)
                0x000010bc                Row_Write
 .text.Red_Write
                0x00001100       0x44 .\CortexM3\ARM_GCC_441\Debug\DanaTucker.a(Red.o)
                0x00001100                Red_Write
 .text.Green_Write
                0x00001144       0x44 .\CortexM3\ARM_GCC_441\Debug\DanaTucker.a(Green.o)
                0x00001144                Green_Write
 .text.Blue_Write
                0x00001188       0x40 .\CortexM3\ARM_GCC_441\Debug\DanaTucker.a(Blue.o)
                0x00001188                Blue_Write
 .text.Shifter_Write
                0x000011c8       0x44 .\CortexM3\ARM_GCC_441\Debug\DanaTucker.a(Shifter.o)
                0x000011c8                Shifter_Write
 .text.Colors_Write
                0x0000120c       0x44 .\CortexM3\ARM_GCC_441\Debug\DanaTucker.a(Colors.o)
                0x0000120c                Colors_Write
 .text.Timer_Init
                0x00001250       0xdc .\CortexM3\ARM_GCC_441\Debug\DanaTucker.a(Timer.o)
                0x00001250                Timer_Init
 .text.Timer_Enable
                0x0000132c       0x60 .\CortexM3\ARM_GCC_441\Debug\DanaTucker.a(Timer.o)
                0x0000132c                Timer_Enable
 .text.Timer_Start
                0x0000138c       0x2c .\CortexM3\ARM_GCC_441\Debug\DanaTucker.a(Timer.o)
                0x0000138c                Timer_Start
 .text.Timer_SetInterruptMode
                0x000013b8       0x20 .\CortexM3\ARM_GCC_441\Debug\DanaTucker.a(Timer.o)
                0x000013b8                Timer_SetInterruptMode
 .text.Timer_WritePeriod
                0x000013d8       0x24 .\CortexM3\ARM_GCC_441\Debug\DanaTucker.a(Timer.o)
                0x000013d8                Timer_WritePeriod
 .text.Timer_WriteCounter
                0x000013fc       0x20 .\CortexM3\ARM_GCC_441\Debug\DanaTucker.a(Timer.o)
                0x000013fc                Timer_WriteCounter
 .text.CyDelay  0x0000141c       0x48 .\CortexM3\ARM_GCC_441\Debug\DanaTucker.a(CyLib.o)
                0x0000141c                CyDelay
 .text.CyDelayUs
                0x00001464       0x28 .\CortexM3\ARM_GCC_441\Debug\DanaTucker.a(CyLib.o)
                0x00001464                CyDelayUs
 .text.CYMEMZERO
                0x0000148c       0x20 .\CortexM3\ARM_GCC_441\Debug\DanaTucker.a(cyfitter_cfg.o)
 .text.CYCONFIGCPY
                0x000014ac       0x20 .\CortexM3\ARM_GCC_441\Debug\DanaTucker.a(cyfitter_cfg.o)
 .text.cfg_write_bytes32
                0x000014cc       0x84 .\CortexM3\ARM_GCC_441\Debug\DanaTucker.a(cyfitter_cfg.o)
 .text.ClockSetup
                0x00001550      0x10c .\CortexM3\ARM_GCC_441\Debug\DanaTucker.a(cyfitter_cfg.o)
 .text.AnalogSetDefault
                0x0000165c       0x4c .\CortexM3\ARM_GCC_441\Debug\DanaTucker.a(cyfitter_cfg.o)
 .text.cyfitter_cfg
                0x000016a8      0x1c8 .\CortexM3\ARM_GCC_441\Debug\DanaTucker.a(cyfitter_cfg.o)
                0x000016a8                cyfitter_cfg
 .text          0x00001870       0x20 .\CortexM3\ARM_GCC_441\Debug\DanaTucker.a(CyBootAsmGnu.o)
                0x00001870                CyDelayCycles
                0x00001880                CyEnterCriticalSection
                0x00001888                CyExitCriticalSection
 .text          0x00001890      0x190 c:/program files/cypress/psoc creator/2.2/psoc creator/import/gnu_cs/arm/4.4.1/bin/../lib/gcc/arm-none-eabi/4.4.1/../../../../arm-none-eabi/lib/thumb2\libc.a(lib_a-memcpy.o)
                0x00001890                memcpy
 .text          0x00001a20       0xd4 c:/program files/cypress/psoc creator/2.2/psoc creator/import/gnu_cs/arm/4.4.1/bin/../lib/gcc/arm-none-eabi/4.4.1/../../../../arm-none-eabi/lib/thumb2\libc.a(lib_a-memset.o)
                0x00001a20                memset
 .text          0x00001af4       0x30 c:/program files/cypress/psoc creator/2.2/psoc creator/import/gnu_cs/arm/4.4.1/bin/../lib/gcc/arm-none-eabi/4.4.1/../../../../arm-none-eabi/lib/thumb2\libcs3.a(start_c.o)
                0x00001af4                __cs3_premain
 .text          0x00001b24        0x2 c:/program files/cypress/psoc creator/2.2/psoc creator/import/gnu_cs/arm/4.4.1/bin/../lib/gcc/arm-none-eabi/4.4.1/../../../../arm-none-eabi/lib/thumb2\libcs3micro.a(micro_isr_interrupt.o)
                0x00001b24                __cs3_isr_external_24
                0x00001b24                __cs3_isr_external_9
                0x00001b24                __cs3_isr_external_14
                0x00001b24                __cs3_isr_reserved_9
                0x00001b24                __cs3_isr_external_4
                0x00001b24                __cs3_isr_external_21
                0x00001b24                __cs3_isr_external_0
                0x00001b24                __cs3_isr_external_27
                0x00001b24                __cs3_isr_external_11
                0x00001b24                __cs3_isr_usage_fault
                0x00001b24                __cs3_isr_svcall
                0x00001b24                __cs3_isr_external_3
                0x00001b24                __cs3_isr_mpu_fault
                0x00001b24                __cs3_isr_external_16
                0x00001b24                __cs3_isr_pendsv
                0x00001b24                __cs3_isr_external_31
                0x00001b24                __cs3_isr_nmi
                0x00001b24                __cs3_isr_external_5
                0x00001b24                __cs3_isr_external_6
                0x00001b24                __cs3_isr_external_12
                0x00001b24                __cs3_isr_hard_fault
                0x00001b24                __cs3_isr_bus_fault
                0x00001b24                __cs3_isr_external_1
                0x00001b24                __cs3_isr_external_13
                0x00001b24                __cs3_isr_external_30
                0x00001b24                __cs3_isr_external_23
                0x00001b24                __cs3_isr_external_20
                0x00001b24                __cs3_isr_debug
                0x00001b24                __cs3_isr_reserved_13
                0x00001b24                __cs3_isr_external_8
                0x00001b24                __cs3_isr_external_26
                0x00001b24                __cs3_isr_reserved_8
                0x00001b24                __cs3_isr_reserved_7
                0x00001b24                __cs3_isr_external_7
                0x00001b24                __cs3_isr_external_28
                0x00001b24                __cs3_isr_systick
                0x00001b24                __cs3_isr_external_22
                0x00001b24                __cs3_isr_external_10
                0x00001b24                __cs3_isr_external_15
                0x00001b24                __cs3_isr_interrupt
                0x00001b24                __cs3_isr_external_18
                0x00001b24                __cs3_isr_external_29
                0x00001b24                __cs3_isr_external_25
                0x00001b24                __cs3_isr_reserved_10
                0x00001b24                __cs3_isr_external_2
                0x00001b24                __cs3_isr_external_17
                0x00001b24                __cs3_isr_external_19
 *fill*         0x00001b26        0x2 00
 .text          0x00001b28       0x50 c:/program files/cypress/psoc creator/2.2/psoc creator/import/gnu_cs/arm/4.4.1/bin/../lib/gcc/arm-none-eabi/4.4.1/../../../../arm-none-eabi/lib/thumb2\libc.a(lib_a-init.o)
                0x00001b28                __libc_init_array
 *(.plt)
 *(.gnu.warning)
 *(.glue_7t)
 .glue_7t       0x00000000        0x0 linker stubs
 *(.glue_7)
 .glue_7        0x00000000        0x0 linker stubs
 *(.vfp11_veneer)
 .vfp11_veneer  0x00000000        0x0 linker stubs
 *(.bootloader)
 *(.ARM.extab* .gnu.linkonce.armextab.*)
 *(.gcc_except_table)

.v4_bx          0x00001b78        0x0
 .v4_bx         0x00000000        0x0 linker stubs

.eh_frame_hdr
 *(.eh_frame_hdr)

.eh_frame
 *(.eh_frame)
                0x00001b78                PROVIDE (__exidx_start, .)

.ARM.exidx
 *(.ARM.exidx* .gnu.linkonce.armexidx.*)
                0x00001b78                __exidx_end = .

.rodata         0x00001b78      0x6c8
 *(.rodata .rodata.* .gnu.linkonce.r.*)
 .rodata        0x00001b78      0x5c0 .\CortexM3\ARM_GCC_441\Debug\main.o
 .rodata        0x00002138       0x64 .\CortexM3\ARM_GCC_441\Debug\matrix.o
 .rodata        0x0000219c       0x14 .\CortexM3\ARM_GCC_441\Debug\display.o
 .rodata        0x000021b0       0x10 .\CortexM3\ARM_GCC_441\Debug\DanaTucker.a(LCD.o)
 .rodata        0x000021c0       0x44 .\CortexM3\ARM_GCC_441\Debug\DanaTucker.a(cyfitter_cfg.o)
                0x00002204                . = ALIGN (0x4)
 *(.init)
 .init          0x00002204        0x4 c:/program files/cypress/psoc creator/2.2/psoc creator/import/gnu_cs/arm/4.4.1/bin/../lib/gcc/arm-none-eabi/4.4.1/thumb2/crti.o
                0x00002204                _init
 .init          0x00002208        0x8 c:/program files/cypress/psoc creator/2.2/psoc creator/import/gnu_cs/arm/4.4.1/bin/../lib/gcc/arm-none-eabi/4.4.1/thumb2/crtn.o
                0x00002210                . = ALIGN (0x4)
                0x00002210                __preinit_array_start = .
 *(.preinit_array)
                0x00002210                __preinit_array_end = .
                0x00002210                . = ALIGN (0x4)
                0x00002210                __init_array_start = .
 *(SORT(.init_array.*))
 *(.init_array)
 .init_array    0x00002210        0x4 c:/program files/cypress/psoc creator/2.2/psoc creator/import/gnu_cs/arm/4.4.1/bin/../lib/gcc/arm-none-eabi/4.4.1/thumb2/crtbegin.o
 .init_array    0x00002214        0x4 .\CortexM3\ARM_GCC_441\Debug\Cm3Start.o
                0x00002218                __init_array_end = .
                0x00002218                . = ALIGN (0x4)
 *(.fini)
 .fini          0x00002218        0x4 c:/program files/cypress/psoc creator/2.2/psoc creator/import/gnu_cs/arm/4.4.1/bin/../lib/gcc/arm-none-eabi/4.4.1/thumb2/crti.o
                0x00002218                _fini
 .fini          0x0000221c        0x8 c:/program files/cypress/psoc creator/2.2/psoc creator/import/gnu_cs/arm/4.4.1/bin/../lib/gcc/arm-none-eabi/4.4.1/thumb2/crtn.o
                0x00002224                . = ALIGN (0x4)
                0x00002224                __fini_array_start = .
 *(.fini_array)
 .fini_array    0x00002224        0x4 c:/program files/cypress/psoc creator/2.2/psoc creator/import/gnu_cs/arm/4.4.1/bin/../lib/gcc/arm-none-eabi/4.4.1/thumb2/crtbegin.o
 *(SORT(.fini_array.*))
                0x00002228                __fini_array_end = .
                0x00002228                . = ALIGN (0x4)
 *crtbegin.o(.ctors)
 *(EXCLUDE_FILE(*crtend.o) .ctors)
 *(SORT(.ctors.*))
 *crtend.o(.ctors)
                0x00002228                . = ALIGN (0x4)
 *crtbegin.o(.dtors)
 *(EXCLUDE_FILE(*crtend.o) .dtors)
 *(SORT(.dtors.*))
 *crtend.o(.dtors)
                0x00002228                . = ALIGN (0x4)
                0x00002228                __cs3_regions = .
                0x00002228        0x4 LONG 0x0
                0x0000222c        0x4 LONG 0x2240 __cs3_region_init_ram
                0x00002230        0x4 LONG 0x1fff8108 __cs3_region_start_data
                0x00002234        0x4 LONG 0x18 __cs3_region_init_size_ram
                0x00002238        0x4 LONG 0x48 __cs3_region_zero_size_ram
                0x0000223c                __cs3_regions_end = .
                0x00002240                . = ALIGN (0x8)
 *fill*         0x0000223c        0x4 00
                0x00002240                _etext = .

.ramvectors     0x1fff8000      0x100
                0x1fff8000                __cs3_region_start_ram = .
 *(.cs3.region-head.ram)
                0x1fff8001                ASSERT ((. == __cs3_region_start_ram), .cs3.region-head.ram not permitted)
 *(.ramvectors)
 .ramvectors    0x1fff8000      0x100 .\CortexM3\ARM_GCC_441\Debug\Cm3Start.o
                0x1fff8000                CyRamVectors

.noinit         0x1fff8100        0x4
 *(.noinit)
 .noinit        0x1fff8100        0x4 .\CortexM3\ARM_GCC_441\Debug\Cm3Start.o

.data           0x1fff8108       0x18 load address 0x00002240
                0x1fff8108                __cs3_region_start_data = .
 *(.jcr)
 .jcr           0x1fff8108        0x0 c:/program files/cypress/psoc creator/2.2/psoc creator/import/gnu_cs/arm/4.4.1/bin/../lib/gcc/arm-none-eabi/4.4.1/thumb2/crtbegin.o
 .jcr           0x1fff8108        0x4 c:/program files/cypress/psoc creator/2.2/psoc creator/import/gnu_cs/arm/4.4.1/bin/../lib/gcc/arm-none-eabi/4.4.1/thumb2/crtend.o
 *(.got.plt)
 *(.got)
 *(.shdata)
 *(.data .data.* .gnu.linkonce.d.*)
 .data          0x1fff810c        0x4 .\CortexM3\ARM_GCC_441\Debug\matrix.o
                0x1fff810c                rPos
                0x1fff810e                cPos
 .data          0x1fff8110       0x10 .\CortexM3\ARM_GCC_441\Debug\DanaTucker.a(CyLib.o)
                0x1fff8110                cydelay_freq_hz
                0x1fff8114                cydelay_freq_khz
                0x1fff8118                cydelay_freq_mhz
                0x1fff811c                cydelay_32k_ms
                0x1fff8120                . = ALIGN (0x8)
 *(.ram)
                0x1fff8120                _edata = .

.bss            0x1fff8120       0x48 load address 0x00002258
 *(.shbss)
 *(.bss .bss.* .gnu.linkonce.b.*)
 .bss           0x1fff8120        0x1 c:/program files/cypress/psoc creator/2.2/psoc creator/import/gnu_cs/arm/4.4.1/bin/../lib/gcc/arm-none-eabi/4.4.1/thumb2/crtbegin.o
 .bss           0x1fff8121        0x2 .\CortexM3\ARM_GCC_441\Debug\DanaTucker.a(LCD.o)
                0x1fff8121                LCD_enableState
                0x1fff8122                LCD_initVar
 .bss           0x1fff8123        0x1 .\CortexM3\ARM_GCC_441\Debug\DanaTucker.a(Timer.o)
                0x1fff8123                Timer_initVar
 *(COMMON)
 COMMON         0x1fff8124       0x40 .\CortexM3\ARM_GCC_441\Debug\main.o
                0x1fff8124                display
 COMMON         0x1fff8164        0x1 .\CortexM3\ARM_GCC_441\Debug\DanaTucker.a(CyLib.o)
                0x1fff8164                CyResetStatus
                0x1fff8168                . = ALIGN (0x8)
 *fill*         0x1fff8165        0x3 00
 *(.ram.b)
                0x1fff8168                _end = .
                0x1fff8168                __end = .
                0x20003000                __cs3_region_end_ram = (__cs3_region_start_ram + 0xb000)
                0x0000b000                __cs3_region_size_ram = 0xb000
                0x00002240                __cs3_region_init_ram = LOADADDR (.data)
                0x00000018                __cs3_region_init_size_ram = (_edata - ADDR (.data))
                0x00000048                __cs3_region_zero_size_ram = (_end - _edata)

.stab
 *(.stab)

.stabstr
 *(.stabstr)

.debug
 *(.debug)

.line
 *(.line)

.debug_srcinfo
 *(.debug_srcinfo)

.debug_sfnames
 *(.debug_sfnames)

.comment        0x00000000      0x306
 .comment       0x00000000       0x2b .\CortexM3\ARM_GCC_441\Debug\main.o
 .comment       0x0000002b       0x2b .\CortexM3\ARM_GCC_441\Debug\matrix.o
 .comment       0x00000056       0x2b .\CortexM3\ARM_GCC_441\Debug\display.o
 .comment       0x00000081       0x2b .\CortexM3\ARM_GCC_441\Debug\Cm3Start.o
 .comment       0x000000ac       0x2b .\CortexM3\ARM_GCC_441\Debug\DanaTucker.a(LCD.o)
 .comment       0x000000d7       0x2b .\CortexM3\ARM_GCC_441\Debug\DanaTucker.a(Beam.o)
 .comment       0x00000102       0x2b .\CortexM3\ARM_GCC_441\Debug\DanaTucker.a(Row.o)
 .comment       0x0000012d       0x2b .\CortexM3\ARM_GCC_441\Debug\DanaTucker.a(Red.o)
 .comment       0x00000158       0x2b .\CortexM3\ARM_GCC_441\Debug\DanaTucker.a(Green.o)
 .comment       0x00000183       0x2b .\CortexM3\ARM_GCC_441\Debug\DanaTucker.a(Blue.o)
 .comment       0x000001ae       0x2b .\CortexM3\ARM_GCC_441\Debug\DanaTucker.a(Shifter.o)
 .comment       0x000001d9       0x2b .\CortexM3\ARM_GCC_441\Debug\DanaTucker.a(Colors.o)
 .comment       0x00000204       0x2b .\CortexM3\ARM_GCC_441\Debug\DanaTucker.a(Timer.o)
 .comment       0x0000022f       0x2b .\CortexM3\ARM_GCC_441\Debug\DanaTucker.a(CyLib.o)
 .comment       0x0000025a       0x2b .\CortexM3\ARM_GCC_441\Debug\DanaTucker.a(cyPm.o)
 .comment       0x00000285       0x2b .\CortexM3\ARM_GCC_441\Debug\DanaTucker.a(cyfitter_cfg.o)
 .comment       0x000002b0       0x2b .\CortexM3\ARM_GCC_441\Debug\DanaTucker.a(CyFlash.o)
 .comment       0x000002db       0x2b .\CortexM3\ARM_GCC_441\Debug\DanaTucker.a(CySpc.o)

.debug_aranges  0x00000000      0x7d0
 *(.debug_aranges)
 .debug_aranges
                0x00000000       0x38 .\CortexM3\ARM_GCC_441\Debug\main.o
 .debug_aranges
                0x00000038       0x38 .\CortexM3\ARM_GCC_441\Debug\matrix.o
 .debug_aranges
                0x00000070       0x38 .\CortexM3\ARM_GCC_441\Debug\display.o
 .debug_aranges
                0x000000a8       0x30 .\CortexM3\ARM_GCC_441\Debug\Cm3Start.o
 .debug_aranges
                0x000000d8       0x90 .\CortexM3\ARM_GCC_441\Debug\DanaTucker.a(LCD.o)
 .debug_aranges
                0x00000168       0x80 .\CortexM3\ARM_GCC_441\Debug\DanaTucker.a(Beam.o)
 .debug_aranges
                0x000001e8       0x38 .\CortexM3\ARM_GCC_441\Debug\DanaTucker.a(Row.o)
 .debug_aranges
                0x00000220       0x38 .\CortexM3\ARM_GCC_441\Debug\DanaTucker.a(Red.o)
 .debug_aranges
                0x00000258       0x38 .\CortexM3\ARM_GCC_441\Debug\DanaTucker.a(Green.o)
 .debug_aranges
                0x00000290       0x38 .\CortexM3\ARM_GCC_441\Debug\DanaTucker.a(Blue.o)
 .debug_aranges
                0x000002c8       0x38 .\CortexM3\ARM_GCC_441\Debug\DanaTucker.a(Shifter.o)
 .debug_aranges
                0x00000300       0x38 .\CortexM3\ARM_GCC_441\Debug\DanaTucker.a(Colors.o)
 .debug_aranges
                0x00000338       0x88 .\CortexM3\ARM_GCC_441\Debug\DanaTucker.a(Timer.o)
 .debug_aranges
                0x000003c0      0x218 .\CortexM3\ARM_GCC_441\Debug\DanaTucker.a(CyLib.o)
 .debug_aranges
                0x000005d8       0xa0 .\CortexM3\ARM_GCC_441\Debug\DanaTucker.a(cyPm.o)
 .debug_aranges
                0x00000678       0x58 .\CortexM3\ARM_GCC_441\Debug\DanaTucker.a(cyfitter_cfg.o)
 .debug_aranges
                0x000006d0       0x20 .\CortexM3\ARM_GCC_441\Debug\DanaTucker.a(CyBootAsmGnu.o)
 .debug_aranges
                0x000006f0       0x78 .\CortexM3\ARM_GCC_441\Debug\DanaTucker.a(CyFlash.o)
 .debug_aranges
                0x00000768       0x68 .\CortexM3\ARM_GCC_441\Debug\DanaTucker.a(CySpc.o)

.debug_pubnames
                0x00000000      0xf6d
 *(.debug_pubnames)
 .debug_pubnames
                0x00000000       0x54 .\CortexM3\ARM_GCC_441\Debug\main.o
 .debug_pubnames
                0x00000054       0x73 .\CortexM3\ARM_GCC_441\Debug\matrix.o
 .debug_pubnames
                0x000000c7       0x5c .\CortexM3\ARM_GCC_441\Debug\display.o
 .debug_pubnames
                0x00000123       0x66 .\CortexM3\ARM_GCC_441\Debug\Cm3Start.o
 .debug_pubnames
                0x00000189      0x112 .\CortexM3\ARM_GCC_441\Debug\DanaTucker.a(LCD.o)
 .debug_pubnames
                0x0000029b      0x100 .\CortexM3\ARM_GCC_441\Debug\DanaTucker.a(Beam.o)
 .debug_pubnames
                0x0000039b       0x56 .\CortexM3\ARM_GCC_441\Debug\DanaTucker.a(Row.o)
 .debug_pubnames
                0x000003f1       0x56 .\CortexM3\ARM_GCC_441\Debug\DanaTucker.a(Red.o)
 .debug_pubnames
                0x00000447       0x5e .\CortexM3\ARM_GCC_441\Debug\DanaTucker.a(Green.o)
 .debug_pubnames
                0x000004a5       0x5a .\CortexM3\ARM_GCC_441\Debug\DanaTucker.a(Blue.o)
 .debug_pubnames
                0x000004ff       0x66 .\CortexM3\ARM_GCC_441\Debug\DanaTucker.a(Shifter.o)
 .debug_pubnames
                0x00000565       0x62 .\CortexM3\ARM_GCC_441\Debug\DanaTucker.a(Colors.o)
 .debug_pubnames
                0x000005c7      0x160 .\CortexM3\ARM_GCC_441\Debug\DanaTucker.a(Timer.o)
 .debug_pubnames
                0x00000727      0x57a .\CortexM3\ARM_GCC_441\Debug\DanaTucker.a(CyLib.o)
 .debug_pubnames
                0x00000ca1       0xbb .\CortexM3\ARM_GCC_441\Debug\DanaTucker.a(cyPm.o)
 .debug_pubnames
                0x00000d5c       0x3d .\CortexM3\ARM_GCC_441\Debug\DanaTucker.a(cyfitter_cfg.o)
 .debug_pubnames
                0x00000d99      0x104 .\CortexM3\ARM_GCC_441\Debug\DanaTucker.a(CyFlash.o)
 .debug_pubnames
                0x00000e9d       0xd0 .\CortexM3\ARM_GCC_441\Debug\DanaTucker.a(CySpc.o)

.debug_info     0x00000000     0x3308
 *(.debug_info .gnu.linkonce.wi.*)
 .debug_info    0x00000000      0x1b7 .\CortexM3\ARM_GCC_441\Debug\main.o
 .debug_info    0x000001b7      0x28e .\CortexM3\ARM_GCC_441\Debug\matrix.o
 .debug_info    0x00000445      0x170 .\CortexM3\ARM_GCC_441\Debug\display.o
 .debug_info    0x000005b5      0x168 .\CortexM3\ARM_GCC_441\Debug\Cm3Start.o
 .debug_info    0x0000071d      0x3af .\CortexM3\ARM_GCC_441\Debug\DanaTucker.a(LCD.o)
 .debug_info    0x00000acc      0x23b .\CortexM3\ARM_GCC_441\Debug\DanaTucker.a(Beam.o)
 .debug_info    0x00000d07      0x120 .\CortexM3\ARM_GCC_441\Debug\DanaTucker.a(Row.o)
 .debug_info    0x00000e27      0x120 .\CortexM3\ARM_GCC_441\Debug\DanaTucker.a(Red.o)
 .debug_info    0x00000f47      0x120 .\CortexM3\ARM_GCC_441\Debug\DanaTucker.a(Green.o)
 .debug_info    0x00001067      0x120 .\CortexM3\ARM_GCC_441\Debug\DanaTucker.a(Blue.o)
 .debug_info    0x00001187      0x120 .\CortexM3\ARM_GCC_441\Debug\DanaTucker.a(Shifter.o)
 .debug_info    0x000012a7      0x120 .\CortexM3\ARM_GCC_441\Debug\DanaTucker.a(Colors.o)
 .debug_info    0x000013c7      0x253 .\CortexM3\ARM_GCC_441\Debug\DanaTucker.a(Timer.o)
 .debug_info    0x0000161a      0xc71 .\CortexM3\ARM_GCC_441\Debug\DanaTucker.a(CyLib.o)
 .debug_info    0x0000228b      0x5bb .\CortexM3\ARM_GCC_441\Debug\DanaTucker.a(cyPm.o)
 .debug_info    0x00002846      0x36e .\CortexM3\ARM_GCC_441\Debug\DanaTucker.a(cyfitter_cfg.o)
 .debug_info    0x00002bb4       0x81 .\CortexM3\ARM_GCC_441\Debug\DanaTucker.a(CyBootAsmGnu.o)
 .debug_info    0x00002c35      0x334 .\CortexM3\ARM_GCC_441\Debug\DanaTucker.a(CyFlash.o)
 .debug_info    0x00002f69      0x39f .\CortexM3\ARM_GCC_441\Debug\DanaTucker.a(CySpc.o)

.debug_abbrev   0x00000000      0xfc4
 *(.debug_abbrev)
 .debug_abbrev  0x00000000       0xe1 .\CortexM3\ARM_GCC_441\Debug\main.o
 .debug_abbrev  0x000000e1       0xf7 .\CortexM3\ARM_GCC_441\Debug\matrix.o
 .debug_abbrev  0x000001d8       0x92 .\CortexM3\ARM_GCC_441\Debug\display.o
 .debug_abbrev  0x0000026a       0xec .\CortexM3\ARM_GCC_441\Debug\Cm3Start.o
 .debug_abbrev  0x00000356      0x118 .\CortexM3\ARM_GCC_441\Debug\DanaTucker.a(LCD.o)
 .debug_abbrev  0x0000046e       0xe1 .\CortexM3\ARM_GCC_441\Debug\DanaTucker.a(Beam.o)
 .debug_abbrev  0x0000054f       0x85 .\CortexM3\ARM_GCC_441\Debug\DanaTucker.a(Row.o)
 .debug_abbrev  0x000005d4       0x85 .\CortexM3\ARM_GCC_441\Debug\DanaTucker.a(Red.o)
 .debug_abbrev  0x00000659       0x85 .\CortexM3\ARM_GCC_441\Debug\DanaTucker.a(Green.o)
 .debug_abbrev  0x000006de       0x85 .\CortexM3\ARM_GCC_441\Debug\DanaTucker.a(Blue.o)
 .debug_abbrev  0x00000763       0x85 .\CortexM3\ARM_GCC_441\Debug\DanaTucker.a(Shifter.o)
 .debug_abbrev  0x000007e8       0x85 .\CortexM3\ARM_GCC_441\Debug\DanaTucker.a(Colors.o)
 .debug_abbrev  0x0000086d       0xc9 .\CortexM3\ARM_GCC_441\Debug\DanaTucker.a(Timer.o)
 .debug_abbrev  0x00000936      0x182 .\CortexM3\ARM_GCC_441\Debug\DanaTucker.a(CyLib.o)
 .debug_abbrev  0x00000ab8      0x14d .\CortexM3\ARM_GCC_441\Debug\DanaTucker.a(cyPm.o)
 .debug_abbrev  0x00000c05      0x153 .\CortexM3\ARM_GCC_441\Debug\DanaTucker.a(cyfitter_cfg.o)
 .debug_abbrev  0x00000d58       0x14 .\CortexM3\ARM_GCC_441\Debug\DanaTucker.a(CyBootAsmGnu.o)
 .debug_abbrev  0x00000d6c      0x14a .\CortexM3\ARM_GCC_441\Debug\DanaTucker.a(CyFlash.o)
 .debug_abbrev  0x00000eb6      0x10e .\CortexM3\ARM_GCC_441\Debug\DanaTucker.a(CySpc.o)

.debug_line     0x00000000     0x1b08
 *(.debug_line)
 .debug_line    0x00000000       0xc9 .\CortexM3\ARM_GCC_441\Debug\main.o
 .debug_line    0x000000c9      0x128 .\CortexM3\ARM_GCC_441\Debug\matrix.o
 .debug_line    0x000001f1       0xac .\CortexM3\ARM_GCC_441\Debug\display.o
 .debug_line    0x0000029d       0xb8 .\CortexM3\ARM_GCC_441\Debug\Cm3Start.o
 .debug_line    0x00000355      0x1d9 .\CortexM3\ARM_GCC_441\Debug\DanaTucker.a(LCD.o)
 .debug_line    0x0000052e      0x158 .\CortexM3\ARM_GCC_441\Debug\DanaTucker.a(Beam.o)
 .debug_line    0x00000686       0xae .\CortexM3\ARM_GCC_441\Debug\DanaTucker.a(Row.o)
 .debug_line    0x00000734       0xae .\CortexM3\ARM_GCC_441\Debug\DanaTucker.a(Red.o)
 .debug_line    0x000007e2       0xb0 .\CortexM3\ARM_GCC_441\Debug\DanaTucker.a(Green.o)
 .debug_line    0x00000892       0xaf .\CortexM3\ARM_GCC_441\Debug\DanaTucker.a(Blue.o)
 .debug_line    0x00000941       0xb2 .\CortexM3\ARM_GCC_441\Debug\DanaTucker.a(Shifter.o)
 .debug_line    0x000009f3       0xb1 .\CortexM3\ARM_GCC_441\Debug\DanaTucker.a(Colors.o)
 .debug_line    0x00000aa4      0x179 .\CortexM3\ARM_GCC_441\Debug\DanaTucker.a(Timer.o)
 .debug_line    0x00000c1d      0x659 .\CortexM3\ARM_GCC_441\Debug\DanaTucker.a(CyLib.o)
 .debug_line    0x00001276      0x34d .\CortexM3\ARM_GCC_441\Debug\DanaTucker.a(cyPm.o)
 .debug_line    0x000015c3      0x1bd .\CortexM3\ARM_GCC_441\Debug\DanaTucker.a(cyfitter_cfg.o)
 .debug_line    0x00001780       0x67 .\CortexM3\ARM_GCC_441\Debug\DanaTucker.a(CyBootAsmGnu.o)
 .debug_line    0x000017e7      0x194 .\CortexM3\ARM_GCC_441\Debug\DanaTucker.a(CyFlash.o)
 .debug_line    0x0000197b      0x18d .\CortexM3\ARM_GCC_441\Debug\DanaTucker.a(CySpc.o)

.debug_frame    0x00000000     0x17f8
 *(.debug_frame)
 .debug_frame   0x00000000       0x84 .\CortexM3\ARM_GCC_441\Debug\main.o
 .debug_frame   0x00000084       0x90 .\CortexM3\ARM_GCC_441\Debug\matrix.o
 .debug_frame   0x00000114       0x90 .\CortexM3\ARM_GCC_441\Debug\display.o
 .debug_frame   0x000001a4       0x5c .\CortexM3\ARM_GCC_441\Debug\Cm3Start.o
 .debug_frame   0x00000200      0x1e0 .\CortexM3\ARM_GCC_441\Debug\DanaTucker.a(LCD.o)
 .debug_frame   0x000003e0      0x180 .\CortexM3\ARM_GCC_441\Debug\DanaTucker.a(Beam.o)
 .debug_frame   0x00000560       0x80 .\CortexM3\ARM_GCC_441\Debug\DanaTucker.a(Row.o)
 .debug_frame   0x000005e0       0x80 .\CortexM3\ARM_GCC_441\Debug\DanaTucker.a(Red.o)
 .debug_frame   0x00000660       0x80 .\CortexM3\ARM_GCC_441\Debug\DanaTucker.a(Green.o)
 .debug_frame   0x000006e0       0x80 .\CortexM3\ARM_GCC_441\Debug\DanaTucker.a(Blue.o)
 .debug_frame   0x00000760       0x80 .\CortexM3\ARM_GCC_441\Debug\DanaTucker.a(Shifter.o)
 .debug_frame   0x000007e0       0x80 .\CortexM3\ARM_GCC_441\Debug\DanaTucker.a(Colors.o)
 .debug_frame   0x00000860      0x198 .\CortexM3\ARM_GCC_441\Debug\DanaTucker.a(Timer.o)
 .debug_frame   0x000009f8      0x778 .\CortexM3\ARM_GCC_441\Debug\DanaTucker.a(CyLib.o)
 .debug_frame   0x00001170      0x208 .\CortexM3\ARM_GCC_441\Debug\DanaTucker.a(cyPm.o)
 .debug_frame   0x00001378      0x104 .\CortexM3\ARM_GCC_441\Debug\DanaTucker.a(cyfitter_cfg.o)
 .debug_frame   0x0000147c      0x178 .\CortexM3\ARM_GCC_441\Debug\DanaTucker.a(CyFlash.o)
 .debug_frame   0x000015f4      0x13c .\CortexM3\ARM_GCC_441\Debug\DanaTucker.a(CySpc.o)
 .debug_frame   0x00001730       0x34 c:/program files/cypress/psoc creator/2.2/psoc creator/import/gnu_cs/arm/4.4.1/bin/../lib/gcc/arm-none-eabi/4.4.1/../../../../arm-none-eabi/lib/thumb2\libc.a(lib_a-memcpy.o)
 .debug_frame   0x00001764       0x28 c:/program files/cypress/psoc creator/2.2/psoc creator/import/gnu_cs/arm/4.4.1/bin/../lib/gcc/arm-none-eabi/4.4.1/../../../../arm-none-eabi/lib/thumb2\libc.a(lib_a-memset.o)
 .debug_frame   0x0000178c       0x40 c:/program files/cypress/psoc creator/2.2/psoc creator/import/gnu_cs/arm/4.4.1/bin/../lib/gcc/arm-none-eabi/4.4.1/../../../../arm-none-eabi/lib/thumb2\libcs3.a(start_c.o)
 .debug_frame   0x000017cc       0x2c c:/program files/cypress/psoc creator/2.2/psoc creator/import/gnu_cs/arm/4.4.1/bin/../lib/gcc/arm-none-eabi/4.4.1/../../../../arm-none-eabi/lib/thumb2\libc.a(lib_a-init.o)

.debug_str      0x00000000     0x1547
 *(.debug_str)
 .debug_str     0x00000000       0xe1 .\CortexM3\ARM_GCC_441\Debug\main.o
                                0x12a (size before relaxing)
 .debug_str     0x000000e1       0x8f .\CortexM3\ARM_GCC_441\Debug\matrix.o
                                0x174 (size before relaxing)
 .debug_str     0x00000170       0x58 .\CortexM3\ARM_GCC_441\Debug\display.o
                                0x13d (size before relaxing)
 .debug_str     0x000001c8       0x95 .\CortexM3\ARM_GCC_441\Debug\Cm3Start.o
                                0x173 (size before relaxing)
 .debug_str     0x0000025d      0x161 .\CortexM3\ARM_GCC_441\Debug\DanaTucker.a(LCD.o)
                                0x24c (size before relaxing)
 .debug_str     0x000003be       0xf2 .\CortexM3\ARM_GCC_441\Debug\DanaTucker.a(Beam.o)
                                0x1df (size before relaxing)
 .debug_str     0x000004b0       0x63 .\CortexM3\ARM_GCC_441\Debug\DanaTucker.a(Row.o)
                                0x141 (size before relaxing)
 .debug_str     0x00000513       0x53 .\CortexM3\ARM_GCC_441\Debug\DanaTucker.a(Red.o)
                                0x141 (size before relaxing)
 .debug_str     0x00000566       0x5d .\CortexM3\ARM_GCC_441\Debug\DanaTucker.a(Green.o)
                                0x14b (size before relaxing)
 .debug_str     0x000005c3       0x58 .\CortexM3\ARM_GCC_441\Debug\DanaTucker.a(Blue.o)
                                0x146 (size before relaxing)
 .debug_str     0x0000061b       0x67 .\CortexM3\ARM_GCC_441\Debug\DanaTucker.a(Shifter.o)
                                0x155 (size before relaxing)
 .debug_str     0x00000682       0x62 .\CortexM3\ARM_GCC_441\Debug\DanaTucker.a(Colors.o)
                                0x150 (size before relaxing)
 .debug_str     0x000006e4      0x164 .\CortexM3\ARM_GCC_441\Debug\DanaTucker.a(Timer.o)
                                0x243 (size before relaxing)
 .debug_str     0x00000848      0x61e .\CortexM3\ARM_GCC_441\Debug\DanaTucker.a(CyLib.o)
                                0x760 (size before relaxing)
 .debug_str     0x00000e66      0x382 .\CortexM3\ARM_GCC_441\Debug\DanaTucker.a(cyPm.o)
                                0x485 (size before relaxing)
 .debug_str     0x000011e8      0x131 .\CortexM3\ARM_GCC_441\Debug\DanaTucker.a(cyfitter_cfg.o)
                                0x233 (size before relaxing)
 .debug_str     0x00001319      0x130 .\CortexM3\ARM_GCC_441\Debug\DanaTucker.a(CyFlash.o)
                                0x241 (size before relaxing)
 .debug_str     0x00001449       0xfe .\CortexM3\ARM_GCC_441\Debug\DanaTucker.a(CySpc.o)
                                0x210 (size before relaxing)

.debug_loc      0x00000000     0x256f
 *(.debug_loc)
 .debug_loc     0x00000000       0xc6 .\CortexM3\ARM_GCC_441\Debug\main.o
 .debug_loc     0x000000c6       0xdc .\CortexM3\ARM_GCC_441\Debug\matrix.o
 .debug_loc     0x000001a2       0xdc .\CortexM3\ARM_GCC_441\Debug\display.o
 .debug_loc     0x0000027e       0x62 .\CortexM3\ARM_GCC_441\Debug\Cm3Start.o
 .debug_loc     0x000002e0      0x309 .\CortexM3\ARM_GCC_441\Debug\DanaTucker.a(LCD.o)
 .debug_loc     0x000005e9      0x26b .\CortexM3\ARM_GCC_441\Debug\DanaTucker.a(Beam.o)
 .debug_loc     0x00000854       0xc4 .\CortexM3\ARM_GCC_441\Debug\DanaTucker.a(Row.o)
 .debug_loc     0x00000918       0xc4 .\CortexM3\ARM_GCC_441\Debug\DanaTucker.a(Red.o)
 .debug_loc     0x000009dc       0xc4 .\CortexM3\ARM_GCC_441\Debug\DanaTucker.a(Green.o)
 .debug_loc     0x00000aa0       0xc4 .\CortexM3\ARM_GCC_441\Debug\DanaTucker.a(Blue.o)
 .debug_loc     0x00000b64       0xc4 .\CortexM3\ARM_GCC_441\Debug\DanaTucker.a(Shifter.o)
 .debug_loc     0x00000c28       0xc4 .\CortexM3\ARM_GCC_441\Debug\DanaTucker.a(Colors.o)
 .debug_loc     0x00000cec      0x28a .\CortexM3\ARM_GCC_441\Debug\DanaTucker.a(Timer.o)
 .debug_loc     0x00000f76      0xca0 .\CortexM3\ARM_GCC_441\Debug\DanaTucker.a(CyLib.o)
 .debug_loc     0x00001c16      0x32f .\CortexM3\ARM_GCC_441\Debug\DanaTucker.a(cyPm.o)
 .debug_loc     0x00001f45      0x1b8 .\CortexM3\ARM_GCC_441\Debug\DanaTucker.a(cyfitter_cfg.o)
 .debug_loc     0x000020fd      0x24c .\CortexM3\ARM_GCC_441\Debug\DanaTucker.a(CyFlash.o)
 .debug_loc     0x00002349      0x226 .\CortexM3\ARM_GCC_441\Debug\DanaTucker.a(CySpc.o)

.debug_macinfo
 *(.debug_macinfo)

.debug_ranges   0x00000000      0x720
 *(.debug_ranges)
 .debug_ranges  0x00000000       0x30 .\CortexM3\ARM_GCC_441\Debug\main.o
 .debug_ranges  0x00000030       0x30 .\CortexM3\ARM_GCC_441\Debug\matrix.o
 .debug_ranges  0x00000060       0x30 .\CortexM3\ARM_GCC_441\Debug\display.o
 .debug_ranges  0x00000090       0x28 .\CortexM3\ARM_GCC_441\Debug\Cm3Start.o
 .debug_ranges  0x000000b8       0x88 .\CortexM3\ARM_GCC_441\Debug\DanaTucker.a(LCD.o)
 .debug_ranges  0x00000140       0x78 .\CortexM3\ARM_GCC_441\Debug\DanaTucker.a(Beam.o)
 .debug_ranges  0x000001b8       0x30 .\CortexM3\ARM_GCC_441\Debug\DanaTucker.a(Row.o)
 .debug_ranges  0x000001e8       0x30 .\CortexM3\ARM_GCC_441\Debug\DanaTucker.a(Red.o)
 .debug_ranges  0x00000218       0x30 .\CortexM3\ARM_GCC_441\Debug\DanaTucker.a(Green.o)
 .debug_ranges  0x00000248       0x30 .\CortexM3\ARM_GCC_441\Debug\DanaTucker.a(Blue.o)
 .debug_ranges  0x00000278       0x30 .\CortexM3\ARM_GCC_441\Debug\DanaTucker.a(Shifter.o)
 .debug_ranges  0x000002a8       0x30 .\CortexM3\ARM_GCC_441\Debug\DanaTucker.a(Colors.o)
 .debug_ranges  0x000002d8       0x80 .\CortexM3\ARM_GCC_441\Debug\DanaTucker.a(Timer.o)
 .debug_ranges  0x00000358      0x210 .\CortexM3\ARM_GCC_441\Debug\DanaTucker.a(CyLib.o)
 .debug_ranges  0x00000568       0x98 .\CortexM3\ARM_GCC_441\Debug\DanaTucker.a(cyPm.o)
 .debug_ranges  0x00000600       0x50 .\CortexM3\ARM_GCC_441\Debug\DanaTucker.a(cyfitter_cfg.o)
 .debug_ranges  0x00000650       0x70 .\CortexM3\ARM_GCC_441\Debug\DanaTucker.a(CyFlash.o)
 .debug_ranges  0x000006c0       0x60 .\CortexM3\ARM_GCC_441\Debug\DanaTucker.a(CySpc.o)

.debug_weaknames
 *(.debug_weaknames)

.debug_funcnames
 *(.debug_funcnames)

.debug_typenames
 *(.debug_typenames)

.debug_varnames
 *(.debug_varnames)

.note.gnu.arm.ident
 *(.note.gnu.arm.ident)

.ARM.attributes
                0x00000000       0x25
 *(.ARM.attributes)
 .ARM.attributes
                0x00000000       0x19 c:/program files/cypress/psoc creator/2.2/psoc creator/import/gnu_cs/arm/4.4.1/bin/../lib/gcc/arm-none-eabi/4.4.1/thumb2/crti.o
 .ARM.attributes
                0x00000019       0x29 c:/program files/cypress/psoc creator/2.2/psoc creator/import/gnu_cs/arm/4.4.1/bin/../lib/gcc/arm-none-eabi/4.4.1/thumb2/crtbegin.o
 .ARM.attributes
                0x00000042       0x31 .\CortexM3\ARM_GCC_441\Debug\main.o
 .ARM.attributes
                0x00000073       0x31 .\CortexM3\ARM_GCC_441\Debug\matrix.o
 .ARM.attributes
                0x000000a4       0x31 .\CortexM3\ARM_GCC_441\Debug\display.o
 .ARM.attributes
                0x000000d5       0x31 .\CortexM3\ARM_GCC_441\Debug\Cm3Start.o
 .ARM.attributes
                0x00000106       0x31 .\CortexM3\ARM_GCC_441\Debug\DanaTucker.a(LCD.o)
 .ARM.attributes
                0x00000137       0x31 .\CortexM3\ARM_GCC_441\Debug\DanaTucker.a(Beam.o)
 .ARM.attributes
                0x00000168       0x31 .\CortexM3\ARM_GCC_441\Debug\DanaTucker.a(Row.o)
 .ARM.attributes
                0x00000199       0x31 .\CortexM3\ARM_GCC_441\Debug\DanaTucker.a(Red.o)
 .ARM.attributes
                0x000001ca       0x31 .\CortexM3\ARM_GCC_441\Debug\DanaTucker.a(Green.o)
 .ARM.attributes
                0x000001fb       0x31 .\CortexM3\ARM_GCC_441\Debug\DanaTucker.a(Blue.o)
 .ARM.attributes
                0x0000022c       0x31 .\CortexM3\ARM_GCC_441\Debug\DanaTucker.a(Shifter.o)
 .ARM.attributes
                0x0000025d       0x31 .\CortexM3\ARM_GCC_441\Debug\DanaTucker.a(Colors.o)
 .ARM.attributes
                0x0000028e       0x31 .\CortexM3\ARM_GCC_441\Debug\DanaTucker.a(Timer.o)
 .ARM.attributes
                0x000002bf       0x31 .\CortexM3\ARM_GCC_441\Debug\DanaTucker.a(CyLib.o)
 .ARM.attributes
                0x000002f0       0x31 .\CortexM3\ARM_GCC_441\Debug\DanaTucker.a(cyPm.o)
 .ARM.attributes
                0x00000321       0x31 .\CortexM3\ARM_GCC_441\Debug\DanaTucker.a(cyfitter_cfg.o)
 .ARM.attributes
                0x00000352       0x21 .\CortexM3\ARM_GCC_441\Debug\DanaTucker.a(CyBootAsmGnu.o)
 .ARM.attributes
                0x00000373       0x31 .\CortexM3\ARM_GCC_441\Debug\DanaTucker.a(CyFlash.o)
 .ARM.attributes
                0x000003a4       0x31 .\CortexM3\ARM_GCC_441\Debug\DanaTucker.a(CySpc.o)
 .ARM.attributes
                0x000003d5       0x29 c:/program files/cypress/psoc creator/2.2/psoc creator/import/gnu_cs/arm/4.4.1/bin/../lib/gcc/arm-none-eabi/4.4.1/../../../../arm-none-eabi/lib/thumb2\libc.a(lib_a-memcpy.o)
 .ARM.attributes
                0x000003fe       0x29 c:/program files/cypress/psoc creator/2.2/psoc creator/import/gnu_cs/arm/4.4.1/bin/../lib/gcc/arm-none-eabi/4.4.1/../../../../arm-none-eabi/lib/thumb2\libc.a(lib_a-memset.o)
 .ARM.attributes
                0x00000427       0x29 c:/program files/cypress/psoc creator/2.2/psoc creator/import/gnu_cs/arm/4.4.1/bin/../lib/gcc/arm-none-eabi/4.4.1/thumb2/crtend.o
 .ARM.attributes
                0x00000450       0x19 c:/program files/cypress/psoc creator/2.2/psoc creator/import/gnu_cs/arm/4.4.1/bin/../lib/gcc/arm-none-eabi/4.4.1/thumb2/crtn.o
 .ARM.attributes
                0x00000469       0x29 c:/program files/cypress/psoc creator/2.2/psoc creator/import/gnu_cs/arm/4.4.1/bin/../lib/gcc/arm-none-eabi/4.4.1/../../../../arm-none-eabi/lib/thumb2\libcs3.a(start_c.o)
 .ARM.attributes
                0x00000492       0x19 c:/program files/cypress/psoc creator/2.2/psoc creator/import/gnu_cs/arm/4.4.1/bin/../lib/gcc/arm-none-eabi/4.4.1/../../../../arm-none-eabi/lib/thumb2\libcs3micro.a(micro_isr_interrupt.o)
 .ARM.attributes
                0x000004ab       0x29 c:/program files/cypress/psoc creator/2.2/psoc creator/import/gnu_cs/arm/4.4.1/bin/../lib/gcc/arm-none-eabi/4.4.1/../../../../arm-none-eabi/lib/thumb2\libc.a(lib_a-init.o)

/DISCARD/
 *(.note.GNU-stack)
OUTPUT(.\CortexM3\ARM_GCC_441\Debug\DanaTucker.elf elf32-littlearm)
