Archive member included because of file (symbol)

.\CortexM3\ARM_GCC_441\Debug\connect4.a(Row.o)
                              .\CortexM3\ARM_GCC_441\Debug\main.o (Row_Write)
.\CortexM3\ARM_GCC_441\Debug\connect4.a(Red.o)
                              .\CortexM3\ARM_GCC_441\Debug\main.o (Red_Write)
.\CortexM3\ARM_GCC_441\Debug\connect4.a(Green.o)
                              .\CortexM3\ARM_GCC_441\Debug\main.o (Green_Write)
.\CortexM3\ARM_GCC_441\Debug\connect4.a(Blue.o)
                              .\CortexM3\ARM_GCC_441\Debug\main.o (Blue_Write)
.\CortexM3\ARM_GCC_441\Debug\connect4.a(CyLib.o)
                              .\CortexM3\ARM_GCC_441\Debug\Cm3Start.o (CyResetStatus)
.\CortexM3\ARM_GCC_441\Debug\connect4.a(cyPm.o)
                              .\CortexM3\ARM_GCC_441\Debug\connect4.a(CyLib.o) (CyPmReadStatus)
.\CortexM3\ARM_GCC_441\Debug\connect4.a(LCD.o)
                              .\CortexM3\ARM_GCC_441\Debug\main.o (LCD_WriteControl)
.\CortexM3\ARM_GCC_441\Debug\connect4.a(CapSense.o)
                              .\CortexM3\ARM_GCC_441\Debug\main.o (CapSense_Start)
.\CortexM3\ARM_GCC_441\Debug\connect4.a(CapSense_CSHL.o)
                              .\CortexM3\ARM_GCC_441\Debug\main.o (CapSense_InitializeAllBaselines)
.\CortexM3\ARM_GCC_441\Debug\connect4.a(CapSense_INT.o)
                              .\CortexM3\ARM_GCC_441\Debug\connect4.a(CapSense.o) (CapSense_IsrCH0_ISR)
.\CortexM3\ARM_GCC_441\Debug\connect4.a(CapSense_SMS_Wrapper.o)
                              .\CortexM3\ARM_GCC_441\Debug\connect4.a(CapSense_CSHL.o) (CapSense_CalculateThresholds)
.\CortexM3\ARM_GCC_441\Debug\connect4.a(CapSense_CompCH0.o)
                              .\CortexM3\ARM_GCC_441\Debug\connect4.a(CapSense.o) (CapSense_CompCH0_Init)
.\CortexM3\ARM_GCC_441\Debug\connect4.a(CapSense_IdacCH0.o)
                              .\CortexM3\ARM_GCC_441\Debug\connect4.a(CapSense.o) (CapSense_IdacCH0_Init)
.\CortexM3\ARM_GCC_441\Debug\connect4.a(CapSense_AMuxCH0.o)
                              .\CortexM3\ARM_GCC_441\Debug\connect4.a(CapSense.o) (CapSense_AMuxCH0_Init)
.\CortexM3\ARM_GCC_441\Debug\connect4.a(Timer.o)
                              .\CortexM3\ARM_GCC_441\Debug\main.o (Timer_WritePeriod)
.\CortexM3\ARM_GCC_441\Debug\connect4.a(ISR.o)
                              .\CortexM3\ARM_GCC_441\Debug\main.o (ISR_StartEx)
.\CortexM3\ARM_GCC_441\Debug\connect4.a(Remote.o)
                              .\CortexM3\ARM_GCC_441\Debug\main.o (Remote_Write)
.\CortexM3\ARM_GCC_441\Debug\connect4.a(UART.o)
                              .\CortexM3\ARM_GCC_441\Debug\main.o (UART_Start)
.\CortexM3\ARM_GCC_441\Debug\connect4.a(UART_INT.o)
                              .\CortexM3\ARM_GCC_441\Debug\connect4.a(UART.o) (UART_RXISR)
.\CortexM3\ARM_GCC_441\Debug\connect4.a(UART_IntClock.o)
                              .\CortexM3\ARM_GCC_441\Debug\connect4.a(UART.o) (UART_IntClock_Start)
.\CortexM3\ARM_GCC_441\Debug\connect4.a(Beam.o)
                              .\CortexM3\ARM_GCC_441\Debug\main.o (Beam_StartEx)
.\CortexM3\ARM_GCC_441\Debug\connect4.a(Colors.o)
                              .\CortexM3\ARM_GCC_441\Debug\main.o (Colors_Write)
.\CortexM3\ARM_GCC_441\Debug\connect4.a(Shifter.o)
                              .\CortexM3\ARM_GCC_441\Debug\main.o (Shifter_Write)
.\CortexM3\ARM_GCC_441\Debug\connect4.a(Error.o)
                              .\CortexM3\ARM_GCC_441\Debug\main.o (Error_Write)
.\CortexM3\ARM_GCC_441\Debug\connect4.a(cyfitter_cfg.o)
                              .\CortexM3\ARM_GCC_441\Debug\connect4.a(CapSense.o) (CapSense_AMuxCH0_Set)
.\CortexM3\ARM_GCC_441\Debug\connect4.a(CyBootAsmGnu.o)
                              .\CortexM3\ARM_GCC_441\Debug\connect4.a(CyLib.o) (CyDelayCycles)
.\CortexM3\ARM_GCC_441\Debug\connect4.a(CyFlash.o)
                              .\CortexM3\ARM_GCC_441\Debug\connect4.a(cyPm.o) (CyFlash_SetWaitCycles)
.\CortexM3\ARM_GCC_441\Debug\connect4.a(CySpc.o)
                              .\CortexM3\ARM_GCC_441\Debug\connect4.a(CyFlash.o) (CySpcStart)
C:\Program Files\Cypress\PSoC Creator\2.2\PSoC Creator\psoc\content\cycomponentlibrary\CyComponentLibrary.cylib\CortexM3\ARM_GCC_441\Debug\CyComponentLibrary.a(CapSense_CSD_SmartSense_v3_20.o)
                              .\CortexM3\ARM_GCC_441\Debug\connect4.a(CapSense_SMS_Wrapper.o) (SMS_LIB_V3_CalculateThresholds)
c:/program files/cypress/psoc creator/2.2/psoc creator/import/gnu_cs/arm/4.4.1/bin/../lib/gcc/arm-none-eabi/4.4.1/../../../../arm-none-eabi/lib/thumb2\libc.a(lib_a-memcpy.o)
                              .\CortexM3\ARM_GCC_441\Debug\connect4.a(cyfitter_cfg.o) (memcpy)
c:/program files/cypress/psoc creator/2.2/psoc creator/import/gnu_cs/arm/4.4.1/bin/../lib/gcc/arm-none-eabi/4.4.1/../../../../arm-none-eabi/lib/thumb2\libc.a(lib_a-memset.o)
                              .\CortexM3\ARM_GCC_441\Debug\connect4.a(cyfitter_cfg.o) (memset)
[...]
Memory Configuration

Name             Origin             Length             Attributes
rom              0x00000000         0x00040000         xr
ram              0x1fff8000         0x0000b000         xrw
*default*        0x00000000         0xffffffff

Linker script and memory map

LOAD c:/program files/cypress/psoc creator/2.2/psoc creator/import/gnu_cs/arm/4.4.1/bin/../lib/gcc/arm-none-eabi/4.4.1/thumb2/crti.o
LOAD c:/program files/cypress/psoc creator/2.2/psoc creator/import/gnu_cs/arm/4.4.1/bin/../lib/gcc/arm-none-eabi/4.4.1/thumb2/crtbegin.o
START GROUP
LOAD .\CortexM3\ARM_GCC_441\Debug\main.o
LOAD .\CortexM3\ARM_GCC_441\Debug\Cm3Start.o
LOAD .\CortexM3\ARM_GCC_441\Debug\connect4.a
LOAD C:\Program Files\Cypress\PSoC Creator\2.2\PSoC Creator\psoc\content\cycomponentlibrary\CyComponentLibrary.cylib\CortexM3\ARM_GCC_441\Debug\CyComponentLibrary.a
END GROUP
START GROUP
LOAD c:/program files/cypress/psoc creator/2.2/psoc creator/import/gnu_cs/arm/4.4.1/bin/../lib/gcc/arm-none-eabi/4.4.1/thumb2\libgcc.a
LOAD c:/program files/cypress/psoc creator/2.2/psoc creator/import/gnu_cs/arm/4.4.1/bin/../lib/gcc/arm-none-eabi/4.4.1/../../../../arm-none-eabi/lib/thumb2\libc.a
END GROUP
LOAD c:/program files/cypress/psoc creator/2.2/psoc creator/import/gnu_cs/arm/4.4.1/bin/../lib/gcc/arm-none-eabi/4.4.1/thumb2/crtend.o
LOAD c:/program files/cypress/psoc creator/2.2/psoc creator/import/gnu_cs/arm/4.4.1/bin/../lib/gcc/arm-none-eabi/4.4.1/thumb2/crtn.o
START GROUP
LOAD c:/program files/cypress/psoc creator/2.2/psoc creator/import/gnu_cs/arm/4.4.1/bin/../lib/gcc/arm-none-eabi/4.4.1/thumb2\libgcc.a
LOAD c:/program files/cypress/psoc creator/2.2/psoc creator/import/gnu_cs/arm/4.4.1/bin/../lib/gcc/arm-none-eabi/4.4.1/../../../../arm-none-eabi/lib/thumb2\libc.a
LOAD c:/program files/cypress/psoc creator/2.2/psoc creator/import/gnu_cs/arm/4.4.1/bin/../lib/gcc/arm-none-eabi/4.4.1/../../../../arm-none-eabi/lib/thumb2\libcs3.a
LOAD c:/program files/cypress/psoc creator/2.2/psoc creator/import/gnu_cs/arm/4.4.1/bin/../lib/gcc/arm-none-eabi/4.4.1/../../../../arm-none-eabi/lib/thumb2\libcs3unhosted.a
LOAD c:/program files/cypress/psoc creator/2.2/psoc creator/import/gnu_cs/arm/4.4.1/bin/../lib/gcc/arm-none-eabi/4.4.1/../../../../arm-none-eabi/lib/thumb2\libcs3micro.a
END GROUP
                0x1fff83d0                PROVIDE (__cs3_heap_start, _end)
                0x00000001                PROVIDE (__cs3_region_num, ((__cs3_regions_end - __cs3_regions) / 0x14))
                0x20008000                PROVIDE (__cs3_stack, 0x20008000)
                0x20004000                PROVIDE (__cs3_heap_end, (__cs3_stack - 0x4000))

.text           0x00000000     0x4e08
 CREATE_OBJECT_SYMBOLS
                0x00000000                PROVIDE (__cs3_interrupt_vector, RomVectors)
 *(.romvectors)
 .romvectors    0x00000000       0x10 .\CortexM3\ARM_GCC_441\Debug\Cm3Start.o
                0x00000000                RomVectors
 *(.cs3.interrupt_vector)
                0x00000001                ASSERT ((. != __cs3_interrupt_vector), No interrupt vector)
                0x00001604                PROVIDE (__cs3_reset, Reset)
 *(.cs3.reset)
                0x00000001                ASSERT ((. != __cs3_reset), No reset code)
 *(.dma_init)
                0x00000001                ASSERT ((((0x0 + .) <= 0x10000) || 0x1), DMA Init must be within the first 64k of flash)
 *(.text.cs3.init)
 .text.cs3.init
                0x00000010       0x5c c:/program files/cypress/psoc creator/2.2/psoc creator/import/gnu_cs/arm/4.4.1/bin/../lib/gcc/arm-none-eabi/4.4.1/../../../../arm-none-eabi/lib/thumb2\libcs3.a(start_c.o)
                0x00000010                __cs3_start_c
 *(.text .text.* .gnu.linkonce.t.*)
 .text          0x0000006c       0x30 c:/program files/cypress/psoc creator/2.2/psoc creator/import/gnu_cs/arm/4.4.1/bin/../lib/gcc/arm-none-eabi/4.4.1/thumb2/crtbegin.o
 .text.LCD_ClearLine
                0x0000009c       0x38 .\CortexM3\ARM_GCC_441\Debug\main.o
                0x0000009c                LCD_ClearLine
 .text.LCD_UpdateStatus
                0x000000d4       0x2c .\CortexM3\ARM_GCC_441\Debug\main.o
                0x000000d4                LCD_UpdateStatus
 .text.LCD_UpdateMessage
                0x00000100       0x20 .\CortexM3\ARM_GCC_441\Debug\main.o
                0x00000100                LCD_UpdateMessage
 .text.matrix_illuminate
                0x00000120      0x22c .\CortexM3\ARM_GCC_441\Debug\main.o
                0x00000120                matrix_illuminate
 .text.matrix_deluminate
                0x0000034c       0x70 .\CortexM3\ARM_GCC_441\Debug\main.o
                0x0000034c                matrix_deluminate
 .text.matrix_test
                0x000003bc      0x1b0 .\CortexM3\ARM_GCC_441\Debug\main.o
                0x000003bc                matrix_test
 .text.toggle   0x0000056c       0x34 .\CortexM3\ARM_GCC_441\Debug\main.o
                0x0000056c                toggle
 .text.refresh  0x000005a0      0x158 .\CortexM3\ARM_GCC_441\Debug\main.o
                0x000005a0                refresh
 .text.main     0x000006f8       0xe0 .\CortexM3\ARM_GCC_441\Debug\main.o
                0x000006f8                main
 .text.initialize
                0x000007d8      0x17c .\CortexM3\ARM_GCC_441\Debug\main.o
                0x000007d8                initialize
 .text.clear_board
                0x00000954       0x70 .\CortexM3\ARM_GCC_441\Debug\main.o
                0x00000954                clear_board
 .text.configure_XBee
                0x000009c4      0x180 .\CortexM3\ARM_GCC_441\Debug\main.o
                0x000009c4                configure_XBee
 .text.get_move
                0x00000b44      0x204 .\CortexM3\ARM_GCC_441\Debug\main.o
                0x00000b44                get_move
 .text.receive_move
                0x00000d48       0x60 .\CortexM3\ARM_GCC_441\Debug\main.o
                0x00000d48                receive_move
 .text.receive_packet
                0x00000da8      0x10c .\CortexM3\ARM_GCC_441\Debug\main.o
                0x00000da8                receive_packet
 .text.send_packet
                0x00000eb4       0xf8 .\CortexM3\ARM_GCC_441\Debug\main.o
                0x00000eb4                send_packet
 .text.send_move
                0x00000fac       0x3c .\CortexM3\ARM_GCC_441\Debug\main.o
                0x00000fac                send_move
 .text.animate  0x00000fe8      0x100 .\CortexM3\ARM_GCC_441\Debug\main.o
                0x00000fe8                animate
 .text.winner_check
                0x000010e8      0x514 .\CortexM3\ARM_GCC_441\Debug\main.o
                0x000010e8                winner_check
 .text.IntDefaultHandler
                0x000015fc        0x8 .\CortexM3\ARM_GCC_441\Debug\Cm3Start.o
                0x000015fc                IntDefaultHandler
 .text.Reset    0x00001604       0x24 .\CortexM3\ARM_GCC_441\Debug\Cm3Start.o
                0x00001604                Reset
 .text.initialize_psoc
                0x00001628       0xb4 .\CortexM3\ARM_GCC_441\Debug\Cm3Start.o
                0x00001628                initialize_psoc
 .text.Row_Write
                0x000016dc       0x44 .\CortexM3\ARM_GCC_441\Debug\connect4.a(Row.o)
                0x000016dc                Row_Write
 .text.Red_Write
                0x00001720       0x44 .\CortexM3\ARM_GCC_441\Debug\connect4.a(Red.o)
                0x00001720                Red_Write
 .text.Green_Write
                0x00001764       0x44 .\CortexM3\ARM_GCC_441\Debug\connect4.a(Green.o)
                0x00001764                Green_Write
 .text.Blue_Write
                0x000017a8       0x40 .\CortexM3\ARM_GCC_441\Debug\connect4.a(Blue.o)
                0x000017a8                Blue_Write
 .text.CyHalt   0x000017e8       0x18 .\CortexM3\ARM_GCC_441\Debug\connect4.a(CyLib.o)
                0x000017e8                CyHalt
 .text.CyDelay  0x00001800       0x48 .\CortexM3\ARM_GCC_441\Debug\connect4.a(CyLib.o)
                0x00001800                CyDelay
 .text.CyDelayUs
                0x00001848       0x28 .\CortexM3\ARM_GCC_441\Debug\connect4.a(CyLib.o)
                0x00001848                CyDelayUs
 .text.CyIntSetVector
                0x00001870       0x60 .\CortexM3\ARM_GCC_441\Debug\connect4.a(CyLib.o)
                0x00001870                CyIntSetVector
 .text.CyIntSetPriority
                0x000018d0       0x4c .\CortexM3\ARM_GCC_441\Debug\connect4.a(CyLib.o)
                0x000018d0                CyIntSetPriority
 .text.LCD_Init
                0x0000191c       0x90 .\CortexM3\ARM_GCC_441\Debug\connect4.a(LCD.o)
                0x0000191c                LCD_Init
 .text.LCD_Enable
                0x000019ac       0x1c .\CortexM3\ARM_GCC_441\Debug\connect4.a(LCD.o)
                0x000019ac                LCD_Enable
 .text.LCD_Start
                0x000019c8       0x2c .\CortexM3\ARM_GCC_441\Debug\connect4.a(LCD.o)
                0x000019c8                LCD_Start
 .text.LCD_Position
                0x000019f4       0x74 .\CortexM3\ARM_GCC_441\Debug\connect4.a(LCD.o)
                0x000019f4                LCD_Position
 .text.LCD_PrintString
                0x00001a68       0x40 .\CortexM3\ARM_GCC_441\Debug\connect4.a(LCD.o)
                0x00001a68                LCD_PrintString
 .text.LCD_PutChar
                0x00001aa8       0x1c .\CortexM3\ARM_GCC_441\Debug\connect4.a(LCD.o)
                0x00001aa8                LCD_PutChar
 .text.LCD_WriteData
                0x00001ac4       0x38 .\CortexM3\ARM_GCC_441\Debug\connect4.a(LCD.o)
                0x00001ac4                LCD_WriteData
 .text.LCD_WriteControl
                0x00001afc       0x38 .\CortexM3\ARM_GCC_441\Debug\connect4.a(LCD.o)
                0x00001afc                LCD_WriteControl
 .text.LCD_IsReady
                0x00001b34      0x1fc .\CortexM3\ARM_GCC_441\Debug\connect4.a(LCD.o)
                0x00001b34                LCD_IsReady
 .text.LCD_WrDatNib
                0x00001d30       0xac .\CortexM3\ARM_GCC_441\Debug\connect4.a(LCD.o)
 .text.LCD_WrCntrlNib
                0x00001ddc       0x8c .\CortexM3\ARM_GCC_441\Debug\connect4.a(LCD.o)
 .text.LCD_PrintInt8
                0x00001e68       0x44 .\CortexM3\ARM_GCC_441\Debug\connect4.a(LCD.o)
                0x00001e68                LCD_PrintInt8
 .text.LCD_PrintNumber
                0x00001eac      0x110 .\CortexM3\ARM_GCC_441\Debug\connect4.a(LCD.o)
                0x00001eac                LCD_PrintNumber
 .text.CapSense_Init
                0x00001fbc      0x1ac .\CortexM3\ARM_GCC_441\Debug\connect4.a(CapSense.o)
                0x00001fbc                CapSense_Init
 .text.CapSense_Enable
                0x00002168       0xc4 .\CortexM3\ARM_GCC_441\Debug\connect4.a(CapSense.o)
                0x00002168                CapSense_Enable
 .text.CapSense_Start
                0x0000222c       0x3c .\CortexM3\ARM_GCC_441\Debug\connect4.a(CapSense.o)
                0x0000222c                CapSense_Start
 .text.CapSense_FindNextSensor
                0x00002268       0x5c .\CortexM3\ARM_GCC_441\Debug\connect4.a(CapSense.o)
                0x00002268                CapSense_FindNextSensor
 .text.CapSense_SetScanSlotSettings
                0x000022c4       0x5c .\CortexM3\ARM_GCC_441\Debug\connect4.a(CapSense.o)
                0x000022c4                CapSense_SetScanSlotSettings
 .text.CapSense_ScanSensor
                0x00002320       0x44 .\CortexM3\ARM_GCC_441\Debug\connect4.a(CapSense.o)
                0x00002320                CapSense_ScanSensor
 .text.CapSense_ScanEnabledWidgets
                0x00002364       0x80 .\CortexM3\ARM_GCC_441\Debug\connect4.a(CapSense.o)
                0x00002364                CapSense_ScanEnabledWidgets
 .text.CapSense_IsBusy
                0x000023e4       0x2c .\CortexM3\ARM_GCC_441\Debug\connect4.a(CapSense.o)
                0x000023e4                CapSense_IsBusy
 .text.CapSense_ClearSensors
                0x00002410       0x2c .\CortexM3\ARM_GCC_441\Debug\connect4.a(CapSense.o)
                0x00002410                CapSense_ClearSensors
 .text.CapSense_EnableSensor
                0x0000243c       0x80 .\CortexM3\ARM_GCC_441\Debug\connect4.a(CapSense.o)
                0x0000243c                CapSense_EnableSensor
 .text.CapSense_DisableSensor
                0x000024bc       0x88 .\CortexM3\ARM_GCC_441\Debug\connect4.a(CapSense.o)
                0x000024bc                CapSense_DisableSensor
 .text.CapSense_PreScan
                0x00002544       0x74 .\CortexM3\ARM_GCC_441\Debug\connect4.a(CapSense.o)
                0x00002544                CapSense_PreScan
 .text.CapSense_PostScan
                0x000025b8       0xc8 .\CortexM3\ARM_GCC_441\Debug\connect4.a(CapSense.o)
                0x000025b8                CapSense_PostScan
 .text.CapSense_SetPrescaler
                0x00002680       0x34 .\CortexM3\ARM_GCC_441\Debug\connect4.a(CapSense.o)
                0x00002680                CapSense_SetPrescaler
 .text.CapSense_SetAnalogSwitchesSource
                0x000026b4       0x54 .\CortexM3\ARM_GCC_441\Debug\connect4.a(CapSense.o)
                0x000026b4                CapSense_SetAnalogSwitchesSource
 .text.CapSense_BaseInit
                0x00002708       0xb8 .\CortexM3\ARM_GCC_441\Debug\connect4.a(CapSense_CSHL.o)
                0x00002708                CapSense_BaseInit
 .text.CapSense_InitializeSensorBaseline
                0x000027c0       0x2c .\CortexM3\ARM_GCC_441\Debug\connect4.a(CapSense_CSHL.o)
                0x000027c0                CapSense_InitializeSensorBaseline
 .text.CapSense_InitializeAllBaselines
                0x000027ec       0x2c .\CortexM3\ARM_GCC_441\Debug\connect4.a(CapSense_CSHL.o)
                0x000027ec                CapSense_InitializeAllBaselines
 .text.CapSense_UpdateSensorBaseline
                0x00002818      0x21c .\CortexM3\ARM_GCC_441\Debug\connect4.a(CapSense_CSHL.o)
                0x00002818                CapSense_UpdateSensorBaseline
 .text.CapSense_UpdateEnabledBaselines
                0x00002a34       0x5c .\CortexM3\ARM_GCC_441\Debug\connect4.a(CapSense_CSHL.o)
                0x00002a34                CapSense_UpdateEnabledBaselines
 .text.CapSense_CheckIsSensorActive
                0x00002a90      0x194 .\CortexM3\ARM_GCC_441\Debug\connect4.a(CapSense_CSHL.o)
                0x00002a90                CapSense_CheckIsSensorActive
 .text.CapSense_CheckIsWidgetActive
                0x00002c24       0x60 .\CortexM3\ARM_GCC_441\Debug\connect4.a(CapSense_CSHL.o)
                0x00002c24                CapSense_CheckIsWidgetActive
 .text.CapSense_FindMaximum
                0x00002c84       0x7c .\CortexM3\ARM_GCC_441\Debug\connect4.a(CapSense_CSHL.o)
                0x00002c84                CapSense_FindMaximum
 .text.CapSense_CalcCentroid
                0x00002d00      0x1d4 .\CortexM3\ARM_GCC_441\Debug\connect4.a(CapSense_CSHL.o)
                0x00002d00                CapSense_CalcCentroid
 .text.CapSense_GetCentroidPos
                0x00002ed4      0x148 .\CortexM3\ARM_GCC_441\Debug\connect4.a(CapSense_CSHL.o)
                0x00002ed4                CapSense_GetCentroidPos
 .text.CapSense_MedianFilter
                0x0000301c       0x4c .\CortexM3\ARM_GCC_441\Debug\connect4.a(CapSense_CSHL.o)
                0x0000301c                CapSense_MedianFilter
 .text.CapSense_IIR4Filter
                0x00003068       0x3c .\CortexM3\ARM_GCC_441\Debug\connect4.a(CapSense_CSHL.o)
                0x00003068                CapSense_IIR4Filter
 .text.CapSense_IsrCH0_ISR
                0x000030a4       0xa8 .\CortexM3\ARM_GCC_441\Debug\connect4.a(CapSense_INT.o)
                0x000030a4                CapSense_IsrCH0_ISR
 .text.SMS_LIB_ScanSensor
                0x0000314c       0x1c .\CortexM3\ARM_GCC_441\Debug\connect4.a(CapSense_SMS_Wrapper.o)
                0x0000314c                SMS_LIB_ScanSensor
 .text.SMS_LIB_IsBusy
                0x00003168       0x10 .\CortexM3\ARM_GCC_441\Debug\connect4.a(CapSense_SMS_Wrapper.o)
                0x00003168                SMS_LIB_IsBusy
 .text.CapSense_CalculateThresholds
                0x00003178       0x1c .\CortexM3\ARM_GCC_441\Debug\connect4.a(CapSense_SMS_Wrapper.o)
                0x00003178                CapSense_CalculateThresholds
 .text.CapSense_AutoTune
                0x00003194        0xc .\CortexM3\ARM_GCC_441\Debug\connect4.a(CapSense_SMS_Wrapper.o)
                0x00003194                CapSense_AutoTune
 .text.SMS_LIB_V3_SetAnalogSwitchesSrc_PRS
                0x000031a0       0x10 .\CortexM3\ARM_GCC_441\Debug\connect4.a(CapSense_SMS_Wrapper.o)
                0x000031a0                SMS_LIB_V3_SetAnalogSwitchesSrc_PRS
 .text.SMS_LIB_V3_SetAnalogSwitchesSrc_Prescaler
                0x000031b0       0x10 .\CortexM3\ARM_GCC_441\Debug\connect4.a(CapSense_SMS_Wrapper.o)
                0x000031b0                SMS_LIB_V3_SetAnalogSwitchesSrc_Prescaler
 .text.CapSense_CompCH0_Init
                0x000031c0       0x98 .\CortexM3\ARM_GCC_441\Debug\connect4.a(CapSense_CompCH0.o)
                0x000031c0                CapSense_CompCH0_Init
 .text.CapSense_CompCH0_Enable
                0x00003258       0x44 .\CortexM3\ARM_GCC_441\Debug\connect4.a(CapSense_CompCH0.o)
                0x00003258                CapSense_CompCH0_Enable
 .text.CapSense_CompCH0_SetSpeed
                0x0000329c       0xa0 .\CortexM3\ARM_GCC_441\Debug\connect4.a(CapSense_CompCH0.o)
                0x0000329c                CapSense_CompCH0_SetSpeed
 .text.CapSense_IdacCH0_Init
                0x0000333c       0x68 .\CortexM3\ARM_GCC_441\Debug\connect4.a(CapSense_IdacCH0.o)
                0x0000333c                CapSense_IdacCH0_Init
 .text.CapSense_IdacCH0_Enable
                0x000033a4       0x44 .\CortexM3\ARM_GCC_441\Debug\connect4.a(CapSense_IdacCH0.o)
                0x000033a4                CapSense_IdacCH0_Enable
 .text.CapSense_IdacCH0_SetSpeed
                0x000033e8       0x50 .\CortexM3\ARM_GCC_441\Debug\connect4.a(CapSense_IdacCH0.o)
                0x000033e8                CapSense_IdacCH0_SetSpeed
 .text.CapSense_IdacCH0_SetPolarity
                0x00003438       0x54 .\CortexM3\ARM_GCC_441\Debug\connect4.a(CapSense_IdacCH0.o)
                0x00003438                CapSense_IdacCH0_SetPolarity
 .text.CapSense_IdacCH0_SetRange
                0x0000348c       0x54 .\CortexM3\ARM_GCC_441\Debug\connect4.a(CapSense_IdacCH0.o)
                0x0000348c                CapSense_IdacCH0_SetRange
 .text.CapSense_IdacCH0_SetValue
                0x000034e0       0x20 .\CortexM3\ARM_GCC_441\Debug\connect4.a(CapSense_IdacCH0.o)
                0x000034e0                CapSense_IdacCH0_SetValue
 .text.CapSense_IdacCH0_DacTrim
                0x00003500       0x5c .\CortexM3\ARM_GCC_441\Debug\connect4.a(CapSense_IdacCH0.o)
                0x00003500                CapSense_IdacCH0_DacTrim
 .text.CapSense_AMuxCH0_Init
                0x0000355c        0xc .\CortexM3\ARM_GCC_441\Debug\connect4.a(CapSense_AMuxCH0.o)
                0x0000355c                CapSense_AMuxCH0_Init
 .text.CapSense_AMuxCH0_DisconnectAll
                0x00003568       0x2c .\CortexM3\ARM_GCC_441\Debug\connect4.a(CapSense_AMuxCH0.o)
                0x00003568                CapSense_AMuxCH0_DisconnectAll
 .text.Timer_Init
                0x00003594       0xdc .\CortexM3\ARM_GCC_441\Debug\connect4.a(Timer.o)
                0x00003594                Timer_Init
 .text.Timer_Enable
                0x00003670       0x60 .\CortexM3\ARM_GCC_441\Debug\connect4.a(Timer.o)
                0x00003670                Timer_Enable
 .text.Timer_Start
                0x000036d0       0x2c .\CortexM3\ARM_GCC_441\Debug\connect4.a(Timer.o)
                0x000036d0                Timer_Start
 .text.Timer_SetInterruptMode
                0x000036fc       0x20 .\CortexM3\ARM_GCC_441\Debug\connect4.a(Timer.o)
                0x000036fc                Timer_SetInterruptMode
 .text.Timer_WritePeriod
                0x0000371c       0x24 .\CortexM3\ARM_GCC_441\Debug\connect4.a(Timer.o)
                0x0000371c                Timer_WritePeriod
 .text.Timer_WriteCounter
                0x00003740       0x20 .\CortexM3\ARM_GCC_441\Debug\connect4.a(Timer.o)
                0x00003740                Timer_WriteCounter
 .text.ISR_StartEx
                0x00003760       0x28 .\CortexM3\ARM_GCC_441\Debug\connect4.a(ISR.o)
                0x00003760                ISR_StartEx
 .text.ISR_Stop
                0x00003788       0x18 .\CortexM3\ARM_GCC_441\Debug\connect4.a(ISR.o)
                0x00003788                ISR_Stop
 .text.ISR_SetVector
                0x000037a0       0x28 .\CortexM3\ARM_GCC_441\Debug\connect4.a(ISR.o)
                0x000037a0                ISR_SetVector
 .text.ISR_SetPriority
                0x000037c8       0x28 .\CortexM3\ARM_GCC_441\Debug\connect4.a(ISR.o)
                0x000037c8                ISR_SetPriority
 .text.ISR_Enable
                0x000037f0       0x18 .\CortexM3\ARM_GCC_441\Debug\connect4.a(ISR.o)
                0x000037f0                ISR_Enable
 .text.ISR_Disable
                0x00003808       0x18 .\CortexM3\ARM_GCC_441\Debug\connect4.a(ISR.o)
                0x00003808                ISR_Disable
 .text.Remote_Write
                0x00003820       0x44 .\CortexM3\ARM_GCC_441\Debug\connect4.a(Remote.o)
                0x00003820                Remote_Write
 .text.UART_Start
                0x00003864       0x2c .\CortexM3\ARM_GCC_441\Debug\connect4.a(UART.o)
                0x00003864                UART_Start
 .text.UART_Init
                0x00003890       0x84 .\CortexM3\ARM_GCC_441\Debug\connect4.a(UART.o)
                0x00003890                UART_Init
 .text.UART_Enable
                0x00003914       0x94 .\CortexM3\ARM_GCC_441\Debug\connect4.a(UART.o)
                0x00003914                UART_Enable
 .text.UART_EnableRxInt
                0x000039a8       0x18 .\CortexM3\ARM_GCC_441\Debug\connect4.a(UART.o)
                0x000039a8                UART_EnableRxInt
 .text.UART_DisableRxInt
                0x000039c0       0x18 .\CortexM3\ARM_GCC_441\Debug\connect4.a(UART.o)
                0x000039c0                UART_DisableRxInt
 .text.UART_ReadRxData
                0x000039d8       0xac .\CortexM3\ARM_GCC_441\Debug\connect4.a(UART.o)
                0x000039d8                UART_ReadRxData
 .text.UART_GetRxBufferSize
                0x00003a84       0xb8 .\CortexM3\ARM_GCC_441\Debug\connect4.a(UART.o)
                0x00003a84                UART_GetRxBufferSize
 .text.UART_ClearRxBuffer
                0x00003b3c       0x94 .\CortexM3\ARM_GCC_441\Debug\connect4.a(UART.o)
                0x00003b3c                UART_ClearRxBuffer
 .text.UART_EnableTxInt
                0x00003bd0       0x18 .\CortexM3\ARM_GCC_441\Debug\connect4.a(UART.o)
                0x00003bd0                UART_EnableTxInt
 .text.UART_DisableTxInt
                0x00003be8       0x18 .\CortexM3\ARM_GCC_441\Debug\connect4.a(UART.o)
                0x00003be8                UART_DisableTxInt
 .text.UART_WriteTxData
                0x00003c00       0xb4 .\CortexM3\ARM_GCC_441\Debug\connect4.a(UART.o)
                0x00003c00                UART_WriteTxData
 .text.UART_PutChar
                0x00003cb4       0xb8 .\CortexM3\ARM_GCC_441\Debug\connect4.a(UART.o)
                0x00003cb4                UART_PutChar
 .text.UART_PutString
                0x00003d6c       0x48 .\CortexM3\ARM_GCC_441\Debug\connect4.a(UART.o)
                0x00003d6c                UART_PutString
 .text.UART_GetTxBufferSize
                0x00003db4       0x98 .\CortexM3\ARM_GCC_441\Debug\connect4.a(UART.o)
                0x00003db4                UART_GetTxBufferSize
 .text.UART_ClearTxBuffer
                0x00003e4c       0x78 .\CortexM3\ARM_GCC_441\Debug\connect4.a(UART.o)
                0x00003e4c                UART_ClearTxBuffer
 .text.UART_RXISR
                0x00003ec4       0xf0 .\CortexM3\ARM_GCC_441\Debug\connect4.a(UART_INT.o)
                0x00003ec4                UART_RXISR
 .text.UART_TXISR
                0x00003fb4       0x9c .\CortexM3\ARM_GCC_441\Debug\connect4.a(UART_INT.o)
                0x00003fb4                UART_TXISR
 .text.UART_IntClock_Start
                0x00004050       0x44 .\CortexM3\ARM_GCC_441\Debug\connect4.a(UART_IntClock.o)
                0x00004050                UART_IntClock_Start
 .text.Beam_StartEx
                0x00004094       0x28 .\CortexM3\ARM_GCC_441\Debug\connect4.a(Beam.o)
                0x00004094                Beam_StartEx
 .text.Beam_SetVector
                0x000040bc       0x28 .\CortexM3\ARM_GCC_441\Debug\connect4.a(Beam.o)
                0x000040bc                Beam_SetVector
 .text.Beam_SetPriority
                0x000040e4       0x28 .\CortexM3\ARM_GCC_441\Debug\connect4.a(Beam.o)
                0x000040e4                Beam_SetPriority
 .text.Beam_Enable
                0x0000410c       0x18 .\CortexM3\ARM_GCC_441\Debug\connect4.a(Beam.o)
                0x0000410c                Beam_Enable
 .text.Beam_Disable
                0x00004124       0x18 .\CortexM3\ARM_GCC_441\Debug\connect4.a(Beam.o)
                0x00004124                Beam_Disable
 .text.Colors_Write
                0x0000413c       0x44 .\CortexM3\ARM_GCC_441\Debug\connect4.a(Colors.o)
                0x0000413c                Colors_Write
 .text.Shifter_Write
                0x00004180       0x44 .\CortexM3\ARM_GCC_441\Debug\connect4.a(Shifter.o)
                0x00004180                Shifter_Write
 .text.Error_Write
                0x000041c4       0x44 .\CortexM3\ARM_GCC_441\Debug\connect4.a(Error.o)
                0x000041c4                Error_Write
 .text.CYMEMZERO
                0x00004208       0x20 .\CortexM3\ARM_GCC_441\Debug\connect4.a(cyfitter_cfg.o)
 .text.CYCONFIGCPY
                0x00004228       0x20 .\CortexM3\ARM_GCC_441\Debug\connect4.a(cyfitter_cfg.o)
 .text.cfg_write_bytes32
                0x00004248       0x84 .\CortexM3\ARM_GCC_441\Debug\connect4.a(cyfitter_cfg.o)
 .text.ClockSetup
                0x000042cc      0x144 .\CortexM3\ARM_GCC_441\Debug\connect4.a(cyfitter_cfg.o)
 .text.AnalogSetDefault
                0x00004410       0x94 .\CortexM3\ARM_GCC_441\Debug\connect4.a(cyfitter_cfg.o)
 .text.CapSense_AMuxCH0_Set
                0x000044a4       0x4c .\CortexM3\ARM_GCC_441\Debug\connect4.a(cyfitter_cfg.o)
                0x000044a4                CapSense_AMuxCH0_Set
 .text.CapSense_AMuxCH0_Unset
                0x000044f0       0x54 .\CortexM3\ARM_GCC_441\Debug\connect4.a(cyfitter_cfg.o)
                0x000044f0                CapSense_AMuxCH0_Unset
 .text.cyfitter_cfg
                0x00004544      0x224 .\CortexM3\ARM_GCC_441\Debug\connect4.a(cyfitter_cfg.o)
                0x00004544                cyfitter_cfg
 .text          0x00004768       0x20 .\CortexM3\ARM_GCC_441\Debug\connect4.a(CyBootAsmGnu.o)
                0x00004768                CyDelayCycles
                0x00004778                CyEnterCriticalSection
                0x00004780                CyExitCriticalSection
 .text.SMS_LIB_V3_MeasureNoiseEnvelope
                0x00004788       0xa4 C:\Program Files\Cypress\PSoC Creator\2.2\PSoC Creator\psoc\content\cycomponentlibrary\CyComponentLibrary.cylib\CortexM3\ARM_GCC_441\Debug\CyComponentLibrary.a(CapSense_CSD_SmartSense_v3_20.o)
                0x00004788                SMS_LIB_V3_MeasureNoiseEnvelope
 .text.SMS_LIB_V3_CalculateThresholds
                0x0000482c       0xcc C:\Program Files\Cypress\PSoC Creator\2.2\PSoC Creator\psoc\content\cycomponentlibrary\CyComponentLibrary.cylib\CortexM3\ARM_GCC_441\Debug\CyComponentLibrary.a(CapSense_CSD_SmartSense_v3_20.o)
                0x0000482c                SMS_LIB_V3_CalculateThresholds
 .text.SMS_LIB_V3_Sensors2WidgetResolutionTransform
                0x000048f8       0xa8 C:\Program Files\Cypress\PSoC Creator\2.2\PSoC Creator\psoc\content\cycomponentlibrary\CyComponentLibrary.cylib\CortexM3\ARM_GCC_441\Debug\CyComponentLibrary.a(CapSense_CSD_SmartSense_v3_20.o)
                0x000048f8                SMS_LIB_V3_Sensors2WidgetResolutionTransform
 .text.SMS_LIB_V3_CallibrateSensor1Ch
                0x000049a0       0x84 C:\Program Files\Cypress\PSoC Creator\2.2\PSoC Creator\psoc\content\cycomponentlibrary\CyComponentLibrary.cylib\CortexM3\ARM_GCC_441\Debug\CyComponentLibrary.a(CapSense_CSD_SmartSense_v3_20.o)
                0x000049a0                SMS_LIB_V3_CallibrateSensor1Ch
 .text.SMS_LIB_V3_AutoTuneSensor1Ch
                0x00004a24       0x74 C:\Program Files\Cypress\PSoC Creator\2.2\PSoC Creator\psoc\content\cycomponentlibrary\CyComponentLibrary.cylib\CortexM3\ARM_GCC_441\Debug\CyComponentLibrary.a(CapSense_CSD_SmartSense_v3_20.o)
                0x00004a24                SMS_LIB_V3_AutoTuneSensor1Ch
 .text.SMS_LIB_V3_AutoTune1Ch
                0x00004a98       0x88 C:\Program Files\Cypress\PSoC Creator\2.2\PSoC Creator\psoc\content\cycomponentlibrary\CyComponentLibrary.cylib\CortexM3\ARM_GCC_441\Debug\CyComponentLibrary.a(CapSense_CSD_SmartSense_v3_20.o)
                0x00004a98                SMS_LIB_V3_AutoTune1Ch
 .text          0x00004b20      0x190 c:/program files/cypress/psoc creator/2.2/psoc creator/import/gnu_cs/arm/4.4.1/bin/../lib/gcc/arm-none-eabi/4.4.1/../../../../arm-none-eabi/lib/thumb2\libc.a(lib_a-memcpy.o)
                0x00004b20                memcpy
 .text          0x00004cb0       0xd4 c:/program files/cypress/psoc creator/2.2/psoc creator/import/gnu_cs/arm/4.4.1/bin/../lib/gcc/arm-none-eabi/4.4.1/../../../../arm-none-eabi/lib/thumb2\libc.a(lib_a-memset.o)
                0x00004cb0                memset
 .text          0x00004d84       0x30 c:/program files/cypress/psoc creator/2.2/psoc creator/import/gnu_cs/arm/4.4.1/bin/../lib/gcc/arm-none-eabi/4.4.1/../../../../arm-none-eabi/lib/thumb2\libcs3.a(start_c.o)
                0x00004d84                __cs3_premain
 .text          0x00004db4        0x2 c:/program files/cypress/psoc creator/2.2/psoc creator/import/gnu_cs/arm/4.4.1/bin/../lib/gcc/arm-none-eabi/4.4.1/../../../../arm-none-eabi/lib/thumb2\libcs3micro.a(micro_isr_interrupt.o)
                0x00004db4                __cs3_isr_external_24
                0x00004db4                __cs3_isr_external_9
                0x00004db4                __cs3_isr_external_14
                0x00004db4                __cs3_isr_reserved_9
                0x00004db4                __cs3_isr_external_4
                0x00004db4                __cs3_isr_external_21
                0x00004db4                __cs3_isr_external_0
                0x00004db4                __cs3_isr_external_27
                0x00004db4                __cs3_isr_external_11
                0x00004db4                __cs3_isr_usage_fault
                0x00004db4                __cs3_isr_svcall
                0x00004db4                __cs3_isr_external_3
                0x00004db4                __cs3_isr_mpu_fault
                0x00004db4                __cs3_isr_external_16
                0x00004db4                __cs3_isr_pendsv
                0x00004db4                __cs3_isr_external_31
                0x00004db4                __cs3_isr_nmi
                0x00004db4                __cs3_isr_external_5
                0x00004db4                __cs3_isr_external_6
                0x00004db4                __cs3_isr_external_12
                0x00004db4                __cs3_isr_hard_fault
                0x00004db4                __cs3_isr_bus_fault
                0x00004db4                __cs3_isr_external_1
                0x00004db4                __cs3_isr_external_13
                0x00004db4                __cs3_isr_external_30
                0x00004db4                __cs3_isr_external_23
                0x00004db4                __cs3_isr_external_20
                0x00004db4                __cs3_isr_debug
                0x00004db4                __cs3_isr_reserved_13
                0x00004db4                __cs3_isr_external_8
                0x00004db4                __cs3_isr_external_26
                0x00004db4                __cs3_isr_reserved_8
                0x00004db4                __cs3_isr_reserved_7
                0x00004db4                __cs3_isr_external_7
                0x00004db4                __cs3_isr_external_28
                0x00004db4                __cs3_isr_systick
                0x00004db4                __cs3_isr_external_22
                0x00004db4                __cs3_isr_external_10
                0x00004db4                __cs3_isr_external_15
                0x00004db4                __cs3_isr_interrupt
                0x00004db4                __cs3_isr_external_18
                0x00004db4                __cs3_isr_external_29
                0x00004db4                __cs3_isr_external_25
                0x00004db4                __cs3_isr_reserved_10
                0x00004db4                __cs3_isr_external_2
                0x00004db4                __cs3_isr_external_17
                0x00004db4                __cs3_isr_external_19
 *fill*         0x00004db6        0x2 00
 .text          0x00004db8       0x50 c:/program files/cypress/psoc creator/2.2/psoc creator/import/gnu_cs/arm/4.4.1/bin/../lib/gcc/arm-none-eabi/4.4.1/../../../../arm-none-eabi/lib/thumb2\libc.a(lib_a-init.o)
                0x00004db8                __libc_init_array
 *(.plt)
 *(.gnu.warning)
 *(.glue_7t)
 .glue_7t       0x00000000        0x0 linker stubs
 *(.glue_7)
 .glue_7        0x00000000        0x0 linker stubs
 *(.vfp11_veneer)
 .vfp11_veneer  0x00000000        0x0 linker stubs
 *(.bootloader)
 *(.ARM.extab* .gnu.linkonce.armextab.*)
 *(.gcc_except_table)

.v4_bx          0x00004e08        0x0
 .v4_bx         0x00000000        0x0 linker stubs

.eh_frame_hdr
 *(.eh_frame_hdr)

.eh_frame
 *(.eh_frame)
                0x00004e08                PROVIDE (__exidx_start, .)

.ARM.exidx
 *(.ARM.exidx* .gnu.linkonce.armexidx.*)
                0x00004e08                __exidx_end = .

.rodata         0x00004e08      0x300
 *(.rodata .rodata.* .gnu.linkonce.r.*)
 .rodata        0x00004e08      0x1bc .\CortexM3\ARM_GCC_441\Debug\main.o
 .rodata        0x00004fc4       0x10 .\CortexM3\ARM_GCC_441\Debug\connect4.a(LCD.o)
 .rodata        0x00004fd4       0x54 .\CortexM3\ARM_GCC_441\Debug\connect4.a(CapSense.o)
                0x00004fd4                CapSense_pcTable
                0x00004ff0                CapSense_portTable
                0x00004ff8                CapSense_maskTable
                0x00005000                CapSense_csTable
                0x00005020                CapSense_widgetNumber
 .rodata        0x00005028       0x10 .\CortexM3\ARM_GCC_441\Debug\connect4.a(CapSense_CSHL.o)
                0x00005028                CapSense_rawDataIndex
                0x0000502c                CapSense_numberOfSensors
                0x00005030                CapSense_centroidMult
                0x00005034                CapSense_posFiltersMask
 .rodata        0x00005038       0x28 .\CortexM3\ARM_GCC_441\Debug\connect4.a(CapSense_SMS_Wrapper.o)
                0x00005038                SMS_LIB_SensorSensitivity
                0x00005040                SMS_LIB_PrescalerTbl
 .rodata        0x00005060       0x6c .\CortexM3\ARM_GCC_441\Debug\connect4.a(cyfitter_cfg.o)
                0x00005060                CapSense_AMuxCH0__addrTable
                0x00005088                CapSense_AMuxCH0__maskTable
                0x000050cc                . = ALIGN (0x4)
 *(.init)
 .init          0x000050cc        0x4 c:/program files/cypress/psoc creator/2.2/psoc creator/import/gnu_cs/arm/4.4.1/bin/../lib/gcc/arm-none-eabi/4.4.1/thumb2/crti.o
                0x000050cc                _init
 .init          0x000050d0        0x8 c:/program files/cypress/psoc creator/2.2/psoc creator/import/gnu_cs/arm/4.4.1/bin/../lib/gcc/arm-none-eabi/4.4.1/thumb2/crtn.o
                0x000050d8                . = ALIGN (0x4)
                0x000050d8                __preinit_array_start = .
 *(.preinit_array)
                0x000050d8                __preinit_array_end = .
                0x000050d8                . = ALIGN (0x4)
                0x000050d8                __init_array_start = .
 *(SORT(.init_array.*))
 *(.init_array)
 .init_array    0x000050d8        0x4 c:/program files/cypress/psoc creator/2.2/psoc creator/import/gnu_cs/arm/4.4.1/bin/../lib/gcc/arm-none-eabi/4.4.1/thumb2/crtbegin.o
 .init_array    0x000050dc        0x4 .\CortexM3\ARM_GCC_441\Debug\Cm3Start.o
                0x000050e0                __init_array_end = .
                0x000050e0                . = ALIGN (0x4)
 *(.fini)
 .fini          0x000050e0        0x4 c:/program files/cypress/psoc creator/2.2/psoc creator/import/gnu_cs/arm/4.4.1/bin/../lib/gcc/arm-none-eabi/4.4.1/thumb2/crti.o
                0x000050e0                _fini
 .fini          0x000050e4        0x8 c:/program files/cypress/psoc creator/2.2/psoc creator/import/gnu_cs/arm/4.4.1/bin/../lib/gcc/arm-none-eabi/4.4.1/thumb2/crtn.o
                0x000050ec                . = ALIGN (0x4)
                0x000050ec                __fini_array_start = .
 *(.fini_array)
 .fini_array    0x000050ec        0x4 c:/program files/cypress/psoc creator/2.2/psoc creator/import/gnu_cs/arm/4.4.1/bin/../lib/gcc/arm-none-eabi/4.4.1/thumb2/crtbegin.o
 *(SORT(.fini_array.*))
                0x000050f0                __fini_array_end = .
                0x000050f0                . = ALIGN (0x4)
 *crtbegin.o(.ctors)
 *(EXCLUDE_FILE(*crtend.o) .ctors)
 *(SORT(.ctors.*))
 *crtend.o(.ctors)
                0x000050f0                . = ALIGN (0x4)
 *crtbegin.o(.dtors)
 *(EXCLUDE_FILE(*crtend.o) .dtors)
 *(SORT(.dtors.*))
 *crtend.o(.dtors)
                0x000050f0                . = ALIGN (0x4)
                0x000050f0                __cs3_regions = .
                0x000050f0        0x4 LONG 0x0
                0x000050f4        0x4 LONG 0x5108 __cs3_region_init_ram
                0x000050f8        0x4 LONG 0x1fff8108 __cs3_region_start_data
                0x000050fc        0x4 LONG 0x70 __cs3_region_init_size_ram
                0x00005100        0x4 LONG 0x258 __cs3_region_zero_size_ram
                0x00005104                __cs3_regions_end = .
                0x00005108                . = ALIGN (0x8)
 *fill*         0x00005104        0x4 00
                0x00005108                _etext = .

.ramvectors     0x1fff8000      0x100
                0x1fff8000                __cs3_region_start_ram = .
 *(.cs3.region-head.ram)
                0x1fff8001                ASSERT ((. == __cs3_region_start_ram), .cs3.region-head.ram not permitted)
 *(.ramvectors)
 .ramvectors    0x1fff8000      0x100 .\CortexM3\ARM_GCC_441\Debug\Cm3Start.o
                0x1fff8000                CyRamVectors

.noinit         0x1fff8100        0x4
 *(.noinit)
 .noinit        0x1fff8100        0x4 .\CortexM3\ARM_GCC_441\Debug\Cm3Start.o

.data           0x1fff8108       0x70 load address 0x00005108
                0x1fff8108                __cs3_region_start_data = .
 *(.jcr)
 .jcr           0x1fff8108        0x0 c:/program files/cypress/psoc creator/2.2/psoc creator/import/gnu_cs/arm/4.4.1/bin/../lib/gcc/arm-none-eabi/4.4.1/thumb2/crtbegin.o
 .jcr           0x1fff8108        0x4 c:/program files/cypress/psoc creator/2.2/psoc creator/import/gnu_cs/arm/4.4.1/bin/../lib/gcc/arm-none-eabi/4.4.1/thumb2/crtend.o
 *(.got.plt)
 *(.got)
 *(.shdata)
 *(.data .data.* .gnu.linkonce.d.*)
 .data          0x1fff810c        0x8 .\CortexM3\ARM_GCC_441\Debug\main.o
                0x1fff810c                player1_turn
                0x1fff810d                player2_local
                0x1fff810e                player1_color
                0x1fff810f                player2_color
                0x1fff8110                rPos
                0x1fff8112                cPos
 .data          0x1fff8114       0x10 .\CortexM3\ARM_GCC_441\Debug\connect4.a(CyLib.o)
                0x1fff8114                cydelay_freq_hz
                0x1fff8118                cydelay_freq_khz
                0x1fff811c                cydelay_freq_mhz
                0x1fff8120                cydelay_32k_ms
 .data          0x1fff8124       0x10 .\CortexM3\ARM_GCC_441\Debug\connect4.a(CapSense.o)
                0x1fff8124                CapSense_SensorEnableMask
                0x1fff8128                CapSense_idacSettings
                0x1fff8130                CapSense_widgetResolution
 .data          0x1fff8134       0x14 .\CortexM3\ARM_GCC_441\Debug\connect4.a(CapSense_CSHL.o)
                0x1fff8134                CapSense_fingerThreshold
                0x1fff8138                CapSense_noiseThreshold
                0x1fff813c                CapSense_hysteresis
                0x1fff8140                CapSense_debounce
                0x1fff8144                CapSense_posFiltersData
 .data          0x1fff8148       0x30 .\CortexM3\ARM_GCC_441\Debug\connect4.a(CapSense_SMS_Wrapper.o)
                0x1fff8148                SMS_LIB_noiseThreshold
                0x1fff814c                SMS_LIB_hysteresis
                0x1fff8150                SMS_LIB_widgetResolution
                0x1fff8154                SMS_LIB_widgetNumber
                0x1fff8158                SMS_LIB_numberOfSensors
                0x1fff815c                SMS_LIB_fingerThreshold
                0x1fff8160                SMS_LIB_idacSettings
                0x1fff8164                SMS_LIB_prescaler
                0x1fff8168                SMS_LIB_SensorRaw
                0x1fff816c                SMS_LIB_SensorBaseline
                0x1fff8170                SMS_LIB_Var1
                0x1fff8172                SMS_LIB_Var2
                0x1fff8174                SMS_LIB_TotalSnsCnt
                0x1fff8175                SMS_LIB_TotalScanSlCnt
                0x1fff8176                SMS_LIB_EndOfWidgInd
                0x1fff8178                . = ALIGN (0x8)
 *(.ram)
                0x1fff8178                _edata = .

.bss            0x1fff8178      0x258 load address 0x00005178
 *(.shbss)
 *(.bss .bss.* .gnu.linkonce.b.*)
 .bss           0x1fff8178        0x1 c:/program files/cypress/psoc creator/2.2/psoc creator/import/gnu_cs/arm/4.4.1/bin/../lib/gcc/arm-none-eabi/4.4.1/thumb2/crtbegin.o
 .bss           0x1fff8179        0x1 .\CortexM3\ARM_GCC_441\Debug\main.o
                0x1fff8179                locating
 .bss           0x1fff817a        0x2 .\CortexM3\ARM_GCC_441\Debug\connect4.a(LCD.o)
                0x1fff817a                LCD_enableState
                0x1fff817b                LCD_initVar
 .bss           0x1fff817c       0x14 .\CortexM3\ARM_GCC_441\Debug\connect4.a(CapSense.o)
                0x1fff817c                CapSense_lowLevelTuningDone
                0x1fff817d                CapSense_initVar
                0x1fff817e                CapSense_csv
                0x1fff817f                CapSense_sensorIndex
                0x1fff8180                CapSense_SensorRaw
 .bss           0x1fff8190       0x2c .\CortexM3\ARM_GCC_441\Debug\connect4.a(CapSense_CSHL.o)
                0x1fff8190                CapSense_SensorBaseline
                0x1fff81a0                CapSense_SensorBaselineLow
                0x1fff81a8                CapSense_SensorSignal
                0x1fff81b0                CapSense_SensorOnMask
                0x1fff81b8                CapSense_debounceCounter
 .bss           0x1fff81bc        0x1 .\CortexM3\ARM_GCC_441\Debug\connect4.a(Timer.o)
                0x1fff81bc                Timer_initVar
 .bss           0x1fff81bd        0x8 .\CortexM3\ARM_GCC_441\Debug\connect4.a(UART.o)
                0x1fff81bd                UART_initVar
                0x1fff81be                UART_txBufferRead
                0x1fff81bf                UART_txBufferWrite
                0x1fff81c0                UART_rxBufferRead
                0x1fff81c1                UART_rxBufferWrite
                0x1fff81c2                UART_rxBufferLoopDetect
                0x1fff81c3                UART_rxBufferOverflow
 *(COMMON)
 *fill*         0x1fff81c5        0x3 00
 COMMON         0x1fff81c8       0x82 .\CortexM3\ARM_GCC_441\Debug\main.o
                0x1fff81c8                player1
                0x1fff8208                player2
                0x1fff8248                last_move
 COMMON         0x1fff824a        0x1 .\CortexM3\ARM_GCC_441\Debug\connect4.a(CyLib.o)
                0x1fff824a                CyResetStatus
 *fill*         0x1fff824b        0x1 00
 COMMON         0x1fff824c        0x7 .\CortexM3\ARM_GCC_441\Debug\connect4.a(CapSense.o)
                0x1fff824c                CapSense_AnalogSwitchDivider
 *fill*         0x1fff8253        0x1 00
 COMMON         0x1fff8254       0x26 .\CortexM3\ARM_GCC_441\Debug\connect4.a(CapSense_CSHL.o)
                0x1fff8254                CapSense_LowBaselineResetCnt
                0x1fff825c                CapSense_rawFilterData1
                0x1fff826c                CapSense_rawFilterData2
 *fill*         0x1fff827a        0x2 00
 COMMON         0x1fff827c       0x53 .\CortexM3\ARM_GCC_441\Debug\connect4.a(CapSense_SMS_Wrapper.o)
                0x1fff827c                SMS_LIB_Table4
                0x1fff828c                SMS_LIB_Table7
                0x1fff8294                SMS_LIB_Table8
                0x1fff8298                SMS_LIB_Table2
                0x1fff82a0                SMS_LIB_Table5
                0x1fff82b0                SMS_LIB_Table9
                0x1fff82b4                SMS_LIB_Table6
                0x1fff82bc                SMS_LIB_Table1
                0x1fff82c4                SMS_LIB_Table10
                0x1fff82c8                SMS_LIB_Table3
 *fill*         0x1fff82cf        0x1 00
 COMMON         0x1fff82d0      0x100 .\CortexM3\ARM_GCC_441\Debug\connect4.a(UART.o)
                0x1fff82d0                UART_rxBuffer
                0x1fff8350                UART_txBuffer
                0x1fff83d0                . = ALIGN (0x8)
 *(.ram.b)
                0x1fff83d0                _end = .
                0x1fff83d0                __end = .
                0x20003000                __cs3_region_end_ram = (__cs3_region_start_ram + 0xb000)
                0x0000b000                __cs3_region_size_ram = 0xb000
                0x00005108                __cs3_region_init_ram = LOADADDR (.data)
                0x00000070                __cs3_region_init_size_ram = (_edata - ADDR (.data))
                0x00000258                __cs3_region_zero_size_ram = (_end - _edata)

.stab
 *(.stab)

.stabstr
 *(.stabstr)

.debug
 *(.debug)

.line
 *(.line)

.debug_srcinfo
 *(.debug_srcinfo)

.debug_sfnames
 *(.debug_sfnames)

.comment        0x00000000      0x50a
 .comment       0x00000000       0x2b .\CortexM3\ARM_GCC_441\Debug\main.o
 .comment       0x0000002b       0x2b .\CortexM3\ARM_GCC_441\Debug\Cm3Start.o
 .comment       0x00000056       0x2b .\CortexM3\ARM_GCC_441\Debug\connect4.a(Row.o)
 .comment       0x00000081       0x2b .\CortexM3\ARM_GCC_441\Debug\connect4.a(Red.o)
 .comment       0x000000ac       0x2b .\CortexM3\ARM_GCC_441\Debug\connect4.a(Green.o)
 .comment       0x000000d7       0x2b .\CortexM3\ARM_GCC_441\Debug\connect4.a(Blue.o)
 .comment       0x00000102       0x2b .\CortexM3\ARM_GCC_441\Debug\connect4.a(CyLib.o)
 .comment       0x0000012d       0x2b .\CortexM3\ARM_GCC_441\Debug\connect4.a(cyPm.o)
 .comment       0x00000158       0x2b .\CortexM3\ARM_GCC_441\Debug\connect4.a(LCD.o)
 .comment       0x00000183       0x2b .\CortexM3\ARM_GCC_441\Debug\connect4.a(CapSense.o)
 .comment       0x000001ae       0x2b .\CortexM3\ARM_GCC_441\Debug\connect4.a(CapSense_CSHL.o)
 .comment       0x000001d9       0x2b .\CortexM3\ARM_GCC_441\Debug\connect4.a(CapSense_INT.o)
 .comment       0x00000204       0x2b .\CortexM3\ARM_GCC_441\Debug\connect4.a(CapSense_SMS_Wrapper.o)
 .comment       0x0000022f       0x2b .\CortexM3\ARM_GCC_441\Debug\connect4.a(CapSense_CompCH0.o)
 .comment       0x0000025a       0x2b .\CortexM3\ARM_GCC_441\Debug\connect4.a(CapSense_IdacCH0.o)
 .comment       0x00000285       0x2b .\CortexM3\ARM_GCC_441\Debug\connect4.a(CapSense_AMuxCH0.o)
 .comment       0x000002b0       0x2b .\CortexM3\ARM_GCC_441\Debug\connect4.a(Timer.o)
 .comment       0x000002db       0x2b .\CortexM3\ARM_GCC_441\Debug\connect4.a(ISR.o)
 .comment       0x00000306       0x2b .\CortexM3\ARM_GCC_441\Debug\connect4.a(Remote.o)
 .comment       0x00000331       0x2b .\CortexM3\ARM_GCC_441\Debug\connect4.a(UART.o)
 .comment       0x0000035c       0x2b .\CortexM3\ARM_GCC_441\Debug\connect4.a(UART_INT.o)
 .comment       0x00000387       0x2b .\CortexM3\ARM_GCC_441\Debug\connect4.a(UART_IntClock.o)
 .comment       0x000003b2       0x2b .\CortexM3\ARM_GCC_441\Debug\connect4.a(Beam.o)
 .comment       0x000003dd       0x2b .\CortexM3\ARM_GCC_441\Debug\connect4.a(Colors.o)
 .comment       0x00000408       0x2b .\CortexM3\ARM_GCC_441\Debug\connect4.a(Shifter.o)
 .comment       0x00000433       0x2b .\CortexM3\ARM_GCC_441\Debug\connect4.a(Error.o)
 .comment       0x0000045e       0x2b .\CortexM3\ARM_GCC_441\Debug\connect4.a(cyfitter_cfg.o)
 .comment       0x00000489       0x2b .\CortexM3\ARM_GCC_441\Debug\connect4.a(CyFlash.o)
 .comment       0x000004b4       0x2b .\CortexM3\ARM_GCC_441\Debug\connect4.a(CySpc.o)
 .comment       0x000004df       0x2b C:\Program Files\Cypress\PSoC Creator\2.2\PSoC Creator\psoc\content\cycomponentlibrary\CyComponentLibrary.cylib\CortexM3\ARM_GCC_441\Debug\CyComponentLibrary.a(CapSense_CSD_SmartSense_v3_20.o)

.debug_aranges  0x00000000      0xe08
 *(.debug_aranges)
 .debug_aranges
                0x00000000       0xc0 .\CortexM3\ARM_GCC_441\Debug\main.o
 .debug_aranges
                0x000000c0       0x30 .\CortexM3\ARM_GCC_441\Debug\Cm3Start.o
 .debug_aranges
                0x000000f0       0x38 .\CortexM3\ARM_GCC_441\Debug\connect4.a(Row.o)
 .debug_aranges
                0x00000128       0x38 .\CortexM3\ARM_GCC_441\Debug\connect4.a(Red.o)
 .debug_aranges
                0x00000160       0x38 .\CortexM3\ARM_GCC_441\Debug\connect4.a(Green.o)
 .debug_aranges
                0x00000198       0x38 .\CortexM3\ARM_GCC_441\Debug\connect4.a(Blue.o)
 .debug_aranges
                0x000001d0      0x218 .\CortexM3\ARM_GCC_441\Debug\connect4.a(CyLib.o)
 .debug_aranges
                0x000003e8       0xa0 .\CortexM3\ARM_GCC_441\Debug\connect4.a(cyPm.o)
 .debug_aranges
                0x00000488       0x90 .\CortexM3\ARM_GCC_441\Debug\connect4.a(LCD.o)
 .debug_aranges
                0x00000518       0xb0 .\CortexM3\ARM_GCC_441\Debug\connect4.a(CapSense.o)
 .debug_aranges
                0x000005c8       0x98 .\CortexM3\ARM_GCC_441\Debug\connect4.a(CapSense_CSHL.o)
 .debug_aranges
                0x00000660       0x20 .\CortexM3\ARM_GCC_441\Debug\connect4.a(CapSense_INT.o)
 .debug_aranges
                0x00000680       0x50 .\CortexM3\ARM_GCC_441\Debug\connect4.a(CapSense_SMS_Wrapper.o)
 .debug_aranges
                0x000006d0       0x70 .\CortexM3\ARM_GCC_441\Debug\connect4.a(CapSense_CompCH0.o)
 .debug_aranges
                0x00000740       0x60 .\CortexM3\ARM_GCC_441\Debug\connect4.a(CapSense_IdacCH0.o)
 .debug_aranges
                0x000007a0       0x48 .\CortexM3\ARM_GCC_441\Debug\connect4.a(CapSense_AMuxCH0.o)
 .debug_aranges
                0x000007e8       0x88 .\CortexM3\ARM_GCC_441\Debug\connect4.a(Timer.o)
 .debug_aranges
                0x00000870       0x80 .\CortexM3\ARM_GCC_441\Debug\connect4.a(ISR.o)
 .debug_aranges
                0x000008f0       0x38 .\CortexM3\ARM_GCC_441\Debug\connect4.a(Remote.o)
 .debug_aranges
                0x00000928      0x110 .\CortexM3\ARM_GCC_441\Debug\connect4.a(UART.o)
 .debug_aranges
                0x00000a38       0x28 .\CortexM3\ARM_GCC_441\Debug\connect4.a(UART_INT.o)
 .debug_aranges
                0x00000a60       0x70 .\CortexM3\ARM_GCC_441\Debug\connect4.a(UART_IntClock.o)
 .debug_aranges
                0x00000ad0       0x80 .\CortexM3\ARM_GCC_441\Debug\connect4.a(Beam.o)
 .debug_aranges
                0x00000b50       0x38 .\CortexM3\ARM_GCC_441\Debug\connect4.a(Colors.o)
 .debug_aranges
                0x00000b88       0x38 .\CortexM3\ARM_GCC_441\Debug\connect4.a(Shifter.o)
 .debug_aranges
                0x00000bc0       0x38 .\CortexM3\ARM_GCC_441\Debug\connect4.a(Error.o)
 .debug_aranges
                0x00000bf8       0x68 .\CortexM3\ARM_GCC_441\Debug\connect4.a(cyfitter_cfg.o)
 .debug_aranges
                0x00000c60       0x20 .\CortexM3\ARM_GCC_441\Debug\connect4.a(CyBootAsmGnu.o)
 .debug_aranges
                0x00000c80       0x78 .\CortexM3\ARM_GCC_441\Debug\connect4.a(CyFlash.o)
 .debug_aranges
                0x00000cf8       0x68 .\CortexM3\ARM_GCC_441\Debug\connect4.a(CySpc.o)
 .debug_aranges
                0x00000d60       0xa8 C:\Program Files\Cypress\PSoC Creator\2.2\PSoC Creator\psoc\content\cycomponentlibrary\CyComponentLibrary.cylib\CortexM3\ARM_GCC_441\Debug\CyComponentLibrary.a(CapSense_CSD_SmartSense_v3_20.o)

.debug_pubnames
                0x00000000     0x2834
 *(.debug_pubnames)
 .debug_pubnames
                0x00000000      0x1ee .\CortexM3\ARM_GCC_441\Debug\main.o
 .debug_pubnames
                0x000001ee       0x66 .\CortexM3\ARM_GCC_441\Debug\Cm3Start.o
 .debug_pubnames
                0x00000254       0x56 .\CortexM3\ARM_GCC_441\Debug\connect4.a(Row.o)
 .debug_pubnames
                0x000002aa       0x56 .\CortexM3\ARM_GCC_441\Debug\connect4.a(Red.o)
 .debug_pubnames
                0x00000300       0x5e .\CortexM3\ARM_GCC_441\Debug\connect4.a(Green.o)
 .debug_pubnames
                0x0000035e       0x5a .\CortexM3\ARM_GCC_441\Debug\connect4.a(Blue.o)
 .debug_pubnames
                0x000003b8      0x57a .\CortexM3\ARM_GCC_441\Debug\connect4.a(CyLib.o)
 .debug_pubnames
                0x00000932       0xbb .\CortexM3\ARM_GCC_441\Debug\connect4.a(cyPm.o)
 .debug_pubnames
                0x000009ed      0x112 .\CortexM3\ARM_GCC_441\Debug\connect4.a(LCD.o)
 .debug_pubnames
                0x00000aff      0x34d .\CortexM3\ARM_GCC_441\Debug\connect4.a(CapSense.o)
 .debug_pubnames
                0x00000e4c      0x3d1 .\CortexM3\ARM_GCC_441\Debug\connect4.a(CapSense_CSHL.o)
 .debug_pubnames
                0x0000121d       0x2a .\CortexM3\ARM_GCC_441\Debug\connect4.a(CapSense_INT.o)
 .debug_pubnames
                0x00001247      0x37e .\CortexM3\ARM_GCC_441\Debug\connect4.a(CapSense_SMS_Wrapper.o)
 .debug_pubnames
                0x000015c5      0x168 .\CortexM3\ARM_GCC_441\Debug\connect4.a(CapSense_CompCH0.o)
 .debug_pubnames
                0x0000172d      0x132 .\CortexM3\ARM_GCC_441\Debug\connect4.a(CapSense_IdacCH0.o)
 .debug_pubnames
                0x0000185f       0xfe .\CortexM3\ARM_GCC_441\Debug\connect4.a(CapSense_AMuxCH0.o)
 .debug_pubnames
                0x0000195d      0x160 .\CortexM3\ARM_GCC_441\Debug\connect4.a(Timer.o)
 .debug_pubnames
                0x00001abd       0xf3 .\CortexM3\ARM_GCC_441\Debug\connect4.a(ISR.o)
 .debug_pubnames
                0x00001bb0       0x62 .\CortexM3\ARM_GCC_441\Debug\connect4.a(Remote.o)
 .debug_pubnames
                0x00001c12      0x36e .\CortexM3\ARM_GCC_441\Debug\connect4.a(UART.o)
 .debug_pubnames
                0x00001f80       0x30 .\CortexM3\ARM_GCC_441\Debug\connect4.a(UART_INT.o)
 .debug_pubnames
                0x00001fb0      0x176 .\CortexM3\ARM_GCC_441\Debug\connect4.a(UART_IntClock.o)
 .debug_pubnames
                0x00002126      0x100 .\CortexM3\ARM_GCC_441\Debug\connect4.a(Beam.o)
 .debug_pubnames
                0x00002226       0x62 .\CortexM3\ARM_GCC_441\Debug\connect4.a(Colors.o)
 .debug_pubnames
                0x00002288       0x66 .\CortexM3\ARM_GCC_441\Debug\connect4.a(Shifter.o)
 .debug_pubnames
                0x000022ee       0x5e .\CortexM3\ARM_GCC_441\Debug\connect4.a(Error.o)
 .debug_pubnames
                0x0000234c       0xb1 .\CortexM3\ARM_GCC_441\Debug\connect4.a(cyfitter_cfg.o)
 .debug_pubnames
                0x000023fd      0x104 .\CortexM3\ARM_GCC_441\Debug\connect4.a(CyFlash.o)
 .debug_pubnames
                0x00002501       0xd0 .\CortexM3\ARM_GCC_441\Debug\connect4.a(CySpc.o)
 .debug_pubnames
                0x000025d1      0x263 C:\Program Files\Cypress\PSoC Creator\2.2\PSoC Creator\psoc\content\cycomponentlibrary\CyComponentLibrary.cylib\CortexM3\ARM_GCC_441\Debug\CyComponentLibrary.a(CapSense_CSD_SmartSense_v3_20.o)

.debug_info     0x00000000     0x667e
 *(.debug_info .gnu.linkonce.wi.*)
 .debug_info    0x00000000      0x827 .\CortexM3\ARM_GCC_441\Debug\main.o
 .debug_info    0x00000827      0x168 .\CortexM3\ARM_GCC_441\Debug\Cm3Start.o
 .debug_info    0x0000098f      0x120 .\CortexM3\ARM_GCC_441\Debug\connect4.a(Row.o)
 .debug_info    0x00000aaf      0x120 .\CortexM3\ARM_GCC_441\Debug\connect4.a(Red.o)
 .debug_info    0x00000bcf      0x120 .\CortexM3\ARM_GCC_441\Debug\connect4.a(Green.o)
 .debug_info    0x00000cef      0x120 .\CortexM3\ARM_GCC_441\Debug\connect4.a(Blue.o)
 .debug_info    0x00000e0f      0xc71 .\CortexM3\ARM_GCC_441\Debug\connect4.a(CyLib.o)
 .debug_info    0x00001a80      0x5bb .\CortexM3\ARM_GCC_441\Debug\connect4.a(cyPm.o)
 .debug_info    0x0000203b      0x3af .\CortexM3\ARM_GCC_441\Debug\connect4.a(LCD.o)
 .debug_info    0x000023ea      0x561 .\CortexM3\ARM_GCC_441\Debug\connect4.a(CapSense.o)
 .debug_info    0x0000294b      0x89d .\CortexM3\ARM_GCC_441\Debug\connect4.a(CapSense_CSHL.o)
 .debug_info    0x000031e8       0xc7 .\CortexM3\ARM_GCC_441\Debug\connect4.a(CapSense_INT.o)
 .debug_info    0x000032af      0x47b .\CortexM3\ARM_GCC_441\Debug\connect4.a(CapSense_SMS_Wrapper.o)
 .debug_info    0x0000372a      0x24c .\CortexM3\ARM_GCC_441\Debug\connect4.a(CapSense_CompCH0.o)
 .debug_info    0x00003976      0x1c4 .\CortexM3\ARM_GCC_441\Debug\connect4.a(CapSense_IdacCH0.o)
 .debug_info    0x00003b3a      0x16b .\CortexM3\ARM_GCC_441\Debug\connect4.a(CapSense_AMuxCH0.o)
 .debug_info    0x00003ca5      0x253 .\CortexM3\ARM_GCC_441\Debug\connect4.a(Timer.o)
 .debug_info    0x00003ef8      0x23b .\CortexM3\ARM_GCC_441\Debug\connect4.a(ISR.o)
 .debug_info    0x00004133      0x120 .\CortexM3\ARM_GCC_441\Debug\connect4.a(Remote.o)
 .debug_info    0x00004253      0x6bd .\CortexM3\ARM_GCC_441\Debug\connect4.a(UART.o)
 .debug_info    0x00004910      0x16d .\CortexM3\ARM_GCC_441\Debug\connect4.a(UART_INT.o)
 .debug_info    0x00004a7d      0x269 .\CortexM3\ARM_GCC_441\Debug\connect4.a(UART_IntClock.o)
 .debug_info    0x00004ce6      0x23b .\CortexM3\ARM_GCC_441\Debug\connect4.a(Beam.o)
 .debug_info    0x00004f21      0x120 .\CortexM3\ARM_GCC_441\Debug\connect4.a(Colors.o)
 .debug_info    0x00005041      0x120 .\CortexM3\ARM_GCC_441\Debug\connect4.a(Shifter.o)
 .debug_info    0x00005161      0x120 .\CortexM3\ARM_GCC_441\Debug\connect4.a(Error.o)
 .debug_info    0x00005281      0x418 .\CortexM3\ARM_GCC_441\Debug\connect4.a(cyfitter_cfg.o)
 .debug_info    0x00005699       0x79 .\CortexM3\ARM_GCC_441\Debug\connect4.a(CyBootAsmGnu.o)
 .debug_info    0x00005712      0x334 .\CortexM3\ARM_GCC_441\Debug\connect4.a(CyFlash.o)
 .debug_info    0x00005a46      0x39f .\CortexM3\ARM_GCC_441\Debug\connect4.a(CySpc.o)
 .debug_info    0x00005de5      0x899 C:\Program Files\Cypress\PSoC Creator\2.2\PSoC Creator\psoc\content\cycomponentlibrary\CyComponentLibrary.cylib\CortexM3\ARM_GCC_441\Debug\CyComponentLibrary.a(CapSense_CSD_SmartSense_v3_20.o)

.debug_abbrev   0x00000000     0x1b64
 *(.debug_abbrev)
 .debug_abbrev  0x00000000      0x1f4 .\CortexM3\ARM_GCC_441\Debug\main.o
 .debug_abbrev  0x000001f4       0xec .\CortexM3\ARM_GCC_441\Debug\Cm3Start.o
 .debug_abbrev  0x000002e0       0x85 .\CortexM3\ARM_GCC_441\Debug\connect4.a(Row.o)
 .debug_abbrev  0x00000365       0x85 .\CortexM3\ARM_GCC_441\Debug\connect4.a(Red.o)
 .debug_abbrev  0x000003ea       0x85 .\CortexM3\ARM_GCC_441\Debug\connect4.a(Green.o)
 .debug_abbrev  0x0000046f       0x85 .\CortexM3\ARM_GCC_441\Debug\connect4.a(Blue.o)
 .debug_abbrev  0x000004f4      0x182 .\CortexM3\ARM_GCC_441\Debug\connect4.a(CyLib.o)
 .debug_abbrev  0x00000676      0x14d .\CortexM3\ARM_GCC_441\Debug\connect4.a(cyPm.o)
 .debug_abbrev  0x000007c3      0x118 .\CortexM3\ARM_GCC_441\Debug\connect4.a(LCD.o)
 .debug_abbrev  0x000008db      0x13a .\CortexM3\ARM_GCC_441\Debug\connect4.a(CapSense.o)
 .debug_abbrev  0x00000a15      0x12c .\CortexM3\ARM_GCC_441\Debug\connect4.a(CapSense_CSHL.o)
 .debug_abbrev  0x00000b41       0x6f .\CortexM3\ARM_GCC_441\Debug\connect4.a(CapSense_INT.o)
 .debug_abbrev  0x00000bb0       0xdd .\CortexM3\ARM_GCC_441\Debug\connect4.a(CapSense_SMS_Wrapper.o)
 .debug_abbrev  0x00000c8d      0x11d .\CortexM3\ARM_GCC_441\Debug\connect4.a(CapSense_CompCH0.o)
 .debug_abbrev  0x00000daa       0xba .\CortexM3\ARM_GCC_441\Debug\connect4.a(CapSense_IdacCH0.o)
 .debug_abbrev  0x00000e64       0x94 .\CortexM3\ARM_GCC_441\Debug\connect4.a(CapSense_AMuxCH0.o)
 .debug_abbrev  0x00000ef8       0xc9 .\CortexM3\ARM_GCC_441\Debug\connect4.a(Timer.o)
 .debug_abbrev  0x00000fc1       0xe1 .\CortexM3\ARM_GCC_441\Debug\connect4.a(ISR.o)
 .debug_abbrev  0x000010a2       0x85 .\CortexM3\ARM_GCC_441\Debug\connect4.a(Remote.o)
 .debug_abbrev  0x00001127      0x13a .\CortexM3\ARM_GCC_441\Debug\connect4.a(UART.o)
 .debug_abbrev  0x00001261       0xa7 .\CortexM3\ARM_GCC_441\Debug\connect4.a(UART_INT.o)
 .debug_abbrev  0x00001308       0xd8 .\CortexM3\ARM_GCC_441\Debug\connect4.a(UART_IntClock.o)
 .debug_abbrev  0x000013e0       0xe1 .\CortexM3\ARM_GCC_441\Debug\connect4.a(Beam.o)
 .debug_abbrev  0x000014c1       0x85 .\CortexM3\ARM_GCC_441\Debug\connect4.a(Colors.o)
 .debug_abbrev  0x00001546       0x85 .\CortexM3\ARM_GCC_441\Debug\connect4.a(Shifter.o)
 .debug_abbrev  0x000015cb       0x85 .\CortexM3\ARM_GCC_441\Debug\connect4.a(Error.o)
 .debug_abbrev  0x00001650      0x164 .\CortexM3\ARM_GCC_441\Debug\connect4.a(cyfitter_cfg.o)
 .debug_abbrev  0x000017b4       0x14 .\CortexM3\ARM_GCC_441\Debug\connect4.a(CyBootAsmGnu.o)
 .debug_abbrev  0x000017c8      0x14a .\CortexM3\ARM_GCC_441\Debug\connect4.a(CyFlash.o)
 .debug_abbrev  0x00001912      0x10e .\CortexM3\ARM_GCC_441\Debug\connect4.a(CySpc.o)
 .debug_abbrev  0x00001a20      0x144 C:\Program Files\Cypress\PSoC Creator\2.2\PSoC Creator\psoc\content\cycomponentlibrary\CyComponentLibrary.cylib\CortexM3\ARM_GCC_441\Debug\CyComponentLibrary.a(CapSense_CSD_SmartSense_v3_20.o)

.debug_line     0x00000000     0x322e
 *(.debug_line)
 .debug_line    0x00000000      0x3ad .\CortexM3\ARM_GCC_441\Debug\main.o
 .debug_line    0x000003ad       0xb8 .\CortexM3\ARM_GCC_441\Debug\Cm3Start.o
 .debug_line    0x00000465       0xae .\CortexM3\ARM_GCC_441\Debug\connect4.a(Row.o)
 .debug_line    0x00000513       0xae .\CortexM3\ARM_GCC_441\Debug\connect4.a(Red.o)
 .debug_line    0x000005c1       0xb0 .\CortexM3\ARM_GCC_441\Debug\connect4.a(Green.o)
 .debug_line    0x00000671       0xaf .\CortexM3\ARM_GCC_441\Debug\connect4.a(Blue.o)
 .debug_line    0x00000720      0x659 .\CortexM3\ARM_GCC_441\Debug\connect4.a(CyLib.o)
 .debug_line    0x00000d79      0x34d .\CortexM3\ARM_GCC_441\Debug\connect4.a(cyPm.o)
 .debug_line    0x000010c6      0x1d9 .\CortexM3\ARM_GCC_441\Debug\connect4.a(LCD.o)
 .debug_line    0x0000129f      0x261 .\CortexM3\ARM_GCC_441\Debug\connect4.a(CapSense.o)
 .debug_line    0x00001500      0x286 .\CortexM3\ARM_GCC_441\Debug\connect4.a(CapSense_CSHL.o)
 .debug_line    0x00001786       0x87 .\CortexM3\ARM_GCC_441\Debug\connect4.a(CapSense_INT.o)
 .debug_line    0x0000180d       0xf4 .\CortexM3\ARM_GCC_441\Debug\connect4.a(CapSense_SMS_Wrapper.o)
 .debug_line    0x00001901      0x18b .\CortexM3\ARM_GCC_441\Debug\connect4.a(CapSense_CompCH0.o)
 .debug_line    0x00001a8c      0x130 .\CortexM3\ARM_GCC_441\Debug\connect4.a(CapSense_IdacCH0.o)
 .debug_line    0x00001bbc       0xe7 .\CortexM3\ARM_GCC_441\Debug\connect4.a(CapSense_AMuxCH0.o)
 .debug_line    0x00001ca3      0x179 .\CortexM3\ARM_GCC_441\Debug\connect4.a(Timer.o)
 .debug_line    0x00001e1c      0x157 .\CortexM3\ARM_GCC_441\Debug\connect4.a(ISR.o)
 .debug_line    0x00001f73       0xb1 .\CortexM3\ARM_GCC_441\Debug\connect4.a(Remote.o)
 .debug_line    0x00002024      0x35c .\CortexM3\ARM_GCC_441\Debug\connect4.a(UART.o)
 .debug_line    0x00002380       0xc4 .\CortexM3\ARM_GCC_441\Debug\connect4.a(UART_INT.o)
 .debug_line    0x00002444      0x182 .\CortexM3\ARM_GCC_441\Debug\connect4.a(UART_IntClock.o)
 .debug_line    0x000025c6      0x158 .\CortexM3\ARM_GCC_441\Debug\connect4.a(Beam.o)
 .debug_line    0x0000271e       0xb1 .\CortexM3\ARM_GCC_441\Debug\connect4.a(Colors.o)
 .debug_line    0x000027cf       0xb2 .\CortexM3\ARM_GCC_441\Debug\connect4.a(Shifter.o)
 .debug_line    0x00002881       0xb0 .\CortexM3\ARM_GCC_441\Debug\connect4.a(Error.o)
 .debug_line    0x00002931      0x1f4 .\CortexM3\ARM_GCC_441\Debug\connect4.a(cyfitter_cfg.o)
 .debug_line    0x00002b25       0x67 .\CortexM3\ARM_GCC_441\Debug\connect4.a(CyBootAsmGnu.o)
 .debug_line    0x00002b8c      0x194 .\CortexM3\ARM_GCC_441\Debug\connect4.a(CyFlash.o)
 .debug_line    0x00002d20      0x18d .\CortexM3\ARM_GCC_441\Debug\connect4.a(CySpc.o)
 .debug_line    0x00002ead      0x381 C:\Program Files\Cypress\PSoC Creator\2.2\PSoC Creator\psoc\content\cycomponentlibrary\CyComponentLibrary.cylib\CortexM3\ARM_GCC_441\Debug\CyComponentLibrary.a(CapSense_CSD_SmartSense_v3_20.o)

.debug_frame    0x00000000     0x2bb0
 *(.debug_frame)
 .debug_frame   0x00000000      0x2a0 .\CortexM3\ARM_GCC_441\Debug\main.o
 .debug_frame   0x000002a0       0x5c .\CortexM3\ARM_GCC_441\Debug\Cm3Start.o
 .debug_frame   0x000002fc       0x80 .\CortexM3\ARM_GCC_441\Debug\connect4.a(Row.o)
 .debug_frame   0x0000037c       0x80 .\CortexM3\ARM_GCC_441\Debug\connect4.a(Red.o)
 .debug_frame   0x000003fc       0x80 .\CortexM3\ARM_GCC_441\Debug\connect4.a(Green.o)
 .debug_frame   0x0000047c       0x80 .\CortexM3\ARM_GCC_441\Debug\connect4.a(Blue.o)
 .debug_frame   0x000004fc      0x778 .\CortexM3\ARM_GCC_441\Debug\connect4.a(CyLib.o)
 .debug_frame   0x00000c74      0x208 .\CortexM3\ARM_GCC_441\Debug\connect4.a(cyPm.o)
 .debug_frame   0x00000e7c      0x1e0 .\CortexM3\ARM_GCC_441\Debug\connect4.a(LCD.o)
 .debug_frame   0x0000105c      0x248 .\CortexM3\ARM_GCC_441\Debug\connect4.a(CapSense.o)
 .debug_frame   0x000012a4      0x1f0 .\CortexM3\ARM_GCC_441\Debug\connect4.a(CapSense_CSHL.o)
 .debug_frame   0x00001494       0x2c .\CortexM3\ARM_GCC_441\Debug\connect4.a(CapSense_INT.o)
 .debug_frame   0x000014c0       0xdc .\CortexM3\ARM_GCC_441\Debug\connect4.a(CapSense_SMS_Wrapper.o)
 .debug_frame   0x0000159c      0x14c .\CortexM3\ARM_GCC_441\Debug\connect4.a(CapSense_CompCH0.o)
 .debug_frame   0x000016e8      0x114 .\CortexM3\ARM_GCC_441\Debug\connect4.a(CapSense_IdacCH0.o)
 .debug_frame   0x000017fc       0xc4 .\CortexM3\ARM_GCC_441\Debug\connect4.a(CapSense_AMuxCH0.o)
 .debug_frame   0x000018c0      0x198 .\CortexM3\ARM_GCC_441\Debug\connect4.a(Timer.o)
 .debug_frame   0x00001a58      0x180 .\CortexM3\ARM_GCC_441\Debug\connect4.a(ISR.o)
 .debug_frame   0x00001bd8       0x80 .\CortexM3\ARM_GCC_441\Debug\connect4.a(Remote.o)
 .debug_frame   0x00001c58      0x3ac .\CortexM3\ARM_GCC_441\Debug\connect4.a(UART.o)
 .debug_frame   0x00002004       0x48 .\CortexM3\ARM_GCC_441\Debug\connect4.a(UART_INT.o)
 .debug_frame   0x0000204c      0x14c .\CortexM3\ARM_GCC_441\Debug\connect4.a(UART_IntClock.o)
 .debug_frame   0x00002198      0x180 .\CortexM3\ARM_GCC_441\Debug\connect4.a(Beam.o)
 .debug_frame   0x00002318       0x80 .\CortexM3\ARM_GCC_441\Debug\connect4.a(Colors.o)
 .debug_frame   0x00002398       0x80 .\CortexM3\ARM_GCC_441\Debug\connect4.a(Shifter.o)
 .debug_frame   0x00002418       0x80 .\CortexM3\ARM_GCC_441\Debug\connect4.a(Error.o)
 .debug_frame   0x00002498      0x13c .\CortexM3\ARM_GCC_441\Debug\connect4.a(cyfitter_cfg.o)
 .debug_frame   0x000025d4      0x178 .\CortexM3\ARM_GCC_441\Debug\connect4.a(CyFlash.o)
 .debug_frame   0x0000274c      0x13c .\CortexM3\ARM_GCC_441\Debug\connect4.a(CySpc.o)
 .debug_frame   0x00002888      0x260 C:\Program Files\Cypress\PSoC Creator\2.2\PSoC Creator\psoc\content\cycomponentlibrary\CyComponentLibrary.cylib\CortexM3\ARM_GCC_441\Debug\CyComponentLibrary.a(CapSense_CSD_SmartSense_v3_20.o)
 .debug_frame   0x00002ae8       0x34 c:/program files/cypress/psoc creator/2.2/psoc creator/import/gnu_cs/arm/4.4.1/bin/../lib/gcc/arm-none-eabi/4.4.1/../../../../arm-none-eabi/lib/thumb2\libc.a(lib_a-memcpy.o)
 .debug_frame   0x00002b1c       0x28 c:/program files/cypress/psoc creator/2.2/psoc creator/import/gnu_cs/arm/4.4.1/bin/../lib/gcc/arm-none-eabi/4.4.1/../../../../arm-none-eabi/lib/thumb2\libc.a(lib_a-memset.o)
 .debug_frame   0x00002b44       0x40 c:/program files/cypress/psoc creator/2.2/psoc creator/import/gnu_cs/arm/4.4.1/bin/../lib/gcc/arm-none-eabi/4.4.1/../../../../arm-none-eabi/lib/thumb2\libcs3.a(start_c.o)
 .debug_frame   0x00002b84       0x2c c:/program files/cypress/psoc creator/2.2/psoc creator/import/gnu_cs/arm/4.4.1/bin/../lib/gcc/arm-none-eabi/4.4.1/../../../../arm-none-eabi/lib/thumb2\libc.a(lib_a-init.o)

.debug_str      0x00000000     0x2f35
 *(.debug_str)
 .debug_str     0x00000000      0x2cf .\CortexM3\ARM_GCC_441\Debug\main.o
                                0x31e (size before relaxing)
 .debug_str     0x000002cf       0x95 .\CortexM3\ARM_GCC_441\Debug\Cm3Start.o
                                0x16b (size before relaxing)
 .debug_str     0x00000364       0x69 .\CortexM3\ARM_GCC_441\Debug\connect4.a(Row.o)
                                0x139 (size before relaxing)
 .debug_str     0x000003cd       0x53 .\CortexM3\ARM_GCC_441\Debug\connect4.a(Red.o)
                                0x139 (size before relaxing)
 .debug_str     0x00000420       0x5d .\CortexM3\ARM_GCC_441\Debug\connect4.a(Green.o)
                                0x143 (size before relaxing)
 .debug_str     0x0000047d       0x58 .\CortexM3\ARM_GCC_441\Debug\connect4.a(Blue.o)
                                0x13e (size before relaxing)
 .debug_str     0x000004d5      0x645 .\CortexM3\ARM_GCC_441\Debug\connect4.a(CyLib.o)
                                0x758 (size before relaxing)
 .debug_str     0x00000b1a      0x382 .\CortexM3\ARM_GCC_441\Debug\connect4.a(cyPm.o)
                                0x47d (size before relaxing)
 .debug_str     0x00000e9c      0x14c .\CortexM3\ARM_GCC_441\Debug\connect4.a(LCD.o)
                                0x244 (size before relaxing)
 .debug_str     0x00000fe8      0x31e .\CortexM3\ARM_GCC_441\Debug\connect4.a(CapSense.o)
                                0x404 (size before relaxing)
 .debug_str     0x00001306      0x419 .\CortexM3\ARM_GCC_441\Debug\connect4.a(CapSense_CSHL.o)
                                0x5bf (size before relaxing)
 .debug_str     0x0000171f       0x3c .\CortexM3\ARM_GCC_441\Debug\connect4.a(CapSense_INT.o)
                                0x12e (size before relaxing)
 .debug_str     0x0000175b      0x319 .\CortexM3\ARM_GCC_441\Debug\connect4.a(CapSense_SMS_Wrapper.o)
                                0x4e6 (size before relaxing)
 .debug_str     0x00001a74      0x1b1 .\CortexM3\ARM_GCC_441\Debug\connect4.a(CapSense_CompCH0.o)
                                0x295 (size before relaxing)
 .debug_str     0x00001c25      0x133 .\CortexM3\ARM_GCC_441\Debug\connect4.a(CapSense_IdacCH0.o)
                                0x214 (size before relaxing)
 .debug_str     0x00001d58      0x105 .\CortexM3\ARM_GCC_441\Debug\connect4.a(CapSense_AMuxCH0.o)
                                0x1d5 (size before relaxing)
 .debug_str     0x00001e5d      0x15d .\CortexM3\ARM_GCC_441\Debug\connect4.a(Timer.o)
                                0x23b (size before relaxing)
 .debug_str     0x00001fba       0xcc .\CortexM3\ARM_GCC_441\Debug\connect4.a(ISR.o)
                                0x1c9 (size before relaxing)
 .debug_str     0x00002086       0x62 .\CortexM3\ARM_GCC_441\Debug\connect4.a(Remote.o)
                                0x148 (size before relaxing)
 .debug_str     0x000020e8      0x383 .\CortexM3\ARM_GCC_441\Debug\connect4.a(UART.o)
                                0x48f (size before relaxing)
 .debug_str     0x0000246b       0x55 .\CortexM3\ARM_GCC_441\Debug\connect4.a(UART_INT.o)
                                0x1b9 (size before relaxing)
 .debug_str     0x000024c0      0x1b4 .\CortexM3\ARM_GCC_441\Debug\connect4.a(UART_IntClock.o)
                                0x291 (size before relaxing)
 .debug_str     0x00002674       0xda .\CortexM3\ARM_GCC_441\Debug\connect4.a(Beam.o)
                                0x1d7 (size before relaxing)
 .debug_str     0x0000274e       0x62 .\CortexM3\ARM_GCC_441\Debug\connect4.a(Colors.o)
                                0x148 (size before relaxing)
 .debug_str     0x000027b0       0x67 .\CortexM3\ARM_GCC_441\Debug\connect4.a(Shifter.o)
                                0x14d (size before relaxing)
 .debug_str     0x00002817       0x5d .\CortexM3\ARM_GCC_441\Debug\connect4.a(Error.o)
                                0x143 (size before relaxing)
 .debug_str     0x00002874      0x181 .\CortexM3\ARM_GCC_441\Debug\connect4.a(cyfitter_cfg.o)
                                0x297 (size before relaxing)
 .debug_str     0x000029f5      0x130 .\CortexM3\ARM_GCC_441\Debug\connect4.a(CyFlash.o)
                                0x239 (size before relaxing)
 .debug_str     0x00002b25       0xfe .\CortexM3\ARM_GCC_441\Debug\connect4.a(CySpc.o)
                                0x208 (size before relaxing)
 .debug_str     0x00002c23      0x312 C:\Program Files\Cypress\PSoC Creator\2.2\PSoC Creator\psoc\content\cycomponentlibrary\CyComponentLibrary.cylib\CortexM3\ARM_GCC_441\Debug\CyComponentLibrary.a(CapSense_CSD_SmartSense_v3_20.o)
                                0x608 (size before relaxing)

.debug_loc      0x00000000     0x4ba3
 *(.debug_loc)
 .debug_loc     0x00000000      0x45f .\CortexM3\ARM_GCC_441\Debug\main.o
 .debug_loc     0x0000045f       0x62 .\CortexM3\ARM_GCC_441\Debug\Cm3Start.o
 .debug_loc     0x000004c1       0xc4 .\CortexM3\ARM_GCC_441\Debug\connect4.a(Row.o)
 .debug_loc     0x00000585       0xc4 .\CortexM3\ARM_GCC_441\Debug\connect4.a(Red.o)
 .debug_loc     0x00000649       0xc4 .\CortexM3\ARM_GCC_441\Debug\connect4.a(Green.o)
 .debug_loc     0x0000070d       0xc4 .\CortexM3\ARM_GCC_441\Debug\connect4.a(Blue.o)
 .debug_loc     0x000007d1      0xca0 .\CortexM3\ARM_GCC_441\Debug\connect4.a(CyLib.o)
 .debug_loc     0x00001471      0x32f .\CortexM3\ARM_GCC_441\Debug\connect4.a(cyPm.o)
 .debug_loc     0x000017a0      0x309 .\CortexM3\ARM_GCC_441\Debug\connect4.a(LCD.o)
 .debug_loc     0x00001aa9      0x3e5 .\CortexM3\ARM_GCC_441\Debug\connect4.a(CapSense.o)
 .debug_loc     0x00001e8e      0x370 .\CortexM3\ARM_GCC_441\Debug\connect4.a(CapSense_CSHL.o)
 .debug_loc     0x000021fe       0x2b .\CortexM3\ARM_GCC_441\Debug\connect4.a(CapSense_INT.o)
 .debug_loc     0x00002229      0x151 .\CortexM3\ARM_GCC_441\Debug\connect4.a(CapSense_SMS_Wrapper.o)
 .debug_loc     0x0000237a      0x209 .\CortexM3\ARM_GCC_441\Debug\connect4.a(CapSense_CompCH0.o)
 .debug_loc     0x00002583      0x1bf .\CortexM3\ARM_GCC_441\Debug\connect4.a(CapSense_IdacCH0.o)
 .debug_loc     0x00002742      0x126 .\CortexM3\ARM_GCC_441\Debug\connect4.a(CapSense_AMuxCH0.o)
 .debug_loc     0x00002868      0x28a .\CortexM3\ARM_GCC_441\Debug\connect4.a(Timer.o)
 .debug_loc     0x00002af2      0x26b .\CortexM3\ARM_GCC_441\Debug\connect4.a(ISR.o)
 .debug_loc     0x00002d5d       0xc4 .\CortexM3\ARM_GCC_441\Debug\connect4.a(Remote.o)
 .debug_loc     0x00002e21      0x63d .\CortexM3\ARM_GCC_441\Debug\connect4.a(UART.o)
 .debug_loc     0x0000345e       0x62 .\CortexM3\ARM_GCC_441\Debug\connect4.a(UART_INT.o)
 .debug_loc     0x000034c0      0x221 .\CortexM3\ARM_GCC_441\Debug\connect4.a(UART_IntClock.o)
 .debug_loc     0x000036e1      0x26b .\CortexM3\ARM_GCC_441\Debug\connect4.a(Beam.o)
 .debug_loc     0x0000394c       0xc4 .\CortexM3\ARM_GCC_441\Debug\connect4.a(Colors.o)
 .debug_loc     0x00003a10       0xc4 .\CortexM3\ARM_GCC_441\Debug\connect4.a(Shifter.o)
 .debug_loc     0x00003ad4       0xc4 .\CortexM3\ARM_GCC_441\Debug\connect4.a(Error.o)
 .debug_loc     0x00003b98      0x226 .\CortexM3\ARM_GCC_441\Debug\connect4.a(cyfitter_cfg.o)
 .debug_loc     0x00003dbe      0x24c .\CortexM3\ARM_GCC_441\Debug\connect4.a(CyFlash.o)
 .debug_loc     0x0000400a      0x226 .\CortexM3\ARM_GCC_441\Debug\connect4.a(CySpc.o)
 .debug_loc     0x00004230      0x973 C:\Program Files\Cypress\PSoC Creator\2.2\PSoC Creator\psoc\content\cycomponentlibrary\CyComponentLibrary.cylib\CortexM3\ARM_GCC_441\Debug\CyComponentLibrary.a(CapSense_CSD_SmartSense_v3_20.o)

.debug_macinfo
 *(.debug_macinfo)

.debug_ranges   0x00000000      0xcf8
 *(.debug_ranges)
 .debug_ranges  0x00000000       0xb8 .\CortexM3\ARM_GCC_441\Debug\main.o
 .debug_ranges  0x000000b8       0x28 .\CortexM3\ARM_GCC_441\Debug\Cm3Start.o
 .debug_ranges  0x000000e0       0x30 .\CortexM3\ARM_GCC_441\Debug\connect4.a(Row.o)
 .debug_ranges  0x00000110       0x30 .\CortexM3\ARM_GCC_441\Debug\connect4.a(Red.o)
 .debug_ranges  0x00000140       0x30 .\CortexM3\ARM_GCC_441\Debug\connect4.a(Green.o)
 .debug_ranges  0x00000170       0x30 .\CortexM3\ARM_GCC_441\Debug\connect4.a(Blue.o)
 .debug_ranges  0x000001a0      0x210 .\CortexM3\ARM_GCC_441\Debug\connect4.a(CyLib.o)
 .debug_ranges  0x000003b0       0x98 .\CortexM3\ARM_GCC_441\Debug\connect4.a(cyPm.o)
 .debug_ranges  0x00000448       0x88 .\CortexM3\ARM_GCC_441\Debug\connect4.a(LCD.o)
 .debug_ranges  0x000004d0       0xa8 .\CortexM3\ARM_GCC_441\Debug\connect4.a(CapSense.o)
 .debug_ranges  0x00000578       0x90 .\CortexM3\ARM_GCC_441\Debug\connect4.a(CapSense_CSHL.o)
 .debug_ranges  0x00000608       0x18 .\CortexM3\ARM_GCC_441\Debug\connect4.a(CapSense_INT.o)
 .debug_ranges  0x00000620       0x48 .\CortexM3\ARM_GCC_441\Debug\connect4.a(CapSense_SMS_Wrapper.o)
 .debug_ranges  0x00000668       0x68 .\CortexM3\ARM_GCC_441\Debug\connect4.a(CapSense_CompCH0.o)
 .debug_ranges  0x000006d0       0x58 .\CortexM3\ARM_GCC_441\Debug\connect4.a(CapSense_IdacCH0.o)
 .debug_ranges  0x00000728       0x40 .\CortexM3\ARM_GCC_441\Debug\connect4.a(CapSense_AMuxCH0.o)
 .debug_ranges  0x00000768       0x80 .\CortexM3\ARM_GCC_441\Debug\connect4.a(Timer.o)
 .debug_ranges  0x000007e8       0x78 .\CortexM3\ARM_GCC_441\Debug\connect4.a(ISR.o)
 .debug_ranges  0x00000860       0x30 .\CortexM3\ARM_GCC_441\Debug\connect4.a(Remote.o)
 .debug_ranges  0x00000890      0x108 .\CortexM3\ARM_GCC_441\Debug\connect4.a(UART.o)
 .debug_ranges  0x00000998       0x20 .\CortexM3\ARM_GCC_441\Debug\connect4.a(UART_INT.o)
 .debug_ranges  0x000009b8       0x68 .\CortexM3\ARM_GCC_441\Debug\connect4.a(UART_IntClock.o)
 .debug_ranges  0x00000a20       0x78 .\CortexM3\ARM_GCC_441\Debug\connect4.a(Beam.o)
 .debug_ranges  0x00000a98       0x30 .\CortexM3\ARM_GCC_441\Debug\connect4.a(Colors.o)
 .debug_ranges  0x00000ac8       0x30 .\CortexM3\ARM_GCC_441\Debug\connect4.a(Shifter.o)
 .debug_ranges  0x00000af8       0x30 .\CortexM3\ARM_GCC_441\Debug\connect4.a(Error.o)
 .debug_ranges  0x00000b28       0x60 .\CortexM3\ARM_GCC_441\Debug\connect4.a(cyfitter_cfg.o)
 .debug_ranges  0x00000b88       0x70 .\CortexM3\ARM_GCC_441\Debug\connect4.a(CyFlash.o)
 .debug_ranges  0x00000bf8       0x60 .\CortexM3\ARM_GCC_441\Debug\connect4.a(CySpc.o)
 .debug_ranges  0x00000c58       0xa0 C:\Program Files\Cypress\PSoC Creator\2.2\PSoC Creator\psoc\content\cycomponentlibrary\CyComponentLibrary.cylib\CortexM3\ARM_GCC_441\Debug\CyComponentLibrary.a(CapSense_CSD_SmartSense_v3_20.o)

.debug_weaknames
 *(.debug_weaknames)

.debug_funcnames
 *(.debug_funcnames)

.debug_typenames
 *(.debug_typenames)

.debug_varnames
 *(.debug_varnames)

.note.gnu.arm.ident
 *(.note.gnu.arm.ident)

.ARM.attributes
                0x00000000       0x25
 *(.ARM.attributes)
 .ARM.attributes
                0x00000000       0x19 c:/program files/cypress/psoc creator/2.2/psoc creator/import/gnu_cs/arm/4.4.1/bin/../lib/gcc/arm-none-eabi/4.4.1/thumb2/crti.o
 .ARM.attributes
                0x00000019       0x29 c:/program files/cypress/psoc creator/2.2/psoc creator/import/gnu_cs/arm/4.4.1/bin/../lib/gcc/arm-none-eabi/4.4.1/thumb2/crtbegin.o
 .ARM.attributes
                0x00000042       0x31 .\CortexM3\ARM_GCC_441\Debug\main.o
 .ARM.attributes
                0x00000073       0x31 .\CortexM3\ARM_GCC_441\Debug\Cm3Start.o
 .ARM.attributes
                0x000000a4       0x31 .\CortexM3\ARM_GCC_441\Debug\connect4.a(Row.o)
 .ARM.attributes
                0x000000d5       0x31 .\CortexM3\ARM_GCC_441\Debug\connect4.a(Red.o)
 .ARM.attributes
                0x00000106       0x31 .\CortexM3\ARM_GCC_441\Debug\connect4.a(Green.o)
 .ARM.attributes
                0x00000137       0x31 .\CortexM3\ARM_GCC_441\Debug\connect4.a(Blue.o)
 .ARM.attributes
                0x00000168       0x31 .\CortexM3\ARM_GCC_441\Debug\connect4.a(CyLib.o)
 .ARM.attributes
                0x00000199       0x31 .\CortexM3\ARM_GCC_441\Debug\connect4.a(cyPm.o)
 .ARM.attributes
                0x000001ca       0x31 .\CortexM3\ARM_GCC_441\Debug\connect4.a(LCD.o)
 .ARM.attributes
                0x000001fb       0x31 .\CortexM3\ARM_GCC_441\Debug\connect4.a(CapSense.o)
 .ARM.attributes
                0x0000022c       0x31 .\CortexM3\ARM_GCC_441\Debug\connect4.a(CapSense_CSHL.o)
 .ARM.attributes
                0x0000025d       0x31 .\CortexM3\ARM_GCC_441\Debug\connect4.a(CapSense_INT.o)
 .ARM.attributes
                0x0000028e       0x31 .\CortexM3\ARM_GCC_441\Debug\connect4.a(CapSense_SMS_Wrapper.o)
 .ARM.attributes
                0x000002bf       0x31 .\CortexM3\ARM_GCC_441\Debug\connect4.a(CapSense_CompCH0.o)
 .ARM.attributes
                0x000002f0       0x31 .\CortexM3\ARM_GCC_441\Debug\connect4.a(CapSense_IdacCH0.o)
 .ARM.attributes
                0x00000321       0x31 .\CortexM3\ARM_GCC_441\Debug\connect4.a(CapSense_AMuxCH0.o)
 .ARM.attributes
                0x00000352       0x31 .\CortexM3\ARM_GCC_441\Debug\connect4.a(Timer.o)
 .ARM.attributes
                0x00000383       0x31 .\CortexM3\ARM_GCC_441\Debug\connect4.a(ISR.o)
 .ARM.attributes
                0x000003b4       0x31 .\CortexM3\ARM_GCC_441\Debug\connect4.a(Remote.o)
 .ARM.attributes
                0x000003e5       0x31 .\CortexM3\ARM_GCC_441\Debug\connect4.a(UART.o)
 .ARM.attributes
                0x00000416       0x31 .\CortexM3\ARM_GCC_441\Debug\connect4.a(UART_INT.o)
 .ARM.attributes
                0x00000447       0x31 .\CortexM3\ARM_GCC_441\Debug\connect4.a(UART_IntClock.o)
 .ARM.attributes
                0x00000478       0x31 .\CortexM3\ARM_GCC_441\Debug\connect4.a(Beam.o)
 .ARM.attributes
                0x000004a9       0x31 .\CortexM3\ARM_GCC_441\Debug\connect4.a(Colors.o)
 .ARM.attributes
                0x000004da       0x31 .\CortexM3\ARM_GCC_441\Debug\connect4.a(Shifter.o)
 .ARM.attributes
                0x0000050b       0x31 .\CortexM3\ARM_GCC_441\Debug\connect4.a(Error.o)
 .ARM.attributes
                0x0000053c       0x31 .\CortexM3\ARM_GCC_441\Debug\connect4.a(cyfitter_cfg.o)
 .ARM.attributes
                0x0000056d       0x21 .\CortexM3\ARM_GCC_441\Debug\connect4.a(CyBootAsmGnu.o)
 .ARM.attributes
                0x0000058e       0x31 .\CortexM3\ARM_GCC_441\Debug\connect4.a(CyFlash.o)
 .ARM.attributes
                0x000005bf       0x31 .\CortexM3\ARM_GCC_441\Debug\connect4.a(CySpc.o)
 .ARM.attributes
                0x000005f0       0x31 C:\Program Files\Cypress\PSoC Creator\2.2\PSoC Creator\psoc\content\cycomponentlibrary\CyComponentLibrary.cylib\CortexM3\ARM_GCC_441\Debug\CyComponentLibrary.a(CapSense_CSD_SmartSense_v3_20.o)
 .ARM.attributes
                0x00000621       0x29 c:/program files/cypress/psoc creator/2.2/psoc creator/import/gnu_cs/arm/4.4.1/bin/../lib/gcc/arm-none-eabi/4.4.1/../../../../arm-none-eabi/lib/thumb2\libc.a(lib_a-memcpy.o)
 .ARM.attributes
                0x0000064a       0x29 c:/program files/cypress/psoc creator/2.2/psoc creator/import/gnu_cs/arm/4.4.1/bin/../lib/gcc/arm-none-eabi/4.4.1/../../../../arm-none-eabi/lib/thumb2\libc.a(lib_a-memset.o)
 .ARM.attributes
                0x00000673       0x29 c:/program files/cypress/psoc creator/2.2/psoc creator/import/gnu_cs/arm/4.4.1/bin/../lib/gcc/arm-none-eabi/4.4.1/thumb2/crtend.o
 .ARM.attributes
                0x0000069c       0x19 c:/program files/cypress/psoc creator/2.2/psoc creator/import/gnu_cs/arm/4.4.1/bin/../lib/gcc/arm-none-eabi/4.4.1/thumb2/crtn.o
 .ARM.attributes
                0x000006b5       0x29 c:/program files/cypress/psoc creator/2.2/psoc creator/import/gnu_cs/arm/4.4.1/bin/../lib/gcc/arm-none-eabi/4.4.1/../../../../arm-none-eabi/lib/thumb2\libcs3.a(start_c.o)
 .ARM.attributes
                0x000006de       0x19 c:/program files/cypress/psoc creator/2.2/psoc creator/import/gnu_cs/arm/4.4.1/bin/../lib/gcc/arm-none-eabi/4.4.1/../../../../arm-none-eabi/lib/thumb2\libcs3micro.a(micro_isr_interrupt.o)
 .ARM.attributes
                0x000006f7       0x29 c:/program files/cypress/psoc creator/2.2/psoc creator/import/gnu_cs/arm/4.4.1/bin/../lib/gcc/arm-none-eabi/4.4.1/../../../../arm-none-eabi/lib/thumb2\libc.a(lib_a-init.o)

/DISCARD/
 *(.note.GNU-stack)
OUTPUT(.\CortexM3\ARM_GCC_441\Debug\connect4.elf elf32-littlearm)
