Archive member included because of file (symbol)

.\CortexM3\ARM_GCC_441\Debug\connect4.a(Row.o)
                              .\CortexM3\ARM_GCC_441\Debug\matrix.o (Row_Write)
.\CortexM3\ARM_GCC_441\Debug\connect4.a(Red.o)
                              .\CortexM3\ARM_GCC_441\Debug\matrix.o (Red_Write)
.\CortexM3\ARM_GCC_441\Debug\connect4.a(Green.o)
                              .\CortexM3\ARM_GCC_441\Debug\matrix.o (Green_Write)
.\CortexM3\ARM_GCC_441\Debug\connect4.a(Blue.o)
                              .\CortexM3\ARM_GCC_441\Debug\matrix.o (Blue_Write)
.\CortexM3\ARM_GCC_441\Debug\connect4.a(CyLib.o)
                              .\CortexM3\ARM_GCC_441\Debug\Cm3Start.o (CyResetStatus)
.\CortexM3\ARM_GCC_441\Debug\connect4.a(cyPm.o)
                              .\CortexM3\ARM_GCC_441\Debug\connect4.a(CyLib.o) (CyPmReadStatus)
.\CortexM3\ARM_GCC_441\Debug\connect4.a(LCD.o)
                              .\CortexM3\ARM_GCC_441\Debug\display.o (LCD_WriteControl)
.\CortexM3\ARM_GCC_441\Debug\connect4.a(CapSense.o)
                              .\CortexM3\ARM_GCC_441\Debug\main.o (CapSense_Start)
.\CortexM3\ARM_GCC_441\Debug\connect4.a(CapSense_CSHL.o)
                              .\CortexM3\ARM_GCC_441\Debug\main.o (CapSense_InitializeAllBaselines)
.\CortexM3\ARM_GCC_441\Debug\connect4.a(CapSense_INT.o)
                              .\CortexM3\ARM_GCC_441\Debug\connect4.a(CapSense.o) (CapSense_IsrCH0_ISR)
.\CortexM3\ARM_GCC_441\Debug\connect4.a(CapSense_SMS_Wrapper.o)
                              .\CortexM3\ARM_GCC_441\Debug\connect4.a(CapSense_CSHL.o) (CapSense_CalculateThresholds)
.\CortexM3\ARM_GCC_441\Debug\connect4.a(CapSense_CompCH0.o)
                              .\CortexM3\ARM_GCC_441\Debug\connect4.a(CapSense.o) (CapSense_CompCH0_Init)
.\CortexM3\ARM_GCC_441\Debug\connect4.a(CapSense_IdacCH0.o)
                              .\CortexM3\ARM_GCC_441\Debug\connect4.a(CapSense.o) (CapSense_IdacCH0_Init)
.\CortexM3\ARM_GCC_441\Debug\connect4.a(CapSense_AMuxCH0.o)
                              .\CortexM3\ARM_GCC_441\Debug\connect4.a(CapSense.o) (CapSense_AMuxCH0_Init)
.\CortexM3\ARM_GCC_441\Debug\connect4.a(Timer.o)
                              .\CortexM3\ARM_GCC_441\Debug\main.o (Timer_WritePeriod)
.\CortexM3\ARM_GCC_441\Debug\connect4.a(UART.o)
                              .\CortexM3\ARM_GCC_441\Debug\main.o (UART_Start)
.\CortexM3\ARM_GCC_441\Debug\connect4.a(UART_IntClock.o)
                              .\CortexM3\ARM_GCC_441\Debug\connect4.a(UART.o) (UART_IntClock_Start)
.\CortexM3\ARM_GCC_441\Debug\connect4.a(Beam.o)
                              .\CortexM3\ARM_GCC_441\Debug\main.o (Beam_StartEx)
.\CortexM3\ARM_GCC_441\Debug\connect4.a(RemoteLED.o)
                              .\CortexM3\ARM_GCC_441\Debug\main.o (RemoteLED_Write)
.\CortexM3\ARM_GCC_441\Debug\connect4.a(Location.o)
                              .\CortexM3\ARM_GCC_441\Debug\main.o (Location_StartEx)
.\CortexM3\ARM_GCC_441\Debug\connect4.a(Colors.o)
                              .\CortexM3\ARM_GCC_441\Debug\matrix.o (Colors_Write)
.\CortexM3\ARM_GCC_441\Debug\connect4.a(Shifter.o)
                              .\CortexM3\ARM_GCC_441\Debug\matrix.o (Shifter_Write)
.\CortexM3\ARM_GCC_441\Debug\connect4.a(cyfitter_cfg.o)
                              .\CortexM3\ARM_GCC_441\Debug\connect4.a(CapSense.o) (CapSense_AMuxCH0_Set)
.\CortexM3\ARM_GCC_441\Debug\connect4.a(CyBootAsmGnu.o)
                              .\CortexM3\ARM_GCC_441\Debug\connect4.a(CyLib.o) (CyDelayCycles)
.\CortexM3\ARM_GCC_441\Debug\connect4.a(CyFlash.o)
                              .\CortexM3\ARM_GCC_441\Debug\connect4.a(cyPm.o) (CyFlash_SetWaitCycles)
.\CortexM3\ARM_GCC_441\Debug\connect4.a(CySpc.o)
                              .\CortexM3\ARM_GCC_441\Debug\connect4.a(CyFlash.o) (CySpcStart)
C:\Program Files\Cypress\PSoC Creator\2.2\PSoC Creator\psoc\content\cycomponentlibrary\CyComponentLibrary.cylib\CortexM3\ARM_GCC_441\Debug\CyComponentLibrary.a(CapSense_CSD_SmartSense_v3_20.o)
                              .\CortexM3\ARM_GCC_441\Debug\connect4.a(CapSense_SMS_Wrapper.o) (SMS_LIB_V3_CalculateThresholds)
c:/program files/cypress/psoc creator/2.2/psoc creator/import/gnu_cs/arm/4.4.1/bin/../lib/gcc/arm-none-eabi/4.4.1/../../../../arm-none-eabi/lib/thumb2\libc.a(lib_a-memcpy.o)
                              .\CortexM3\ARM_GCC_441\Debug\connect4.a(cyfitter_cfg.o) (memcpy)
c:/program files/cypress/psoc creator/2.2/psoc creator/import/gnu_cs/arm/4.4.1/bin/../lib/gcc/arm-none-eabi/4.4.1/../../../../arm-none-eabi/lib/thumb2\libc.a(lib_a-memset.o)
                              .\CortexM3\ARM_GCC_441\Debug\connect4.a(cyfitter_cfg.o) (memset)
c:/program files/cypress/psoc creator/2.2/psoc creator/import/gnu_cs/arm/4.4.1/bin/../lib/gcc/arm-none-eabi/4.4.1/../../../../arm-none-eabi/lib/thumb2\libcs3.a(start_c.o)
                              (__cs3_start_c)
[...]
Memory Configuration

Name             Origin             Length             Attributes
rom              0x00000000         0x00040000         xr
ram              0x1fff8000         0x0000b000         xrw
*default*        0x00000000         0xffffffff

Linker script and memory map

LOAD c:/program files/cypress/psoc creator/2.2/psoc creator/import/gnu_cs/arm/4.4.1/bin/../lib/gcc/arm-none-eabi/4.4.1/thumb2/crti.o
LOAD c:/program files/cypress/psoc creator/2.2/psoc creator/import/gnu_cs/arm/4.4.1/bin/../lib/gcc/arm-none-eabi/4.4.1/thumb2/crtbegin.o
START GROUP
LOAD .\CortexM3\ARM_GCC_441\Debug\main.o
LOAD .\CortexM3\ARM_GCC_441\Debug\display.o
LOAD .\CortexM3\ARM_GCC_441\Debug\matrix.o
LOAD .\CortexM3\ARM_GCC_441\Debug\Cm3Start.o
LOAD .\CortexM3\ARM_GCC_441\Debug\connect4.a
LOAD C:\Program Files\Cypress\PSoC Creator\2.2\PSoC Creator\psoc\content\cycomponentlibrary\CyComponentLibrary.cylib\CortexM3\ARM_GCC_441\Debug\CyComponentLibrary.a
END GROUP
START GROUP
LOAD c:/program files/cypress/psoc creator/2.2/psoc creator/import/gnu_cs/arm/4.4.1/bin/../lib/gcc/arm-none-eabi/4.4.1/thumb2\libgcc.a
LOAD c:/program files/cypress/psoc creator/2.2/psoc creator/import/gnu_cs/arm/4.4.1/bin/../lib/gcc/arm-none-eabi/4.4.1/../../../../arm-none-eabi/lib/thumb2\libc.a
END GROUP
LOAD c:/program files/cypress/psoc creator/2.2/psoc creator/import/gnu_cs/arm/4.4.1/bin/../lib/gcc/arm-none-eabi/4.4.1/thumb2/crtend.o
LOAD c:/program files/cypress/psoc creator/2.2/psoc creator/import/gnu_cs/arm/4.4.1/bin/../lib/gcc/arm-none-eabi/4.4.1/thumb2/crtn.o
START GROUP
LOAD c:/program files/cypress/psoc creator/2.2/psoc creator/import/gnu_cs/arm/4.4.1/bin/../lib/gcc/arm-none-eabi/4.4.1/thumb2\libgcc.a
LOAD c:/program files/cypress/psoc creator/2.2/psoc creator/import/gnu_cs/arm/4.4.1/bin/../lib/gcc/arm-none-eabi/4.4.1/../../../../arm-none-eabi/lib/thumb2\libc.a
LOAD c:/program files/cypress/psoc creator/2.2/psoc creator/import/gnu_cs/arm/4.4.1/bin/../lib/gcc/arm-none-eabi/4.4.1/../../../../arm-none-eabi/lib/thumb2\libcs3.a
LOAD c:/program files/cypress/psoc creator/2.2/psoc creator/import/gnu_cs/arm/4.4.1/bin/../lib/gcc/arm-none-eabi/4.4.1/../../../../arm-none-eabi/lib/thumb2\libcs3unhosted.a
LOAD c:/program files/cypress/psoc creator/2.2/psoc creator/import/gnu_cs/arm/4.4.1/bin/../lib/gcc/arm-none-eabi/4.4.1/../../../../arm-none-eabi/lib/thumb2\libcs3micro.a
END GROUP
                0x1fff82a0                PROVIDE (__cs3_heap_start, _end)
                0x00000001                PROVIDE (__cs3_region_num, ((__cs3_regions_end - __cs3_regions) / 0x14))
                0x20008000                PROVIDE (__cs3_stack, 0x20008000)
                0x20004000                PROVIDE (__cs3_heap_end, (__cs3_stack - 0x4000))

.text           0x00000000     0x46f0
 CREATE_OBJECT_SYMBOLS
                0x00000000                __cs3_interrupt_vector = __cs3_interrupt_vector_micro
 *(.cs3.interrupt_vector)
 .cs3.interrupt_vector
                0x00000000       0xc0 c:/program files/cypress/psoc creator/2.2/psoc creator/import/gnu_cs/arm/4.4.1/bin/../lib/gcc/arm-none-eabi/4.4.1/../../../../arm-none-eabi/lib/thumb2\libcs3micro.a(micro-vector.o)
                0x00000000                __cs3_interrupt_vector_micro
                0x00000001                ASSERT ((. != __cs3_interrupt_vector_micro), No interrupt vector)
                0x000015e8                PROVIDE (__cs3_reset, Reset)
 *(.cs3.reset)
                0x00000001                ASSERT ((. != __cs3_reset), No reset code)
 *(.dma_init)
                0x00000001                ASSERT ((((0x0 + .) <= 0x10000) || 0x1), DMA Init must be within the first 64k of flash)
 *(.text.cs3.init)
 .text.cs3.init
                0x000000c0       0x5c c:/program files/cypress/psoc creator/2.2/psoc creator/import/gnu_cs/arm/4.4.1/bin/../lib/gcc/arm-none-eabi/4.4.1/../../../../arm-none-eabi/lib/thumb2\libcs3.a(start_c.o)
                0x000000c0                __cs3_start_c
 *(.text .text.* .gnu.linkonce.t.*)
 .text          0x0000011c       0x30 c:/program files/cypress/psoc creator/2.2/psoc creator/import/gnu_cs/arm/4.4.1/bin/../lib/gcc/arm-none-eabi/4.4.1/thumb2/crtbegin.o
 .text.toggle   0x0000014c       0x34 .\CortexM3\ARM_GCC_441\Debug\main.o
                0x0000014c                toggle
 .text.configure_XBee
                0x00000180      0x13c .\CortexM3\ARM_GCC_441\Debug\main.o
                0x00000180                configure_XBee
 .text.send_packet
                0x000002bc       0xa8 .\CortexM3\ARM_GCC_441\Debug\main.o
                0x000002bc                send_packet
 .text.receive_packet
                0x00000364      0x168 .\CortexM3\ARM_GCC_441\Debug\main.o
                0x00000364                receive_packet
 .text.clear_board
                0x000004cc       0x70 .\CortexM3\ARM_GCC_441\Debug\main.o
                0x000004cc                clear_board
 .text.winner_check
                0x0000053c      0x510 .\CortexM3\ARM_GCC_441\Debug\main.o
                0x0000053c                winner_check
 .text.refresh  0x00000a4c      0x134 .\CortexM3\ARM_GCC_441\Debug\main.o
                0x00000a4c                refresh
 .text.main     0x00000b80      0x5c0 .\CortexM3\ARM_GCC_441\Debug\main.o
                0x00000b80                main
 .text.LCD_ClearLine
                0x00001140       0x2c .\CortexM3\ARM_GCC_441\Debug\display.o
                0x00001140                LCD_ClearLine
 .text.LCD_UpdateStatus
                0x0000116c       0x2c .\CortexM3\ARM_GCC_441\Debug\display.o
                0x0000116c                LCD_UpdateStatus
 .text.LCD_UpdateMessage
                0x00001198       0x2c .\CortexM3\ARM_GCC_441\Debug\display.o
                0x00001198                LCD_UpdateMessage
 .text.matrix_illuminate
                0x000011c4      0x204 .\CortexM3\ARM_GCC_441\Debug\matrix.o
                0x000011c4                matrix_illuminate
 .text.matrix_deluminate
                0x000013c8       0x70 .\CortexM3\ARM_GCC_441\Debug\matrix.o
                0x000013c8                matrix_deluminate
 .text.matrix_test
                0x00001438      0x1b0 .\CortexM3\ARM_GCC_441\Debug\matrix.o
                0x00001438                matrix_test
 .text.Reset    0x000015e8       0x24 .\CortexM3\ARM_GCC_441\Debug\Cm3Start.o
                0x000015e8                Reset
 .text.initialize_psoc
                0x0000160c       0x9c .\CortexM3\ARM_GCC_441\Debug\Cm3Start.o
                0x0000160c                initialize_psoc
 .text.Row_Write
                0x000016a8       0x44 .\CortexM3\ARM_GCC_441\Debug\connect4.a(Row.o)
                0x000016a8                Row_Write
 .text.Red_Write
                0x000016ec       0x44 .\CortexM3\ARM_GCC_441\Debug\connect4.a(Red.o)
                0x000016ec                Red_Write
 .text.Green_Write
                0x00001730       0x44 .\CortexM3\ARM_GCC_441\Debug\connect4.a(Green.o)
                0x00001730                Green_Write
 .text.Blue_Write
                0x00001774       0x40 .\CortexM3\ARM_GCC_441\Debug\connect4.a(Blue.o)
                0x00001774                Blue_Write
 .text.CyHalt   0x000017b4       0x18 .\CortexM3\ARM_GCC_441\Debug\connect4.a(CyLib.o)
                0x000017b4                CyHalt
 .text.CyDelay  0x000017cc       0x48 .\CortexM3\ARM_GCC_441\Debug\connect4.a(CyLib.o)
                0x000017cc                CyDelay
 .text.CyDelayUs
                0x00001814       0x28 .\CortexM3\ARM_GCC_441\Debug\connect4.a(CyLib.o)
                0x00001814                CyDelayUs
 .text.CyIntSetVector
                0x0000183c       0x60 .\CortexM3\ARM_GCC_441\Debug\connect4.a(CyLib.o)
                0x0000183c                CyIntSetVector
 .text.CyIntSetPriority
                0x0000189c       0x4c .\CortexM3\ARM_GCC_441\Debug\connect4.a(CyLib.o)
                0x0000189c                CyIntSetPriority
 .text.LCD_Init
                0x000018e8       0x90 .\CortexM3\ARM_GCC_441\Debug\connect4.a(LCD.o)
                0x000018e8                LCD_Init
 .text.LCD_Enable
                0x00001978       0x1c .\CortexM3\ARM_GCC_441\Debug\connect4.a(LCD.o)
                0x00001978                LCD_Enable
 .text.LCD_Start
                0x00001994       0x2c .\CortexM3\ARM_GCC_441\Debug\connect4.a(LCD.o)
                0x00001994                LCD_Start
 .text.LCD_Position
                0x000019c0       0x74 .\CortexM3\ARM_GCC_441\Debug\connect4.a(LCD.o)
                0x000019c0                LCD_Position
 .text.LCD_PrintString
                0x00001a34       0x40 .\CortexM3\ARM_GCC_441\Debug\connect4.a(LCD.o)
                0x00001a34                LCD_PrintString
 .text.LCD_PutChar
                0x00001a74       0x1c .\CortexM3\ARM_GCC_441\Debug\connect4.a(LCD.o)
                0x00001a74                LCD_PutChar
 .text.LCD_WriteData
                0x00001a90       0x38 .\CortexM3\ARM_GCC_441\Debug\connect4.a(LCD.o)
                0x00001a90                LCD_WriteData
 .text.LCD_WriteControl
                0x00001ac8       0x38 .\CortexM3\ARM_GCC_441\Debug\connect4.a(LCD.o)
                0x00001ac8                LCD_WriteControl
 .text.LCD_IsReady
                0x00001b00      0x1f4 .\CortexM3\ARM_GCC_441\Debug\connect4.a(LCD.o)
                0x00001b00                LCD_IsReady
 .text.LCD_WrDatNib
                0x00001cf4       0xac .\CortexM3\ARM_GCC_441\Debug\connect4.a(LCD.o)
 .text.LCD_WrCntrlNib
                0x00001da0       0x8c .\CortexM3\ARM_GCC_441\Debug\connect4.a(LCD.o)
 .text.LCD_PrintNumber
                0x00001e2c      0x110 .\CortexM3\ARM_GCC_441\Debug\connect4.a(LCD.o)
                0x00001e2c                LCD_PrintNumber
 .text.CapSense_Init
                0x00001f3c      0x1ac .\CortexM3\ARM_GCC_441\Debug\connect4.a(CapSense.o)
                0x00001f3c                CapSense_Init
 .text.CapSense_Enable
                0x000020e8       0xc4 .\CortexM3\ARM_GCC_441\Debug\connect4.a(CapSense.o)
                0x000020e8                CapSense_Enable
 .text.CapSense_Start
                0x000021ac       0x3c .\CortexM3\ARM_GCC_441\Debug\connect4.a(CapSense.o)
                0x000021ac                CapSense_Start
 .text.CapSense_FindNextSensor
                0x000021e8       0x5c .\CortexM3\ARM_GCC_441\Debug\connect4.a(CapSense.o)
                0x000021e8                CapSense_FindNextSensor
 .text.CapSense_SetScanSlotSettings
                0x00002244       0x5c .\CortexM3\ARM_GCC_441\Debug\connect4.a(CapSense.o)
                0x00002244                CapSense_SetScanSlotSettings
 .text.CapSense_ScanSensor
                0x000022a0       0x44 .\CortexM3\ARM_GCC_441\Debug\connect4.a(CapSense.o)
                0x000022a0                CapSense_ScanSensor
 .text.CapSense_ScanEnabledWidgets
                0x000022e4       0x80 .\CortexM3\ARM_GCC_441\Debug\connect4.a(CapSense.o)
                0x000022e4                CapSense_ScanEnabledWidgets
 .text.CapSense_IsBusy
                0x00002364       0x2c .\CortexM3\ARM_GCC_441\Debug\connect4.a(CapSense.o)
                0x00002364                CapSense_IsBusy
 .text.CapSense_ClearSensors
                0x00002390       0x2c .\CortexM3\ARM_GCC_441\Debug\connect4.a(CapSense.o)
                0x00002390                CapSense_ClearSensors
 .text.CapSense_EnableSensor
                0x000023bc       0x80 .\CortexM3\ARM_GCC_441\Debug\connect4.a(CapSense.o)
                0x000023bc                CapSense_EnableSensor
 .text.CapSense_DisableSensor
                0x0000243c       0x88 .\CortexM3\ARM_GCC_441\Debug\connect4.a(CapSense.o)
                0x0000243c                CapSense_DisableSensor
 .text.CapSense_PreScan
                0x000024c4       0x74 .\CortexM3\ARM_GCC_441\Debug\connect4.a(CapSense.o)
                0x000024c4                CapSense_PreScan
 .text.CapSense_PostScan
                0x00002538       0xc8 .\CortexM3\ARM_GCC_441\Debug\connect4.a(CapSense.o)
                0x00002538                CapSense_PostScan
 .text.CapSense_SetPrescaler
                0x00002600       0x34 .\CortexM3\ARM_GCC_441\Debug\connect4.a(CapSense.o)
                0x00002600                CapSense_SetPrescaler
 .text.CapSense_SetAnalogSwitchesSource
                0x00002634       0x54 .\CortexM3\ARM_GCC_441\Debug\connect4.a(CapSense.o)
                0x00002634                CapSense_SetAnalogSwitchesSource
 .text.CapSense_BaseInit
                0x00002688       0x80 .\CortexM3\ARM_GCC_441\Debug\connect4.a(CapSense_CSHL.o)
                0x00002688                CapSense_BaseInit
 .text.CapSense_InitializeSensorBaseline
                0x00002708       0x2c .\CortexM3\ARM_GCC_441\Debug\connect4.a(CapSense_CSHL.o)
                0x00002708                CapSense_InitializeSensorBaseline
 .text.CapSense_InitializeAllBaselines
                0x00002734       0x2c .\CortexM3\ARM_GCC_441\Debug\connect4.a(CapSense_CSHL.o)
                0x00002734                CapSense_InitializeAllBaselines
 .text.CapSense_UpdateSensorBaseline
                0x00002760      0x1c0 .\CortexM3\ARM_GCC_441\Debug\connect4.a(CapSense_CSHL.o)
                0x00002760                CapSense_UpdateSensorBaseline
 .text.CapSense_UpdateEnabledBaselines
                0x00002920       0x5c .\CortexM3\ARM_GCC_441\Debug\connect4.a(CapSense_CSHL.o)
                0x00002920                CapSense_UpdateEnabledBaselines
 .text.CapSense_CheckIsSensorActive
                0x0000297c      0x194 .\CortexM3\ARM_GCC_441\Debug\connect4.a(CapSense_CSHL.o)
                0x0000297c                CapSense_CheckIsSensorActive
 .text.CapSense_CheckIsWidgetActive
                0x00002b10       0x60 .\CortexM3\ARM_GCC_441\Debug\connect4.a(CapSense_CSHL.o)
                0x00002b10                CapSense_CheckIsWidgetActive
 .text.CapSense_FindMaximum
                0x00002b70       0x7c .\CortexM3\ARM_GCC_441\Debug\connect4.a(CapSense_CSHL.o)
                0x00002b70                CapSense_FindMaximum
 .text.CapSense_CalcCentroid
                0x00002bec      0x1d4 .\CortexM3\ARM_GCC_441\Debug\connect4.a(CapSense_CSHL.o)
                0x00002bec                CapSense_CalcCentroid
 .text.CapSense_GetCentroidPos
                0x00002dc0      0x148 .\CortexM3\ARM_GCC_441\Debug\connect4.a(CapSense_CSHL.o)
                0x00002dc0                CapSense_GetCentroidPos
 .text.CapSense_IIR4Filter
                0x00002f08       0x3c .\CortexM3\ARM_GCC_441\Debug\connect4.a(CapSense_CSHL.o)
                0x00002f08                CapSense_IIR4Filter
 .text.CapSense_IsrCH0_ISR
                0x00002f44       0xa8 .\CortexM3\ARM_GCC_441\Debug\connect4.a(CapSense_INT.o)
                0x00002f44                CapSense_IsrCH0_ISR
 .text.SMS_LIB_ScanSensor
                0x00002fec       0x1c .\CortexM3\ARM_GCC_441\Debug\connect4.a(CapSense_SMS_Wrapper.o)
                0x00002fec                SMS_LIB_ScanSensor
 .text.SMS_LIB_IsBusy
                0x00003008       0x10 .\CortexM3\ARM_GCC_441\Debug\connect4.a(CapSense_SMS_Wrapper.o)
                0x00003008                SMS_LIB_IsBusy
 .text.CapSense_CalculateThresholds
                0x00003018       0x1c .\CortexM3\ARM_GCC_441\Debug\connect4.a(CapSense_SMS_Wrapper.o)
                0x00003018                CapSense_CalculateThresholds
 .text.CapSense_AutoTune
                0x00003034        0xc .\CortexM3\ARM_GCC_441\Debug\connect4.a(CapSense_SMS_Wrapper.o)
                0x00003034                CapSense_AutoTune
 .text.SMS_LIB_V3_SetAnalogSwitchesSrc_PRS
                0x00003040       0x10 .\CortexM3\ARM_GCC_441\Debug\connect4.a(CapSense_SMS_Wrapper.o)
                0x00003040                SMS_LIB_V3_SetAnalogSwitchesSrc_PRS
 .text.SMS_LIB_V3_SetAnalogSwitchesSrc_Prescaler
                0x00003050       0x10 .\CortexM3\ARM_GCC_441\Debug\connect4.a(CapSense_SMS_Wrapper.o)
                0x00003050                SMS_LIB_V3_SetAnalogSwitchesSrc_Prescaler
 .text.CapSense_CompCH0_Init
                0x00003060       0x98 .\CortexM3\ARM_GCC_441\Debug\connect4.a(CapSense_CompCH0.o)
                0x00003060                CapSense_CompCH0_Init
 .text.CapSense_CompCH0_Enable
                0x000030f8       0x44 .\CortexM3\ARM_GCC_441\Debug\connect4.a(CapSense_CompCH0.o)
                0x000030f8                CapSense_CompCH0_Enable
 .text.CapSense_CompCH0_SetSpeed
                0x0000313c       0xa0 .\CortexM3\ARM_GCC_441\Debug\connect4.a(CapSense_CompCH0.o)
                0x0000313c                CapSense_CompCH0_SetSpeed
 .text.CapSense_IdacCH0_Init
                0x000031dc       0x68 .\CortexM3\ARM_GCC_441\Debug\connect4.a(CapSense_IdacCH0.o)
                0x000031dc                CapSense_IdacCH0_Init
 .text.CapSense_IdacCH0_Enable
                0x00003244       0x44 .\CortexM3\ARM_GCC_441\Debug\connect4.a(CapSense_IdacCH0.o)
                0x00003244                CapSense_IdacCH0_Enable
 .text.CapSense_IdacCH0_SetSpeed
                0x00003288       0x50 .\CortexM3\ARM_GCC_441\Debug\connect4.a(CapSense_IdacCH0.o)
                0x00003288                CapSense_IdacCH0_SetSpeed
 .text.CapSense_IdacCH0_SetPolarity
                0x000032d8       0x54 .\CortexM3\ARM_GCC_441\Debug\connect4.a(CapSense_IdacCH0.o)
                0x000032d8                CapSense_IdacCH0_SetPolarity
 .text.CapSense_IdacCH0_SetRange
                0x0000332c       0x54 .\CortexM3\ARM_GCC_441\Debug\connect4.a(CapSense_IdacCH0.o)
                0x0000332c                CapSense_IdacCH0_SetRange
 .text.CapSense_IdacCH0_SetValue
                0x00003380       0x20 .\CortexM3\ARM_GCC_441\Debug\connect4.a(CapSense_IdacCH0.o)
                0x00003380                CapSense_IdacCH0_SetValue
 .text.CapSense_IdacCH0_DacTrim
                0x000033a0       0x5c .\CortexM3\ARM_GCC_441\Debug\connect4.a(CapSense_IdacCH0.o)
                0x000033a0                CapSense_IdacCH0_DacTrim
 .text.CapSense_AMuxCH0_Init
                0x000033fc        0xc .\CortexM3\ARM_GCC_441\Debug\connect4.a(CapSense_AMuxCH0.o)
                0x000033fc                CapSense_AMuxCH0_Init
 .text.CapSense_AMuxCH0_DisconnectAll
                0x00003408       0x2c .\CortexM3\ARM_GCC_441\Debug\connect4.a(CapSense_AMuxCH0.o)
                0x00003408                CapSense_AMuxCH0_DisconnectAll
 .text.Timer_Init
                0x00003434       0xdc .\CortexM3\ARM_GCC_441\Debug\connect4.a(Timer.o)
                0x00003434                Timer_Init
 .text.Timer_Enable
                0x00003510       0x60 .\CortexM3\ARM_GCC_441\Debug\connect4.a(Timer.o)
                0x00003510                Timer_Enable
 .text.Timer_Start
                0x00003570       0x2c .\CortexM3\ARM_GCC_441\Debug\connect4.a(Timer.o)
                0x00003570                Timer_Start
 .text.Timer_SetInterruptMode
                0x0000359c       0x20 .\CortexM3\ARM_GCC_441\Debug\connect4.a(Timer.o)
                0x0000359c                Timer_SetInterruptMode
 .text.Timer_WritePeriod
                0x000035bc       0x24 .\CortexM3\ARM_GCC_441\Debug\connect4.a(Timer.o)
                0x000035bc                Timer_WritePeriod
 .text.Timer_WriteCounter
                0x000035e0       0x20 .\CortexM3\ARM_GCC_441\Debug\connect4.a(Timer.o)
                0x000035e0                Timer_WriteCounter
 .text.UART_Start
                0x00003600       0x2c .\CortexM3\ARM_GCC_441\Debug\connect4.a(UART.o)
                0x00003600                UART_Start
 .text.UART_Init
                0x0000362c       0x50 .\CortexM3\ARM_GCC_441\Debug\connect4.a(UART.o)
                0x0000362c                UART_Init
 .text.UART_Enable
                0x0000367c       0x78 .\CortexM3\ARM_GCC_441\Debug\connect4.a(UART.o)
                0x0000367c                UART_Enable
 .text.UART_ReadRxData
                0x000036f4       0x20 .\CortexM3\ARM_GCC_441\Debug\connect4.a(UART.o)
                0x000036f4                UART_ReadRxData
 .text.UART_ReadRxStatus
                0x00003714       0x28 .\CortexM3\ARM_GCC_441\Debug\connect4.a(UART.o)
                0x00003714                UART_ReadRxStatus
 .text.UART_ClearRxBuffer
                0x0000373c       0x54 .\CortexM3\ARM_GCC_441\Debug\connect4.a(UART.o)
                0x0000373c                UART_ClearRxBuffer
 .text.UART_WriteTxData
                0x00003790       0x30 .\CortexM3\ARM_GCC_441\Debug\connect4.a(UART.o)
                0x00003790                UART_WriteTxData
 .text.UART_PutChar
                0x000037c0       0x34 .\CortexM3\ARM_GCC_441\Debug\connect4.a(UART.o)
                0x000037c0                UART_PutChar
 .text.UART_PutString
                0x000037f4       0x48 .\CortexM3\ARM_GCC_441\Debug\connect4.a(UART.o)
                0x000037f4                UART_PutString
 .text.UART_ClearTxBuffer
                0x0000383c       0x54 .\CortexM3\ARM_GCC_441\Debug\connect4.a(UART.o)
                0x0000383c                UART_ClearTxBuffer
 .text.UART_IntClock_Start
                0x00003890       0x44 .\CortexM3\ARM_GCC_441\Debug\connect4.a(UART_IntClock.o)
                0x00003890                UART_IntClock_Start
 .text.Beam_StartEx
                0x000038d4       0x28 .\CortexM3\ARM_GCC_441\Debug\connect4.a(Beam.o)
                0x000038d4                Beam_StartEx
 .text.Beam_SetVector
                0x000038fc       0x28 .\CortexM3\ARM_GCC_441\Debug\connect4.a(Beam.o)
                0x000038fc                Beam_SetVector
 .text.Beam_SetPriority
                0x00003924       0x28 .\CortexM3\ARM_GCC_441\Debug\connect4.a(Beam.o)
                0x00003924                Beam_SetPriority
 .text.Beam_Enable
                0x0000394c       0x18 .\CortexM3\ARM_GCC_441\Debug\connect4.a(Beam.o)
                0x0000394c                Beam_Enable
 .text.Beam_Disable
                0x00003964       0x18 .\CortexM3\ARM_GCC_441\Debug\connect4.a(Beam.o)
                0x00003964                Beam_Disable
 .text.RemoteLED_Write
                0x0000397c       0x44 .\CortexM3\ARM_GCC_441\Debug\connect4.a(RemoteLED.o)
                0x0000397c                RemoteLED_Write
 .text.Location_StartEx
                0x000039c0       0x28 .\CortexM3\ARM_GCC_441\Debug\connect4.a(Location.o)
                0x000039c0                Location_StartEx
 .text.Location_SetVector
                0x000039e8       0x28 .\CortexM3\ARM_GCC_441\Debug\connect4.a(Location.o)
                0x000039e8                Location_SetVector
 .text.Location_SetPriority
                0x00003a10       0x28 .\CortexM3\ARM_GCC_441\Debug\connect4.a(Location.o)
                0x00003a10                Location_SetPriority
 .text.Location_Enable
                0x00003a38       0x18 .\CortexM3\ARM_GCC_441\Debug\connect4.a(Location.o)
                0x00003a38                Location_Enable
 .text.Location_Disable
                0x00003a50       0x18 .\CortexM3\ARM_GCC_441\Debug\connect4.a(Location.o)
                0x00003a50                Location_Disable
 .text.Colors_Write
                0x00003a68       0x44 .\CortexM3\ARM_GCC_441\Debug\connect4.a(Colors.o)
                0x00003a68                Colors_Write
 .text.Shifter_Write
                0x00003aac       0x44 .\CortexM3\ARM_GCC_441\Debug\connect4.a(Shifter.o)
                0x00003aac                Shifter_Write
 .text.CYMEMZERO
                0x00003af0       0x20 .\CortexM3\ARM_GCC_441\Debug\connect4.a(cyfitter_cfg.o)
 .text.CYCONFIGCPY
                0x00003b10       0x20 .\CortexM3\ARM_GCC_441\Debug\connect4.a(cyfitter_cfg.o)
 .text.cfg_write_bytes32
                0x00003b30       0x84 .\CortexM3\ARM_GCC_441\Debug\connect4.a(cyfitter_cfg.o)
 .text.ClockSetup
                0x00003bb4      0x144 .\CortexM3\ARM_GCC_441\Debug\connect4.a(cyfitter_cfg.o)
 .text.AnalogSetDefault
                0x00003cf8       0x94 .\CortexM3\ARM_GCC_441\Debug\connect4.a(cyfitter_cfg.o)
 .text.CapSense_AMuxCH0_Set
                0x00003d8c       0x4c .\CortexM3\ARM_GCC_441\Debug\connect4.a(cyfitter_cfg.o)
                0x00003d8c                CapSense_AMuxCH0_Set
 .text.CapSense_AMuxCH0_Unset
                0x00003dd8       0x54 .\CortexM3\ARM_GCC_441\Debug\connect4.a(cyfitter_cfg.o)
                0x00003dd8                CapSense_AMuxCH0_Unset
 .text.cyfitter_cfg
                0x00003e2c      0x224 .\CortexM3\ARM_GCC_441\Debug\connect4.a(cyfitter_cfg.o)
                0x00003e2c                cyfitter_cfg
 .text          0x00004050       0x20 .\CortexM3\ARM_GCC_441\Debug\connect4.a(CyBootAsmGnu.o)
                0x00004050                CyDelayCycles
                0x00004060                CyEnterCriticalSection
                0x00004068                CyExitCriticalSection
 .text.SMS_LIB_V3_MeasureNoiseEnvelope
                0x00004070       0xa4 C:\Program Files\Cypress\PSoC Creator\2.2\PSoC Creator\psoc\content\cycomponentlibrary\CyComponentLibrary.cylib\CortexM3\ARM_GCC_441\Debug\CyComponentLibrary.a(CapSense_CSD_SmartSense_v3_20.o)
                0x00004070                SMS_LIB_V3_MeasureNoiseEnvelope
 .text.SMS_LIB_V3_CalculateThresholds
                0x00004114       0xcc C:\Program Files\Cypress\PSoC Creator\2.2\PSoC Creator\psoc\content\cycomponentlibrary\CyComponentLibrary.cylib\CortexM3\ARM_GCC_441\Debug\CyComponentLibrary.a(CapSense_CSD_SmartSense_v3_20.o)
                0x00004114                SMS_LIB_V3_CalculateThresholds
 .text.SMS_LIB_V3_Sensors2WidgetResolutionTransform
                0x000041e0       0xa8 C:\Program Files\Cypress\PSoC Creator\2.2\PSoC Creator\psoc\content\cycomponentlibrary\CyComponentLibrary.cylib\CortexM3\ARM_GCC_441\Debug\CyComponentLibrary.a(CapSense_CSD_SmartSense_v3_20.o)
                0x000041e0                SMS_LIB_V3_Sensors2WidgetResolutionTransform
 .text.SMS_LIB_V3_CallibrateSensor1Ch
                0x00004288       0x84 C:\Program Files\Cypress\PSoC Creator\2.2\PSoC Creator\psoc\content\cycomponentlibrary\CyComponentLibrary.cylib\CortexM3\ARM_GCC_441\Debug\CyComponentLibrary.a(CapSense_CSD_SmartSense_v3_20.o)
                0x00004288                SMS_LIB_V3_CallibrateSensor1Ch
 .text.SMS_LIB_V3_AutoTuneSensor1Ch
                0x0000430c       0x74 C:\Program Files\Cypress\PSoC Creator\2.2\PSoC Creator\psoc\content\cycomponentlibrary\CyComponentLibrary.cylib\CortexM3\ARM_GCC_441\Debug\CyComponentLibrary.a(CapSense_CSD_SmartSense_v3_20.o)
                0x0000430c                SMS_LIB_V3_AutoTuneSensor1Ch
 .text.SMS_LIB_V3_AutoTune1Ch
                0x00004380       0x88 C:\Program Files\Cypress\PSoC Creator\2.2\PSoC Creator\psoc\content\cycomponentlibrary\CyComponentLibrary.cylib\CortexM3\ARM_GCC_441\Debug\CyComponentLibrary.a(CapSense_CSD_SmartSense_v3_20.o)
                0x00004380                SMS_LIB_V3_AutoTune1Ch
 .text          0x00004408      0x190 c:/program files/cypress/psoc creator/2.2/psoc creator/import/gnu_cs/arm/4.4.1/bin/../lib/gcc/arm-none-eabi/4.4.1/../../../../arm-none-eabi/lib/thumb2\libc.a(lib_a-memcpy.o)
                0x00004408                memcpy
 .text          0x00004598       0xd4 c:/program files/cypress/psoc creator/2.2/psoc creator/import/gnu_cs/arm/4.4.1/bin/../lib/gcc/arm-none-eabi/4.4.1/../../../../arm-none-eabi/lib/thumb2\libc.a(lib_a-memset.o)
                0x00004598                memset
 .text          0x0000466c       0x30 c:/program files/cypress/psoc creator/2.2/psoc creator/import/gnu_cs/arm/4.4.1/bin/../lib/gcc/arm-none-eabi/4.4.1/../../../../arm-none-eabi/lib/thumb2\libcs3.a(start_c.o)
                0x0000466c                __cs3_premain
 .text          0x0000469c        0x2 c:/program files/cypress/psoc creator/2.2/psoc creator/import/gnu_cs/arm/4.4.1/bin/../lib/gcc/arm-none-eabi/4.4.1/../../../../arm-none-eabi/lib/thumb2\libcs3micro.a(micro_isr_interrupt.o)
                0x0000469c                __cs3_isr_external_24
                0x0000469c                __cs3_isr_external_9
                0x0000469c                __cs3_isr_external_14
                0x0000469c                __cs3_isr_reserved_9
                0x0000469c                __cs3_isr_external_4
                0x0000469c                __cs3_isr_external_21
                0x0000469c                __cs3_isr_external_0
                0x0000469c                __cs3_isr_external_27
                0x0000469c                __cs3_isr_external_11
                0x0000469c                __cs3_isr_usage_fault
                0x0000469c                __cs3_isr_svcall
                0x0000469c                __cs3_isr_external_3
                0x0000469c                __cs3_isr_mpu_fault
                0x0000469c                __cs3_isr_external_16
                0x0000469c                __cs3_isr_pendsv
                0x0000469c                __cs3_isr_external_31
                0x0000469c                __cs3_isr_nmi
                0x0000469c                __cs3_isr_external_5
                0x0000469c                __cs3_isr_external_6
                0x0000469c                __cs3_isr_external_12
                0x0000469c                __cs3_isr_hard_fault
                0x0000469c                __cs3_isr_bus_fault
                0x0000469c                __cs3_isr_external_1
                0x0000469c                __cs3_isr_external_13
                0x0000469c                __cs3_isr_external_30
                0x0000469c                __cs3_isr_external_23
                0x0000469c                __cs3_isr_external_20
                0x0000469c                __cs3_isr_debug
                0x0000469c                __cs3_isr_reserved_13
                0x0000469c                __cs3_isr_external_8
                0x0000469c                __cs3_isr_external_26
                0x0000469c                __cs3_isr_reserved_8
                0x0000469c                __cs3_isr_reserved_7
                0x0000469c                __cs3_isr_external_7
                0x0000469c                __cs3_isr_external_28
                0x0000469c                __cs3_isr_systick
                0x0000469c                __cs3_isr_external_22
                0x0000469c                __cs3_isr_external_10
                0x0000469c                __cs3_isr_external_15
                0x0000469c                __cs3_isr_interrupt
                0x0000469c                __cs3_isr_external_18
                0x0000469c                __cs3_isr_external_29
                0x0000469c                __cs3_isr_external_25
                0x0000469c                __cs3_isr_reserved_10
                0x0000469c                __cs3_isr_external_2
                0x0000469c                __cs3_isr_external_17
                0x0000469c                __cs3_isr_external_19
 *fill*         0x0000469e        0x2 00
 .text          0x000046a0       0x50 c:/program files/cypress/psoc creator/2.2/psoc creator/import/gnu_cs/arm/4.4.1/bin/../lib/gcc/arm-none-eabi/4.4.1/../../../../arm-none-eabi/lib/thumb2\libc.a(lib_a-init.o)
                0x000046a0                __libc_init_array
 *(.plt)
 *(.gnu.warning)
 *(.glue_7t)
 .glue_7t       0x00000000        0x0 linker stubs
 *(.glue_7)
 .glue_7        0x00000000        0x0 linker stubs
 *(.vfp11_veneer)
 .vfp11_veneer  0x00000000        0x0 linker stubs
 *(.bootloader)
 *(.ARM.extab* .gnu.linkonce.armextab.*)
 *(.gcc_except_table)

.v4_bx          0x000046f0        0x0
 .v4_bx         0x00000000        0x0 linker stubs

.eh_frame_hdr
 *(.eh_frame_hdr)

.eh_frame
 *(.eh_frame)
                0x000046f0                PROVIDE (__exidx_start, .)

.ARM.exidx
 *(.ARM.exidx* .gnu.linkonce.armexidx.*)
                0x000046f0                __exidx_end = .

.rodata         0x000046f0      0x2e8
 *(.rodata .rodata.* .gnu.linkonce.r.*)
 .rodata        0x000046f0      0x150 .\CortexM3\ARM_GCC_441\Debug\main.o
 .rodata        0x00004840       0x14 .\CortexM3\ARM_GCC_441\Debug\display.o
 .rodata        0x00004854       0x54 .\CortexM3\ARM_GCC_441\Debug\matrix.o
 .rodata        0x000048a8       0x54 .\CortexM3\ARM_GCC_441\Debug\connect4.a(CapSense.o)
                0x000048a8                CapSense_pcTable
                0x000048c4                CapSense_portTable
                0x000048cc                CapSense_maskTable
                0x000048d4                CapSense_csTable
                0x000048f4                CapSense_widgetNumber
 .rodata        0x000048fc       0x10 .\CortexM3\ARM_GCC_441\Debug\connect4.a(CapSense_CSHL.o)
                0x000048fc                CapSense_rawDataIndex
                0x00004900                CapSense_numberOfSensors
                0x00004904                CapSense_centroidMult
                0x00004908                CapSense_posFiltersMask
 .rodata        0x0000490c       0x28 .\CortexM3\ARM_GCC_441\Debug\connect4.a(CapSense_SMS_Wrapper.o)
                0x0000490c                SMS_LIB_SensorSensitivity
                0x00004914                SMS_LIB_PrescalerTbl
 .rodata        0x00004934       0x6c .\CortexM3\ARM_GCC_441\Debug\connect4.a(cyfitter_cfg.o)
                0x00004934                CapSense_AMuxCH0__addrTable
                0x0000495c                CapSense_AMuxCH0__maskTable
                0x000049a0                . = ALIGN (0x4)
 *(.init)
 .init          0x000049a0        0x4 c:/program files/cypress/psoc creator/2.2/psoc creator/import/gnu_cs/arm/4.4.1/bin/../lib/gcc/arm-none-eabi/4.4.1/thumb2/crti.o
                0x000049a0                _init
 .init          0x000049a4        0x8 c:/program files/cypress/psoc creator/2.2/psoc creator/import/gnu_cs/arm/4.4.1/bin/../lib/gcc/arm-none-eabi/4.4.1/thumb2/crtn.o
                0x000049ac                . = ALIGN (0x4)
                0x000049ac                __preinit_array_start = .
 *(.preinit_array)
                0x000049ac                __preinit_array_end = .
                0x000049ac                . = ALIGN (0x4)
                0x000049ac                __init_array_start = .
 *(SORT(.init_array.*))
 *(.init_array)
 .init_array    0x000049ac        0x4 c:/program files/cypress/psoc creator/2.2/psoc creator/import/gnu_cs/arm/4.4.1/bin/../lib/gcc/arm-none-eabi/4.4.1/thumb2/crtbegin.o
 .init_array    0x000049b0        0x4 .\CortexM3\ARM_GCC_441\Debug\Cm3Start.o
                0x000049b4                __init_array_end = .
                0x000049b4                . = ALIGN (0x4)
 *(.fini)
 .fini          0x000049b4        0x4 c:/program files/cypress/psoc creator/2.2/psoc creator/import/gnu_cs/arm/4.4.1/bin/../lib/gcc/arm-none-eabi/4.4.1/thumb2/crti.o
                0x000049b4                _fini
 .fini          0x000049b8        0x8 c:/program files/cypress/psoc creator/2.2/psoc creator/import/gnu_cs/arm/4.4.1/bin/../lib/gcc/arm-none-eabi/4.4.1/thumb2/crtn.o
                0x000049c0                . = ALIGN (0x4)
                0x000049c0                __fini_array_start = .
 *(.fini_array)
 .fini_array    0x000049c0        0x4 c:/program files/cypress/psoc creator/2.2/psoc creator/import/gnu_cs/arm/4.4.1/bin/../lib/gcc/arm-none-eabi/4.4.1/thumb2/crtbegin.o
 *(SORT(.fini_array.*))
                0x000049c4                __fini_array_end = .
                0x000049c4                . = ALIGN (0x4)
 *crtbegin.o(.ctors)
 *(EXCLUDE_FILE(*crtend.o) .ctors)
 *(SORT(.ctors.*))
 *crtend.o(.ctors)
                0x000049c4                . = ALIGN (0x4)
 *crtbegin.o(.dtors)
 *(EXCLUDE_FILE(*crtend.o) .dtors)
 *(SORT(.dtors.*))
 *crtend.o(.dtors)
                0x000049c4                . = ALIGN (0x4)
                0x000049c4                __cs3_regions = .
                0x000049c4        0x4 LONG 0x0
                0x000049c8        0x4 LONG 0x49d8 __cs3_region_init_ram
                0x000049cc        0x4 LONG 0x1fff8000 __cs3_region_start_ram
                0x000049d0        0x4 LONG 0x170 __cs3_region_init_size_ram
                0x000049d4        0x4 LONG 0x130 __cs3_region_zero_size_ram
                0x000049d8                __cs3_regions_end = .
                0x000049d8                . = ALIGN (0x8)
                0x000049d8                _etext = .

.data           0x1fff8000      0x170 load address 0x000049d8
                0x1fff8000                __cs3_region_start_ram = .
 *(.cs3.region-head.ram)
                0x1fff8001                ASSERT ((. == __cs3_region_start_ram), .cs3.region-head.ram not permitted)
 *(.ramvectors)
 .ramvectors    0x1fff8000      0x100 .\CortexM3\ARM_GCC_441\Debug\Cm3Start.o
                0x1fff8000                CyRamVectors
 *(.jcr)
 .jcr           0x1fff8100        0x0 c:/program files/cypress/psoc creator/2.2/psoc creator/import/gnu_cs/arm/4.4.1/bin/../lib/gcc/arm-none-eabi/4.4.1/thumb2/crtbegin.o
 .jcr           0x1fff8100        0x4 c:/program files/cypress/psoc creator/2.2/psoc creator/import/gnu_cs/arm/4.4.1/bin/../lib/gcc/arm-none-eabi/4.4.1/thumb2/crtend.o
 *(.got.plt)
 *(.got)
 *(.shdata)
 *(.data .data.* .gnu.linkonce.d.*)
 .data          0x1fff8104        0x6 .\CortexM3\ARM_GCC_441\Debug\main.o
                0x1fff8104                player1_color
                0x1fff8105                player2_color
                0x1fff8106                player1_turn
                0x1fff8107                player2_local
                0x1fff8108                row
                0x1fff8109                col
 *fill*         0x1fff810a        0x2 00
 .data          0x1fff810c       0x10 .\CortexM3\ARM_GCC_441\Debug\connect4.a(CyLib.o)
                0x1fff810c                cydelay_freq_hz
                0x1fff8110                cydelay_freq_khz
                0x1fff8114                cydelay_freq_mhz
                0x1fff8118                cydelay_32k_ms
 .data          0x1fff811c       0x10 .\CortexM3\ARM_GCC_441\Debug\connect4.a(CapSense.o)
                0x1fff811c                CapSense_SensorEnableMask
                0x1fff8120                CapSense_idacSettings
                0x1fff8128                CapSense_widgetResolution
 .data          0x1fff812c       0x14 .\CortexM3\ARM_GCC_441\Debug\connect4.a(CapSense_CSHL.o)
                0x1fff812c                CapSense_fingerThreshold
                0x1fff8130                CapSense_noiseThreshold
                0x1fff8134                CapSense_hysteresis
                0x1fff8138                CapSense_debounce
                0x1fff813c                CapSense_posFiltersData
 .data          0x1fff8140       0x30 .\CortexM3\ARM_GCC_441\Debug\connect4.a(CapSense_SMS_Wrapper.o)
                0x1fff8140                SMS_LIB_noiseThreshold
                0x1fff8144                SMS_LIB_hysteresis
                0x1fff8148                SMS_LIB_widgetResolution
                0x1fff814c                SMS_LIB_widgetNumber
                0x1fff8150                SMS_LIB_numberOfSensors
                0x1fff8154                SMS_LIB_fingerThreshold
                0x1fff8158                SMS_LIB_idacSettings
                0x1fff815c                SMS_LIB_prescaler
                0x1fff8160                SMS_LIB_SensorRaw
                0x1fff8164                SMS_LIB_SensorBaseline
                0x1fff8168                SMS_LIB_Var1
                0x1fff816a                SMS_LIB_Var2
                0x1fff816c                SMS_LIB_TotalSnsCnt
                0x1fff816d                SMS_LIB_TotalScanSlCnt
                0x1fff816e                SMS_LIB_EndOfWidgInd
                0x1fff8170                . = ALIGN (0x8)
 *(.ram)
                0x1fff8170                _edata = .

.bss            0x1fff8170      0x130 load address 0x00004b48
 *(.shbss)
 *(.bss .bss.* .gnu.linkonce.b.*)
 .bss           0x1fff8170        0x1 c:/program files/cypress/psoc creator/2.2/psoc creator/import/gnu_cs/arm/4.4.1/bin/../lib/gcc/arm-none-eabi/4.4.1/thumb2/crtbegin.o
 .bss           0x1fff8171        0x1 .\CortexM3\ARM_GCC_441\Debug\main.o
                0x1fff8171                locating
 .bss           0x1fff8172        0x2 .\CortexM3\ARM_GCC_441\Debug\connect4.a(LCD.o)
                0x1fff8172                LCD_enableState
                0x1fff8173                LCD_initVar
 .bss           0x1fff8174       0x14 .\CortexM3\ARM_GCC_441\Debug\connect4.a(CapSense.o)
                0x1fff8174                CapSense_lowLevelTuningDone
                0x1fff8175                CapSense_initVar
                0x1fff8176                CapSense_csv
                0x1fff8177                CapSense_sensorIndex
                0x1fff8178                CapSense_SensorRaw
 .bss           0x1fff8188       0x2c .\CortexM3\ARM_GCC_441\Debug\connect4.a(CapSense_CSHL.o)
                0x1fff8188                CapSense_SensorBaseline
                0x1fff8198                CapSense_SensorBaselineLow
                0x1fff81a0                CapSense_SensorSignal
                0x1fff81a8                CapSense_SensorOnMask
                0x1fff81b0                CapSense_debounceCounter
 .bss           0x1fff81b4        0x1 .\CortexM3\ARM_GCC_441\Debug\connect4.a(Timer.o)
                0x1fff81b4                Timer_initVar
 .bss           0x1fff81b5        0x2 .\CortexM3\ARM_GCC_441\Debug\connect4.a(UART.o)
                0x1fff81b5                UART_initVar
 *(COMMON)
 *fill*         0x1fff81b7        0x1 00
 COMMON         0x1fff81b8       0x80 .\CortexM3\ARM_GCC_441\Debug\main.o
                0x1fff81b8                player1
                0x1fff81f8                player2
 COMMON         0x1fff8238        0x1 .\CortexM3\ARM_GCC_441\Debug\connect4.a(CyLib.o)
                0x1fff8238                CyResetStatus
 *fill*         0x1fff8239        0x3 00
 COMMON         0x1fff823c        0x7 .\CortexM3\ARM_GCC_441\Debug\connect4.a(CapSense.o)
                0x1fff823c                CapSense_AnalogSwitchDivider
 *fill*         0x1fff8243        0x1 00
 COMMON         0x1fff8244        0x7 .\CortexM3\ARM_GCC_441\Debug\connect4.a(CapSense_CSHL.o)
                0x1fff8244                CapSense_LowBaselineResetCnt
 *fill*         0x1fff824b        0x1 00
 COMMON         0x1fff824c       0x53 .\CortexM3\ARM_GCC_441\Debug\connect4.a(CapSense_SMS_Wrapper.o)
                0x1fff824c                SMS_LIB_Table4
                0x1fff825c                SMS_LIB_Table7
                0x1fff8264                SMS_LIB_Table8
                0x1fff8268                SMS_LIB_Table2
                0x1fff8270                SMS_LIB_Table5
                0x1fff8280                SMS_LIB_Table9
                0x1fff8284                SMS_LIB_Table6
                0x1fff828c                SMS_LIB_Table1
                0x1fff8294                SMS_LIB_Table10
                0x1fff8298                SMS_LIB_Table3
                0x1fff82a0                . = ALIGN (0x8)
 *fill*         0x1fff829f        0x1 00
 *(.ram.b)
                0x1fff82a0                _end = .
                0x1fff82a0                __end = .
                0x20003000                __cs3_region_end_ram = (__cs3_region_start_ram + 0xb000)
                0x0000b000                __cs3_region_size_ram = 0xb000
                0x000049d8                __cs3_region_init_ram = LOADADDR (.data)
                0x00000170                __cs3_region_init_size_ram = (_edata - ADDR (.data))
                0x00000130                __cs3_region_zero_size_ram = (_end - _edata)

.stab
 *(.stab)

.stabstr
 *(.stabstr)

.debug
 *(.debug)

.line
 *(.line)

.debug_srcinfo
 *(.debug_srcinfo)

.debug_sfnames
 *(.debug_sfnames)

.comment        0x00000000      0x50a
 .comment       0x00000000       0x2b .\CortexM3\ARM_GCC_441\Debug\main.o
 .comment       0x0000002b       0x2b .\CortexM3\ARM_GCC_441\Debug\display.o
 .comment       0x00000056       0x2b .\CortexM3\ARM_GCC_441\Debug\matrix.o
 .comment       0x00000081       0x2b .\CortexM3\ARM_GCC_441\Debug\Cm3Start.o
 .comment       0x000000ac       0x2b .\CortexM3\ARM_GCC_441\Debug\connect4.a(Row.o)
 .comment       0x000000d7       0x2b .\CortexM3\ARM_GCC_441\Debug\connect4.a(Red.o)
 .comment       0x00000102       0x2b .\CortexM3\ARM_GCC_441\Debug\connect4.a(Green.o)
 .comment       0x0000012d       0x2b .\CortexM3\ARM_GCC_441\Debug\connect4.a(Blue.o)
 .comment       0x00000158       0x2b .\CortexM3\ARM_GCC_441\Debug\connect4.a(CyLib.o)
 .comment       0x00000183       0x2b .\CortexM3\ARM_GCC_441\Debug\connect4.a(cyPm.o)
 .comment       0x000001ae       0x2b .\CortexM3\ARM_GCC_441\Debug\connect4.a(LCD.o)
 .comment       0x000001d9       0x2b .\CortexM3\ARM_GCC_441\Debug\connect4.a(CapSense.o)
 .comment       0x00000204       0x2b .\CortexM3\ARM_GCC_441\Debug\connect4.a(CapSense_CSHL.o)
 .comment       0x0000022f       0x2b .\CortexM3\ARM_GCC_441\Debug\connect4.a(CapSense_INT.o)
 .comment       0x0000025a       0x2b .\CortexM3\ARM_GCC_441\Debug\connect4.a(CapSense_SMS_Wrapper.o)
 .comment       0x00000285       0x2b .\CortexM3\ARM_GCC_441\Debug\connect4.a(CapSense_CompCH0.o)
 .comment       0x000002b0       0x2b .\CortexM3\ARM_GCC_441\Debug\connect4.a(CapSense_IdacCH0.o)
 .comment       0x000002db       0x2b .\CortexM3\ARM_GCC_441\Debug\connect4.a(CapSense_AMuxCH0.o)
 .comment       0x00000306       0x2b .\CortexM3\ARM_GCC_441\Debug\connect4.a(Timer.o)
 .comment       0x00000331       0x2b .\CortexM3\ARM_GCC_441\Debug\connect4.a(UART.o)
 .comment       0x0000035c       0x2b .\CortexM3\ARM_GCC_441\Debug\connect4.a(UART_IntClock.o)
 .comment       0x00000387       0x2b .\CortexM3\ARM_GCC_441\Debug\connect4.a(Beam.o)
 .comment       0x000003b2       0x2b .\CortexM3\ARM_GCC_441\Debug\connect4.a(RemoteLED.o)
 .comment       0x000003dd       0x2b .\CortexM3\ARM_GCC_441\Debug\connect4.a(Location.o)
 .comment       0x00000408       0x2b .\CortexM3\ARM_GCC_441\Debug\connect4.a(Colors.o)
 .comment       0x00000433       0x2b .\CortexM3\ARM_GCC_441\Debug\connect4.a(Shifter.o)
 .comment       0x0000045e       0x2b .\CortexM3\ARM_GCC_441\Debug\connect4.a(cyfitter_cfg.o)
 .comment       0x00000489       0x2b .\CortexM3\ARM_GCC_441\Debug\connect4.a(CyFlash.o)
 .comment       0x000004b4       0x2b .\CortexM3\ARM_GCC_441\Debug\connect4.a(CySpc.o)
 .comment       0x000004df       0x2b C:\Program Files\Cypress\PSoC Creator\2.2\PSoC Creator\psoc\content\cycomponentlibrary\CyComponentLibrary.cylib\CortexM3\ARM_GCC_441\Debug\CyComponentLibrary.a(CapSense_CSD_SmartSense_v3_20.o)

.debug_aranges  0x00000000      0xd80
 *(.debug_aranges)
 .debug_aranges
                0x00000000       0x58 .\CortexM3\ARM_GCC_441\Debug\main.o
 .debug_aranges
                0x00000058       0x38 .\CortexM3\ARM_GCC_441\Debug\display.o
 .debug_aranges
                0x00000090       0x30 .\CortexM3\ARM_GCC_441\Debug\matrix.o
 .debug_aranges
                0x000000c0       0x30 .\CortexM3\ARM_GCC_441\Debug\Cm3Start.o
 .debug_aranges
                0x000000f0       0x38 .\CortexM3\ARM_GCC_441\Debug\connect4.a(Row.o)
 .debug_aranges
                0x00000128       0x38 .\CortexM3\ARM_GCC_441\Debug\connect4.a(Red.o)
 .debug_aranges
                0x00000160       0x38 .\CortexM3\ARM_GCC_441\Debug\connect4.a(Green.o)
 .debug_aranges
                0x00000198       0x38 .\CortexM3\ARM_GCC_441\Debug\connect4.a(Blue.o)
 .debug_aranges
                0x000001d0      0x218 .\CortexM3\ARM_GCC_441\Debug\connect4.a(CyLib.o)
 .debug_aranges
                0x000003e8       0xa0 .\CortexM3\ARM_GCC_441\Debug\connect4.a(cyPm.o)
 .debug_aranges
                0x00000488       0x90 .\CortexM3\ARM_GCC_441\Debug\connect4.a(LCD.o)
 .debug_aranges
                0x00000518       0xb0 .\CortexM3\ARM_GCC_441\Debug\connect4.a(CapSense.o)
 .debug_aranges
                0x000005c8       0x90 .\CortexM3\ARM_GCC_441\Debug\connect4.a(CapSense_CSHL.o)
 .debug_aranges
                0x00000658       0x20 .\CortexM3\ARM_GCC_441\Debug\connect4.a(CapSense_INT.o)
 .debug_aranges
                0x00000678       0x50 .\CortexM3\ARM_GCC_441\Debug\connect4.a(CapSense_SMS_Wrapper.o)
 .debug_aranges
                0x000006c8       0x70 .\CortexM3\ARM_GCC_441\Debug\connect4.a(CapSense_CompCH0.o)
 .debug_aranges
                0x00000738       0x60 .\CortexM3\ARM_GCC_441\Debug\connect4.a(CapSense_IdacCH0.o)
 .debug_aranges
                0x00000798       0x48 .\CortexM3\ARM_GCC_441\Debug\connect4.a(CapSense_AMuxCH0.o)
 .debug_aranges
                0x000007e0       0x88 .\CortexM3\ARM_GCC_441\Debug\connect4.a(Timer.o)
 .debug_aranges
                0x00000868       0xf0 .\CortexM3\ARM_GCC_441\Debug\connect4.a(UART.o)
 .debug_aranges
                0x00000958       0x70 .\CortexM3\ARM_GCC_441\Debug\connect4.a(UART_IntClock.o)
 .debug_aranges
                0x000009c8       0x80 .\CortexM3\ARM_GCC_441\Debug\connect4.a(Beam.o)
 .debug_aranges
                0x00000a48       0x38 .\CortexM3\ARM_GCC_441\Debug\connect4.a(RemoteLED.o)
 .debug_aranges
                0x00000a80       0x80 .\CortexM3\ARM_GCC_441\Debug\connect4.a(Location.o)
 .debug_aranges
                0x00000b00       0x38 .\CortexM3\ARM_GCC_441\Debug\connect4.a(Colors.o)
 .debug_aranges
                0x00000b38       0x38 .\CortexM3\ARM_GCC_441\Debug\connect4.a(Shifter.o)
 .debug_aranges
                0x00000b70       0x68 .\CortexM3\ARM_GCC_441\Debug\connect4.a(cyfitter_cfg.o)
 .debug_aranges
                0x00000bd8       0x20 .\CortexM3\ARM_GCC_441\Debug\connect4.a(CyBootAsmGnu.o)
 .debug_aranges
                0x00000bf8       0x78 .\CortexM3\ARM_GCC_441\Debug\connect4.a(CyFlash.o)
 .debug_aranges
                0x00000c70       0x68 .\CortexM3\ARM_GCC_441\Debug\connect4.a(CySpc.o)
 .debug_aranges
                0x00000cd8       0xa8 C:\Program Files\Cypress\PSoC Creator\2.2\PSoC Creator\psoc\content\cycomponentlibrary\CyComponentLibrary.cylib\CortexM3\ARM_GCC_441\Debug\CyComponentLibrary.a(CapSense_CSD_SmartSense_v3_20.o)

.debug_pubnames
                0x00000000     0x2649
 *(.debug_pubnames)
 .debug_pubnames
                0x00000000      0x105 .\CortexM3\ARM_GCC_441\Debug\main.o
 .debug_pubnames
                0x00000105       0x5c .\CortexM3\ARM_GCC_441\Debug\display.o
 .debug_pubnames
                0x00000161       0x4e .\CortexM3\ARM_GCC_441\Debug\matrix.o
 .debug_pubnames
                0x000001af       0x57 .\CortexM3\ARM_GCC_441\Debug\Cm3Start.o
 .debug_pubnames
                0x00000206       0x56 .\CortexM3\ARM_GCC_441\Debug\connect4.a(Row.o)
 .debug_pubnames
                0x0000025c       0x56 .\CortexM3\ARM_GCC_441\Debug\connect4.a(Red.o)
 .debug_pubnames
                0x000002b2       0x5e .\CortexM3\ARM_GCC_441\Debug\connect4.a(Green.o)
 .debug_pubnames
                0x00000310       0x5a .\CortexM3\ARM_GCC_441\Debug\connect4.a(Blue.o)
 .debug_pubnames
                0x0000036a      0x57a .\CortexM3\ARM_GCC_441\Debug\connect4.a(CyLib.o)
 .debug_pubnames
                0x000008e4       0xbb .\CortexM3\ARM_GCC_441\Debug\connect4.a(cyPm.o)
 .debug_pubnames
                0x0000099f      0x112 .\CortexM3\ARM_GCC_441\Debug\connect4.a(LCD.o)
 .debug_pubnames
                0x00000ab1      0x34d .\CortexM3\ARM_GCC_441\Debug\connect4.a(CapSense.o)
 .debug_pubnames
                0x00000dfe      0x37f .\CortexM3\ARM_GCC_441\Debug\connect4.a(CapSense_CSHL.o)
 .debug_pubnames
                0x0000117d       0x2a .\CortexM3\ARM_GCC_441\Debug\connect4.a(CapSense_INT.o)
 .debug_pubnames
                0x000011a7      0x37e .\CortexM3\ARM_GCC_441\Debug\connect4.a(CapSense_SMS_Wrapper.o)
 .debug_pubnames
                0x00001525      0x168 .\CortexM3\ARM_GCC_441\Debug\connect4.a(CapSense_CompCH0.o)
 .debug_pubnames
                0x0000168d      0x132 .\CortexM3\ARM_GCC_441\Debug\connect4.a(CapSense_IdacCH0.o)
 .debug_pubnames
                0x000017bf       0xfe .\CortexM3\ARM_GCC_441\Debug\connect4.a(CapSense_AMuxCH0.o)
 .debug_pubnames
                0x000018bd      0x160 .\CortexM3\ARM_GCC_441\Debug\connect4.a(Timer.o)
 .debug_pubnames
                0x00001a1d      0x264 .\CortexM3\ARM_GCC_441\Debug\connect4.a(UART.o)
 .debug_pubnames
                0x00001c81      0x176 .\CortexM3\ARM_GCC_441\Debug\connect4.a(UART_IntClock.o)
 .debug_pubnames
                0x00001df7      0x100 .\CortexM3\ARM_GCC_441\Debug\connect4.a(Beam.o)
 .debug_pubnames
                0x00001ef7       0x6e .\CortexM3\ARM_GCC_441\Debug\connect4.a(RemoteLED.o)
 .debug_pubnames
                0x00001f65      0x134 .\CortexM3\ARM_GCC_441\Debug\connect4.a(Location.o)
 .debug_pubnames
                0x00002099       0x62 .\CortexM3\ARM_GCC_441\Debug\connect4.a(Colors.o)
 .debug_pubnames
                0x000020fb       0x66 .\CortexM3\ARM_GCC_441\Debug\connect4.a(Shifter.o)
 .debug_pubnames
                0x00002161       0xb1 .\CortexM3\ARM_GCC_441\Debug\connect4.a(cyfitter_cfg.o)
 .debug_pubnames
                0x00002212      0x104 .\CortexM3\ARM_GCC_441\Debug\connect4.a(CyFlash.o)
 .debug_pubnames
                0x00002316       0xd0 .\CortexM3\ARM_GCC_441\Debug\connect4.a(CySpc.o)
 .debug_pubnames
                0x000023e6      0x263 C:\Program Files\Cypress\PSoC Creator\2.2\PSoC Creator\psoc\content\cycomponentlibrary\CyComponentLibrary.cylib\CortexM3\ARM_GCC_441\Debug\CyComponentLibrary.a(CapSense_CSD_SmartSense_v3_20.o)

.debug_info     0x00000000     0x61eb
 *(.debug_info .gnu.linkonce.wi.*)
 .debug_info    0x00000000      0x4bd .\CortexM3\ARM_GCC_441\Debug\main.o
 .debug_info    0x000004bd      0x170 .\CortexM3\ARM_GCC_441\Debug\display.o
 .debug_info    0x0000062d      0x20a .\CortexM3\ARM_GCC_441\Debug\matrix.o
 .debug_info    0x00000837      0x13e .\CortexM3\ARM_GCC_441\Debug\Cm3Start.o
 .debug_info    0x00000975      0x120 .\CortexM3\ARM_GCC_441\Debug\connect4.a(Row.o)
 .debug_info    0x00000a95      0x120 .\CortexM3\ARM_GCC_441\Debug\connect4.a(Red.o)
 .debug_info    0x00000bb5      0x120 .\CortexM3\ARM_GCC_441\Debug\connect4.a(Green.o)
 .debug_info    0x00000cd5      0x120 .\CortexM3\ARM_GCC_441\Debug\connect4.a(Blue.o)
 .debug_info    0x00000df5      0xc71 .\CortexM3\ARM_GCC_441\Debug\connect4.a(CyLib.o)
 .debug_info    0x00001a66      0x5ac .\CortexM3\ARM_GCC_441\Debug\connect4.a(cyPm.o)
 .debug_info    0x00002012      0x3af .\CortexM3\ARM_GCC_441\Debug\connect4.a(LCD.o)
 .debug_info    0x000023c1      0x561 .\CortexM3\ARM_GCC_441\Debug\connect4.a(CapSense.o)
 .debug_info    0x00002922      0x821 .\CortexM3\ARM_GCC_441\Debug\connect4.a(CapSense_CSHL.o)
 .debug_info    0x00003143       0xc7 .\CortexM3\ARM_GCC_441\Debug\connect4.a(CapSense_INT.o)
 .debug_info    0x0000320a      0x47b .\CortexM3\ARM_GCC_441\Debug\connect4.a(CapSense_SMS_Wrapper.o)
 .debug_info    0x00003685      0x24c .\CortexM3\ARM_GCC_441\Debug\connect4.a(CapSense_CompCH0.o)
 .debug_info    0x000038d1      0x1c4 .\CortexM3\ARM_GCC_441\Debug\connect4.a(CapSense_IdacCH0.o)
 .debug_info    0x00003a95      0x16b .\CortexM3\ARM_GCC_441\Debug\connect4.a(CapSense_AMuxCH0.o)
 .debug_info    0x00003c00      0x253 .\CortexM3\ARM_GCC_441\Debug\connect4.a(Timer.o)
 .debug_info    0x00003e53      0x55c .\CortexM3\ARM_GCC_441\Debug\connect4.a(UART.o)
 .debug_info    0x000043af      0x269 .\CortexM3\ARM_GCC_441\Debug\connect4.a(UART_IntClock.o)
 .debug_info    0x00004618      0x23b .\CortexM3\ARM_GCC_441\Debug\connect4.a(Beam.o)
 .debug_info    0x00004853      0x120 .\CortexM3\ARM_GCC_441\Debug\connect4.a(RemoteLED.o)
 .debug_info    0x00004973      0x23b .\CortexM3\ARM_GCC_441\Debug\connect4.a(Location.o)
 .debug_info    0x00004bae      0x120 .\CortexM3\ARM_GCC_441\Debug\connect4.a(Colors.o)
 .debug_info    0x00004cce      0x120 .\CortexM3\ARM_GCC_441\Debug\connect4.a(Shifter.o)
 .debug_info    0x00004dee      0x418 .\CortexM3\ARM_GCC_441\Debug\connect4.a(cyfitter_cfg.o)
 .debug_info    0x00005206       0x79 .\CortexM3\ARM_GCC_441\Debug\connect4.a(CyBootAsmGnu.o)
 .debug_info    0x0000527f      0x334 .\CortexM3\ARM_GCC_441\Debug\connect4.a(CyFlash.o)
 .debug_info    0x000055b3      0x39f .\CortexM3\ARM_GCC_441\Debug\connect4.a(CySpc.o)
 .debug_info    0x00005952      0x899 C:\Program Files\Cypress\PSoC Creator\2.2\PSoC Creator\psoc\content\cycomponentlibrary\CyComponentLibrary.cylib\CortexM3\ARM_GCC_441\Debug\CyComponentLibrary.a(CapSense_CSD_SmartSense_v3_20.o)

.debug_abbrev   0x00000000     0x1afe
 *(.debug_abbrev)
 .debug_abbrev  0x00000000      0x1a1 .\CortexM3\ARM_GCC_441\Debug\main.o
 .debug_abbrev  0x000001a1       0x92 .\CortexM3\ARM_GCC_441\Debug\display.o
 .debug_abbrev  0x00000233       0xcb .\CortexM3\ARM_GCC_441\Debug\matrix.o
 .debug_abbrev  0x000002fe       0xd6 .\CortexM3\ARM_GCC_441\Debug\Cm3Start.o
 .debug_abbrev  0x000003d4       0x85 .\CortexM3\ARM_GCC_441\Debug\connect4.a(Row.o)
 .debug_abbrev  0x00000459       0x85 .\CortexM3\ARM_GCC_441\Debug\connect4.a(Red.o)
 .debug_abbrev  0x000004de       0x85 .\CortexM3\ARM_GCC_441\Debug\connect4.a(Green.o)
 .debug_abbrev  0x00000563       0x85 .\CortexM3\ARM_GCC_441\Debug\connect4.a(Blue.o)
 .debug_abbrev  0x000005e8      0x182 .\CortexM3\ARM_GCC_441\Debug\connect4.a(CyLib.o)
 .debug_abbrev  0x0000076a      0x14d .\CortexM3\ARM_GCC_441\Debug\connect4.a(cyPm.o)
 .debug_abbrev  0x000008b7      0x118 .\CortexM3\ARM_GCC_441\Debug\connect4.a(LCD.o)
 .debug_abbrev  0x000009cf      0x13a .\CortexM3\ARM_GCC_441\Debug\connect4.a(CapSense.o)
 .debug_abbrev  0x00000b09      0x12c .\CortexM3\ARM_GCC_441\Debug\connect4.a(CapSense_CSHL.o)
 .debug_abbrev  0x00000c35       0x6f .\CortexM3\ARM_GCC_441\Debug\connect4.a(CapSense_INT.o)
 .debug_abbrev  0x00000ca4       0xdd .\CortexM3\ARM_GCC_441\Debug\connect4.a(CapSense_SMS_Wrapper.o)
 .debug_abbrev  0x00000d81      0x11d .\CortexM3\ARM_GCC_441\Debug\connect4.a(CapSense_CompCH0.o)
 .debug_abbrev  0x00000e9e       0xba .\CortexM3\ARM_GCC_441\Debug\connect4.a(CapSense_IdacCH0.o)
 .debug_abbrev  0x00000f58       0x94 .\CortexM3\ARM_GCC_441\Debug\connect4.a(CapSense_AMuxCH0.o)
 .debug_abbrev  0x00000fec       0xc9 .\CortexM3\ARM_GCC_441\Debug\connect4.a(Timer.o)
 .debug_abbrev  0x000010b5      0x10c .\CortexM3\ARM_GCC_441\Debug\connect4.a(UART.o)
 .debug_abbrev  0x000011c1       0xd8 .\CortexM3\ARM_GCC_441\Debug\connect4.a(UART_IntClock.o)
 .debug_abbrev  0x00001299       0xe1 .\CortexM3\ARM_GCC_441\Debug\connect4.a(Beam.o)
 .debug_abbrev  0x0000137a       0x85 .\CortexM3\ARM_GCC_441\Debug\connect4.a(RemoteLED.o)
 .debug_abbrev  0x000013ff       0xe1 .\CortexM3\ARM_GCC_441\Debug\connect4.a(Location.o)
 .debug_abbrev  0x000014e0       0x85 .\CortexM3\ARM_GCC_441\Debug\connect4.a(Colors.o)
 .debug_abbrev  0x00001565       0x85 .\CortexM3\ARM_GCC_441\Debug\connect4.a(Shifter.o)
 .debug_abbrev  0x000015ea      0x164 .\CortexM3\ARM_GCC_441\Debug\connect4.a(cyfitter_cfg.o)
 .debug_abbrev  0x0000174e       0x14 .\CortexM3\ARM_GCC_441\Debug\connect4.a(CyBootAsmGnu.o)
 .debug_abbrev  0x00001762      0x14a .\CortexM3\ARM_GCC_441\Debug\connect4.a(CyFlash.o)
 .debug_abbrev  0x000018ac      0x10e .\CortexM3\ARM_GCC_441\Debug\connect4.a(CySpc.o)
 .debug_abbrev  0x000019ba      0x144 C:\Program Files\Cypress\PSoC Creator\2.2\PSoC Creator\psoc\content\cycomponentlibrary\CyComponentLibrary.cylib\CortexM3\ARM_GCC_441\Debug\CyComponentLibrary.a(CapSense_CSD_SmartSense_v3_20.o)

.debug_line     0x00000000     0x2ff1
 *(.debug_line)
 .debug_line    0x00000000      0x20c .\CortexM3\ARM_GCC_441\Debug\main.o
 .debug_line    0x0000020c       0xab .\CortexM3\ARM_GCC_441\Debug\display.o
 .debug_line    0x000002b7       0xfa .\CortexM3\ARM_GCC_441\Debug\matrix.o
 .debug_line    0x000003b1       0xb4 .\CortexM3\ARM_GCC_441\Debug\Cm3Start.o
 .debug_line    0x00000465       0xae .\CortexM3\ARM_GCC_441\Debug\connect4.a(Row.o)
 .debug_line    0x00000513       0xae .\CortexM3\ARM_GCC_441\Debug\connect4.a(Red.o)
 .debug_line    0x000005c1       0xb0 .\CortexM3\ARM_GCC_441\Debug\connect4.a(Green.o)
 .debug_line    0x00000671       0xaf .\CortexM3\ARM_GCC_441\Debug\connect4.a(Blue.o)
 .debug_line    0x00000720      0x659 .\CortexM3\ARM_GCC_441\Debug\connect4.a(CyLib.o)
 .debug_line    0x00000d79      0x346 .\CortexM3\ARM_GCC_441\Debug\connect4.a(cyPm.o)
 .debug_line    0x000010bf      0x1d8 .\CortexM3\ARM_GCC_441\Debug\connect4.a(LCD.o)
 .debug_line    0x00001297      0x261 .\CortexM3\ARM_GCC_441\Debug\connect4.a(CapSense.o)
 .debug_line    0x000014f8      0x267 .\CortexM3\ARM_GCC_441\Debug\connect4.a(CapSense_CSHL.o)
 .debug_line    0x0000175f       0x87 .\CortexM3\ARM_GCC_441\Debug\connect4.a(CapSense_INT.o)
 .debug_line    0x000017e6       0xf4 .\CortexM3\ARM_GCC_441\Debug\connect4.a(CapSense_SMS_Wrapper.o)
 .debug_line    0x000018da      0x18b .\CortexM3\ARM_GCC_441\Debug\connect4.a(CapSense_CompCH0.o)
 .debug_line    0x00001a65      0x130 .\CortexM3\ARM_GCC_441\Debug\connect4.a(CapSense_IdacCH0.o)
 .debug_line    0x00001b95       0xe7 .\CortexM3\ARM_GCC_441\Debug\connect4.a(CapSense_AMuxCH0.o)
 .debug_line    0x00001c7c      0x179 .\CortexM3\ARM_GCC_441\Debug\connect4.a(Timer.o)
 .debug_line    0x00001df5      0x2b2 .\CortexM3\ARM_GCC_441\Debug\connect4.a(UART.o)
 .debug_line    0x000020a7      0x182 .\CortexM3\ARM_GCC_441\Debug\connect4.a(UART_IntClock.o)
 .debug_line    0x00002229      0x158 .\CortexM3\ARM_GCC_441\Debug\connect4.a(Beam.o)
 .debug_line    0x00002381       0xb4 .\CortexM3\ARM_GCC_441\Debug\connect4.a(RemoteLED.o)
 .debug_line    0x00002435      0x15c .\CortexM3\ARM_GCC_441\Debug\connect4.a(Location.o)
 .debug_line    0x00002591       0xb1 .\CortexM3\ARM_GCC_441\Debug\connect4.a(Colors.o)
 .debug_line    0x00002642       0xb2 .\CortexM3\ARM_GCC_441\Debug\connect4.a(Shifter.o)
 .debug_line    0x000026f4      0x1f4 .\CortexM3\ARM_GCC_441\Debug\connect4.a(cyfitter_cfg.o)
 .debug_line    0x000028e8       0x67 .\CortexM3\ARM_GCC_441\Debug\connect4.a(CyBootAsmGnu.o)
 .debug_line    0x0000294f      0x194 .\CortexM3\ARM_GCC_441\Debug\connect4.a(CyFlash.o)
 .debug_line    0x00002ae3      0x18d .\CortexM3\ARM_GCC_441\Debug\connect4.a(CySpc.o)
 .debug_line    0x00002c70      0x381 C:\Program Files\Cypress\PSoC Creator\2.2\PSoC Creator\psoc\content\cycomponentlibrary\CyComponentLibrary.cylib\CortexM3\ARM_GCC_441\Debug\CyComponentLibrary.a(CapSense_CSD_SmartSense_v3_20.o)

.debug_frame    0x00000000     0x29ac
 *(.debug_frame)
 .debug_frame   0x00000000      0x104 .\CortexM3\ARM_GCC_441\Debug\main.o
 .debug_frame   0x00000104       0x90 .\CortexM3\ARM_GCC_441\Debug\display.o
 .debug_frame   0x00000194       0x70 .\CortexM3\ARM_GCC_441\Debug\matrix.o
 .debug_frame   0x00000204       0x5c .\CortexM3\ARM_GCC_441\Debug\Cm3Start.o
 .debug_frame   0x00000260       0x80 .\CortexM3\ARM_GCC_441\Debug\connect4.a(Row.o)
 .debug_frame   0x000002e0       0x80 .\CortexM3\ARM_GCC_441\Debug\connect4.a(Red.o)
 .debug_frame   0x00000360       0x80 .\CortexM3\ARM_GCC_441\Debug\connect4.a(Green.o)
 .debug_frame   0x000003e0       0x80 .\CortexM3\ARM_GCC_441\Debug\connect4.a(Blue.o)
 .debug_frame   0x00000460      0x778 .\CortexM3\ARM_GCC_441\Debug\connect4.a(CyLib.o)
 .debug_frame   0x00000bd8      0x208 .\CortexM3\ARM_GCC_441\Debug\connect4.a(cyPm.o)
 .debug_frame   0x00000de0      0x1e0 .\CortexM3\ARM_GCC_441\Debug\connect4.a(LCD.o)
 .debug_frame   0x00000fc0      0x248 .\CortexM3\ARM_GCC_441\Debug\connect4.a(CapSense.o)
 .debug_frame   0x00001208      0x1d4 .\CortexM3\ARM_GCC_441\Debug\connect4.a(CapSense_CSHL.o)
 .debug_frame   0x000013dc       0x2c .\CortexM3\ARM_GCC_441\Debug\connect4.a(CapSense_INT.o)
 .debug_frame   0x00001408       0xdc .\CortexM3\ARM_GCC_441\Debug\connect4.a(CapSense_SMS_Wrapper.o)
 .debug_frame   0x000014e4      0x14c .\CortexM3\ARM_GCC_441\Debug\connect4.a(CapSense_CompCH0.o)
 .debug_frame   0x00001630      0x114 .\CortexM3\ARM_GCC_441\Debug\connect4.a(CapSense_IdacCH0.o)
 .debug_frame   0x00001744       0xc4 .\CortexM3\ARM_GCC_441\Debug\connect4.a(CapSense_AMuxCH0.o)
 .debug_frame   0x00001808      0x198 .\CortexM3\ARM_GCC_441\Debug\connect4.a(Timer.o)
 .debug_frame   0x000019a0      0x328 .\CortexM3\ARM_GCC_441\Debug\connect4.a(UART.o)
 .debug_frame   0x00001cc8      0x14c .\CortexM3\ARM_GCC_441\Debug\connect4.a(UART_IntClock.o)
 .debug_frame   0x00001e14      0x180 .\CortexM3\ARM_GCC_441\Debug\connect4.a(Beam.o)
 .debug_frame   0x00001f94       0x80 .\CortexM3\ARM_GCC_441\Debug\connect4.a(RemoteLED.o)
 .debug_frame   0x00002014      0x180 .\CortexM3\ARM_GCC_441\Debug\connect4.a(Location.o)
 .debug_frame   0x00002194       0x80 .\CortexM3\ARM_GCC_441\Debug\connect4.a(Colors.o)
 .debug_frame   0x00002214       0x80 .\CortexM3\ARM_GCC_441\Debug\connect4.a(Shifter.o)
 .debug_frame   0x00002294      0x13c .\CortexM3\ARM_GCC_441\Debug\connect4.a(cyfitter_cfg.o)
 .debug_frame   0x000023d0      0x178 .\CortexM3\ARM_GCC_441\Debug\connect4.a(CyFlash.o)
 .debug_frame   0x00002548      0x13c .\CortexM3\ARM_GCC_441\Debug\connect4.a(CySpc.o)
 .debug_frame   0x00002684      0x260 C:\Program Files\Cypress\PSoC Creator\2.2\PSoC Creator\psoc\content\cycomponentlibrary\CyComponentLibrary.cylib\CortexM3\ARM_GCC_441\Debug\CyComponentLibrary.a(CapSense_CSD_SmartSense_v3_20.o)
 .debug_frame   0x000028e4       0x34 c:/program files/cypress/psoc creator/2.2/psoc creator/import/gnu_cs/arm/4.4.1/bin/../lib/gcc/arm-none-eabi/4.4.1/../../../../arm-none-eabi/lib/thumb2\libc.a(lib_a-memcpy.o)
 .debug_frame   0x00002918       0x28 c:/program files/cypress/psoc creator/2.2/psoc creator/import/gnu_cs/arm/4.4.1/bin/../lib/gcc/arm-none-eabi/4.4.1/../../../../arm-none-eabi/lib/thumb2\libc.a(lib_a-memset.o)
 .debug_frame   0x00002940       0x40 c:/program files/cypress/psoc creator/2.2/psoc creator/import/gnu_cs/arm/4.4.1/bin/../lib/gcc/arm-none-eabi/4.4.1/../../../../arm-none-eabi/lib/thumb2\libcs3.a(start_c.o)
 .debug_frame   0x00002980       0x2c c:/program files/cypress/psoc creator/2.2/psoc creator/import/gnu_cs/arm/4.4.1/bin/../lib/gcc/arm-none-eabi/4.4.1/../../../../arm-none-eabi/lib/thumb2\libc.a(lib_a-init.o)

.debug_str      0x00000000     0x2d23
 *(.debug_str)
 .debug_str     0x00000000      0x1e9 .\CortexM3\ARM_GCC_441\Debug\main.o
                                0x229 (size before relaxing)
 .debug_str     0x000001e9       0x53 .\CortexM3\ARM_GCC_441\Debug\display.o
                                0x135 (size before relaxing)
 .debug_str     0x0000023c       0x5d .\CortexM3\ARM_GCC_441\Debug\matrix.o
                                0x146 (size before relaxing)
 .debug_str     0x00000299       0x8c .\CortexM3\ARM_GCC_441\Debug\Cm3Start.o
                                0x162 (size before relaxing)
 .debug_str     0x00000325       0x69 .\CortexM3\ARM_GCC_441\Debug\connect4.a(Row.o)
                                0x139 (size before relaxing)
 .debug_str     0x0000038e       0x53 .\CortexM3\ARM_GCC_441\Debug\connect4.a(Red.o)
                                0x139 (size before relaxing)
 .debug_str     0x000003e1       0x5d .\CortexM3\ARM_GCC_441\Debug\connect4.a(Green.o)
                                0x143 (size before relaxing)
 .debug_str     0x0000043e       0x58 .\CortexM3\ARM_GCC_441\Debug\connect4.a(Blue.o)
                                0x13e (size before relaxing)
 .debug_str     0x00000496      0x645 .\CortexM3\ARM_GCC_441\Debug\connect4.a(CyLib.o)
                                0x758 (size before relaxing)
 .debug_str     0x00000adb      0x372 .\CortexM3\ARM_GCC_441\Debug\connect4.a(cyPm.o)
                                0x46d (size before relaxing)
 .debug_str     0x00000e4d      0x14c .\CortexM3\ARM_GCC_441\Debug\connect4.a(LCD.o)
                                0x244 (size before relaxing)
 .debug_str     0x00000f99      0x31e .\CortexM3\ARM_GCC_441\Debug\connect4.a(CapSense.o)
                                0x404 (size before relaxing)
 .debug_str     0x000012b7      0x3d3 .\CortexM3\ARM_GCC_441\Debug\connect4.a(CapSense_CSHL.o)
                                0x579 (size before relaxing)
 .debug_str     0x0000168a       0x3c .\CortexM3\ARM_GCC_441\Debug\connect4.a(CapSense_INT.o)
                                0x12e (size before relaxing)
 .debug_str     0x000016c6      0x319 .\CortexM3\ARM_GCC_441\Debug\connect4.a(CapSense_SMS_Wrapper.o)
                                0x4e6 (size before relaxing)
 .debug_str     0x000019df      0x1b1 .\CortexM3\ARM_GCC_441\Debug\connect4.a(CapSense_CompCH0.o)
                                0x295 (size before relaxing)
 .debug_str     0x00001b90      0x133 .\CortexM3\ARM_GCC_441\Debug\connect4.a(CapSense_IdacCH0.o)
                                0x214 (size before relaxing)
 .debug_str     0x00001cc3      0x105 .\CortexM3\ARM_GCC_441\Debug\connect4.a(CapSense_AMuxCH0.o)
                                0x1d5 (size before relaxing)
 .debug_str     0x00001dc8      0x15d .\CortexM3\ARM_GCC_441\Debug\connect4.a(Timer.o)
                                0x23b (size before relaxing)
 .debug_str     0x00001f25      0x263 .\CortexM3\ARM_GCC_441\Debug\connect4.a(UART.o)
                                0x36f (size before relaxing)
 .debug_str     0x00002188      0x1b4 .\CortexM3\ARM_GCC_441\Debug\connect4.a(UART_IntClock.o)
                                0x291 (size before relaxing)
 .debug_str     0x0000233c       0xda .\CortexM3\ARM_GCC_441\Debug\connect4.a(Beam.o)
                                0x1d7 (size before relaxing)
 .debug_str     0x00002416       0x71 .\CortexM3\ARM_GCC_441\Debug\connect4.a(RemoteLED.o)
                                0x157 (size before relaxing)
 .debug_str     0x00002487      0x112 .\CortexM3\ARM_GCC_441\Debug\connect4.a(Location.o)
                                0x20f (size before relaxing)
 .debug_str     0x00002599       0x62 .\CortexM3\ARM_GCC_441\Debug\connect4.a(Colors.o)
                                0x148 (size before relaxing)
 .debug_str     0x000025fb       0x67 .\CortexM3\ARM_GCC_441\Debug\connect4.a(Shifter.o)
                                0x14d (size before relaxing)
 .debug_str     0x00002662      0x181 .\CortexM3\ARM_GCC_441\Debug\connect4.a(cyfitter_cfg.o)
                                0x297 (size before relaxing)
 .debug_str     0x000027e3      0x130 .\CortexM3\ARM_GCC_441\Debug\connect4.a(CyFlash.o)
                                0x239 (size before relaxing)
 .debug_str     0x00002913       0xfe .\CortexM3\ARM_GCC_441\Debug\connect4.a(CySpc.o)
                                0x208 (size before relaxing)
 .debug_str     0x00002a11      0x312 C:\Program Files\Cypress\PSoC Creator\2.2\PSoC Creator\psoc\content\cycomponentlibrary\CyComponentLibrary.cylib\CortexM3\ARM_GCC_441\Debug\CyComponentLibrary.a(CapSense_CSD_SmartSense_v3_20.o)
                                0x608 (size before relaxing)

.debug_loc      0x00000000     0x485c
 *(.debug_loc)
 .debug_loc     0x00000000      0x1a0 .\CortexM3\ARM_GCC_441\Debug\main.o
 .debug_loc     0x000001a0       0xdc .\CortexM3\ARM_GCC_441\Debug\display.o
 .debug_loc     0x0000027c       0xa5 .\CortexM3\ARM_GCC_441\Debug\matrix.o
 .debug_loc     0x00000321       0x62 .\CortexM3\ARM_GCC_441\Debug\Cm3Start.o
 .debug_loc     0x00000383       0xc4 .\CortexM3\ARM_GCC_441\Debug\connect4.a(Row.o)
 .debug_loc     0x00000447       0xc4 .\CortexM3\ARM_GCC_441\Debug\connect4.a(Red.o)
 .debug_loc     0x0000050b       0xc4 .\CortexM3\ARM_GCC_441\Debug\connect4.a(Green.o)
 .debug_loc     0x000005cf       0xc4 .\CortexM3\ARM_GCC_441\Debug\connect4.a(Blue.o)
 .debug_loc     0x00000693      0xca0 .\CortexM3\ARM_GCC_441\Debug\connect4.a(CyLib.o)
 .debug_loc     0x00001333      0x32f .\CortexM3\ARM_GCC_441\Debug\connect4.a(cyPm.o)
 .debug_loc     0x00001662      0x309 .\CortexM3\ARM_GCC_441\Debug\connect4.a(LCD.o)
 .debug_loc     0x0000196b      0x3e5 .\CortexM3\ARM_GCC_441\Debug\connect4.a(CapSense.o)
 .debug_loc     0x00001d50      0x339 .\CortexM3\ARM_GCC_441\Debug\connect4.a(CapSense_CSHL.o)
 .debug_loc     0x00002089       0x2b .\CortexM3\ARM_GCC_441\Debug\connect4.a(CapSense_INT.o)
 .debug_loc     0x000020b4      0x151 .\CortexM3\ARM_GCC_441\Debug\connect4.a(CapSense_SMS_Wrapper.o)
 .debug_loc     0x00002205      0x209 .\CortexM3\ARM_GCC_441\Debug\connect4.a(CapSense_CompCH0.o)
 .debug_loc     0x0000240e      0x1bf .\CortexM3\ARM_GCC_441\Debug\connect4.a(CapSense_IdacCH0.o)
 .debug_loc     0x000025cd      0x126 .\CortexM3\ARM_GCC_441\Debug\connect4.a(CapSense_AMuxCH0.o)
 .debug_loc     0x000026f3      0x28a .\CortexM3\ARM_GCC_441\Debug\connect4.a(Timer.o)
 .debug_loc     0x0000297d      0x591 .\CortexM3\ARM_GCC_441\Debug\connect4.a(UART.o)
 .debug_loc     0x00002f0e      0x221 .\CortexM3\ARM_GCC_441\Debug\connect4.a(UART_IntClock.o)
 .debug_loc     0x0000312f      0x26b .\CortexM3\ARM_GCC_441\Debug\connect4.a(Beam.o)
 .debug_loc     0x0000339a       0xc4 .\CortexM3\ARM_GCC_441\Debug\connect4.a(RemoteLED.o)
 .debug_loc     0x0000345e      0x26b .\CortexM3\ARM_GCC_441\Debug\connect4.a(Location.o)
 .debug_loc     0x000036c9       0xc4 .\CortexM3\ARM_GCC_441\Debug\connect4.a(Colors.o)
 .debug_loc     0x0000378d       0xc4 .\CortexM3\ARM_GCC_441\Debug\connect4.a(Shifter.o)
 .debug_loc     0x00003851      0x226 .\CortexM3\ARM_GCC_441\Debug\connect4.a(cyfitter_cfg.o)
 .debug_loc     0x00003a77      0x24c .\CortexM3\ARM_GCC_441\Debug\connect4.a(CyFlash.o)
 .debug_loc     0x00003cc3      0x226 .\CortexM3\ARM_GCC_441\Debug\connect4.a(CySpc.o)
 .debug_loc     0x00003ee9      0x973 C:\Program Files\Cypress\PSoC Creator\2.2\PSoC Creator\psoc\content\cycomponentlibrary\CyComponentLibrary.cylib\CortexM3\ARM_GCC_441\Debug\CyComponentLibrary.a(CapSense_CSD_SmartSense_v3_20.o)

.debug_macinfo
 *(.debug_macinfo)

.debug_ranges   0x00000000      0xc70
 *(.debug_ranges)
 .debug_ranges  0x00000000       0x50 .\CortexM3\ARM_GCC_441\Debug\main.o
 .debug_ranges  0x00000050       0x30 .\CortexM3\ARM_GCC_441\Debug\display.o
 .debug_ranges  0x00000080       0x28 .\CortexM3\ARM_GCC_441\Debug\matrix.o
 .debug_ranges  0x000000a8       0x28 .\CortexM3\ARM_GCC_441\Debug\Cm3Start.o
 .debug_ranges  0x000000d0       0x30 .\CortexM3\ARM_GCC_441\Debug\connect4.a(Row.o)
 .debug_ranges  0x00000100       0x30 .\CortexM3\ARM_GCC_441\Debug\connect4.a(Red.o)
 .debug_ranges  0x00000130       0x30 .\CortexM3\ARM_GCC_441\Debug\connect4.a(Green.o)
 .debug_ranges  0x00000160       0x30 .\CortexM3\ARM_GCC_441\Debug\connect4.a(Blue.o)
 .debug_ranges  0x00000190      0x210 .\CortexM3\ARM_GCC_441\Debug\connect4.a(CyLib.o)
 .debug_ranges  0x000003a0       0x98 .\CortexM3\ARM_GCC_441\Debug\connect4.a(cyPm.o)
 .debug_ranges  0x00000438       0x88 .\CortexM3\ARM_GCC_441\Debug\connect4.a(LCD.o)
 .debug_ranges  0x000004c0       0xa8 .\CortexM3\ARM_GCC_441\Debug\connect4.a(CapSense.o)
 .debug_ranges  0x00000568       0x88 .\CortexM3\ARM_GCC_441\Debug\connect4.a(CapSense_CSHL.o)
 .debug_ranges  0x000005f0       0x18 .\CortexM3\ARM_GCC_441\Debug\connect4.a(CapSense_INT.o)
 .debug_ranges  0x00000608       0x48 .\CortexM3\ARM_GCC_441\Debug\connect4.a(CapSense_SMS_Wrapper.o)
 .debug_ranges  0x00000650       0x68 .\CortexM3\ARM_GCC_441\Debug\connect4.a(CapSense_CompCH0.o)
 .debug_ranges  0x000006b8       0x58 .\CortexM3\ARM_GCC_441\Debug\connect4.a(CapSense_IdacCH0.o)
 .debug_ranges  0x00000710       0x40 .\CortexM3\ARM_GCC_441\Debug\connect4.a(CapSense_AMuxCH0.o)
 .debug_ranges  0x00000750       0x80 .\CortexM3\ARM_GCC_441\Debug\connect4.a(Timer.o)
 .debug_ranges  0x000007d0       0xe8 .\CortexM3\ARM_GCC_441\Debug\connect4.a(UART.o)
 .debug_ranges  0x000008b8       0x68 .\CortexM3\ARM_GCC_441\Debug\connect4.a(UART_IntClock.o)
 .debug_ranges  0x00000920       0x78 .\CortexM3\ARM_GCC_441\Debug\connect4.a(Beam.o)
 .debug_ranges  0x00000998       0x30 .\CortexM3\ARM_GCC_441\Debug\connect4.a(RemoteLED.o)
 .debug_ranges  0x000009c8       0x78 .\CortexM3\ARM_GCC_441\Debug\connect4.a(Location.o)
 .debug_ranges  0x00000a40       0x30 .\CortexM3\ARM_GCC_441\Debug\connect4.a(Colors.o)
 .debug_ranges  0x00000a70       0x30 .\CortexM3\ARM_GCC_441\Debug\connect4.a(Shifter.o)
 .debug_ranges  0x00000aa0       0x60 .\CortexM3\ARM_GCC_441\Debug\connect4.a(cyfitter_cfg.o)
 .debug_ranges  0x00000b00       0x70 .\CortexM3\ARM_GCC_441\Debug\connect4.a(CyFlash.o)
 .debug_ranges  0x00000b70       0x60 .\CortexM3\ARM_GCC_441\Debug\connect4.a(CySpc.o)
 .debug_ranges  0x00000bd0       0xa0 C:\Program Files\Cypress\PSoC Creator\2.2\PSoC Creator\psoc\content\cycomponentlibrary\CyComponentLibrary.cylib\CortexM3\ARM_GCC_441\Debug\CyComponentLibrary.a(CapSense_CSD_SmartSense_v3_20.o)

.debug_weaknames
 *(.debug_weaknames)

.debug_funcnames
 *(.debug_funcnames)

.debug_typenames
 *(.debug_typenames)

.debug_varnames
 *(.debug_varnames)

.note.gnu.arm.ident
 *(.note.gnu.arm.ident)

.ARM.attributes
                0x00000000       0x25
 *(.ARM.attributes)
 .ARM.attributes
                0x00000000       0x19 c:/program files/cypress/psoc creator/2.2/psoc creator/import/gnu_cs/arm/4.4.1/bin/../lib/gcc/arm-none-eabi/4.4.1/thumb2/crti.o
 .ARM.attributes
                0x00000019       0x29 c:/program files/cypress/psoc creator/2.2/psoc creator/import/gnu_cs/arm/4.4.1/bin/../lib/gcc/arm-none-eabi/4.4.1/thumb2/crtbegin.o
 .ARM.attributes
                0x00000042       0x31 .\CortexM3\ARM_GCC_441\Debug\main.o
 .ARM.attributes
                0x00000073       0x31 .\CortexM3\ARM_GCC_441\Debug\display.o
 .ARM.attributes
                0x000000a4       0x31 .\CortexM3\ARM_GCC_441\Debug\matrix.o
 .ARM.attributes
                0x000000d5       0x31 .\CortexM3\ARM_GCC_441\Debug\Cm3Start.o
 .ARM.attributes
                0x00000106       0x31 .\CortexM3\ARM_GCC_441\Debug\connect4.a(Row.o)
 .ARM.attributes
                0x00000137       0x31 .\CortexM3\ARM_GCC_441\Debug\connect4.a(Red.o)
 .ARM.attributes
                0x00000168       0x31 .\CortexM3\ARM_GCC_441\Debug\connect4.a(Green.o)
 .ARM.attributes
                0x00000199       0x31 .\CortexM3\ARM_GCC_441\Debug\connect4.a(Blue.o)
 .ARM.attributes
                0x000001ca       0x31 .\CortexM3\ARM_GCC_441\Debug\connect4.a(CyLib.o)
 .ARM.attributes
                0x000001fb       0x31 .\CortexM3\ARM_GCC_441\Debug\connect4.a(cyPm.o)
 .ARM.attributes
                0x0000022c       0x31 .\CortexM3\ARM_GCC_441\Debug\connect4.a(LCD.o)
 .ARM.attributes
                0x0000025d       0x31 .\CortexM3\ARM_GCC_441\Debug\connect4.a(CapSense.o)
 .ARM.attributes
                0x0000028e       0x31 .\CortexM3\ARM_GCC_441\Debug\connect4.a(CapSense_CSHL.o)
 .ARM.attributes
                0x000002bf       0x31 .\CortexM3\ARM_GCC_441\Debug\connect4.a(CapSense_INT.o)
 .ARM.attributes
                0x000002f0       0x31 .\CortexM3\ARM_GCC_441\Debug\connect4.a(CapSense_SMS_Wrapper.o)
 .ARM.attributes
                0x00000321       0x31 .\CortexM3\ARM_GCC_441\Debug\connect4.a(CapSense_CompCH0.o)
 .ARM.attributes
                0x00000352       0x31 .\CortexM3\ARM_GCC_441\Debug\connect4.a(CapSense_IdacCH0.o)
 .ARM.attributes
                0x00000383       0x31 .\CortexM3\ARM_GCC_441\Debug\connect4.a(CapSense_AMuxCH0.o)
 .ARM.attributes
                0x000003b4       0x31 .\CortexM3\ARM_GCC_441\Debug\connect4.a(Timer.o)
 .ARM.attributes
                0x000003e5       0x31 .\CortexM3\ARM_GCC_441\Debug\connect4.a(UART.o)
 .ARM.attributes
                0x00000416       0x31 .\CortexM3\ARM_GCC_441\Debug\connect4.a(UART_IntClock.o)
 .ARM.attributes
                0x00000447       0x31 .\CortexM3\ARM_GCC_441\Debug\connect4.a(Beam.o)
 .ARM.attributes
                0x00000478       0x31 .\CortexM3\ARM_GCC_441\Debug\connect4.a(RemoteLED.o)
 .ARM.attributes
                0x000004a9       0x31 .\CortexM3\ARM_GCC_441\Debug\connect4.a(Location.o)
 .ARM.attributes
                0x000004da       0x31 .\CortexM3\ARM_GCC_441\Debug\connect4.a(Colors.o)
 .ARM.attributes
                0x0000050b       0x31 .\CortexM3\ARM_GCC_441\Debug\connect4.a(Shifter.o)
 .ARM.attributes
                0x0000053c       0x31 .\CortexM3\ARM_GCC_441\Debug\connect4.a(cyfitter_cfg.o)
 .ARM.attributes
                0x0000056d       0x21 .\CortexM3\ARM_GCC_441\Debug\connect4.a(CyBootAsmGnu.o)
 .ARM.attributes
                0x0000058e       0x31 .\CortexM3\ARM_GCC_441\Debug\connect4.a(CyFlash.o)
 .ARM.attributes
                0x000005bf       0x31 .\CortexM3\ARM_GCC_441\Debug\connect4.a(CySpc.o)
 .ARM.attributes
                0x000005f0       0x31 C:\Program Files\Cypress\PSoC Creator\2.2\PSoC Creator\psoc\content\cycomponentlibrary\CyComponentLibrary.cylib\CortexM3\ARM_GCC_441\Debug\CyComponentLibrary.a(CapSense_CSD_SmartSense_v3_20.o)
 .ARM.attributes
                0x00000621       0x29 c:/program files/cypress/psoc creator/2.2/psoc creator/import/gnu_cs/arm/4.4.1/bin/../lib/gcc/arm-none-eabi/4.4.1/../../../../arm-none-eabi/lib/thumb2\libc.a(lib_a-memcpy.o)
 .ARM.attributes
                0x0000064a       0x29 c:/program files/cypress/psoc creator/2.2/psoc creator/import/gnu_cs/arm/4.4.1/bin/../lib/gcc/arm-none-eabi/4.4.1/../../../../arm-none-eabi/lib/thumb2\libc.a(lib_a-memset.o)
 .ARM.attributes
                0x00000673       0x29 c:/program files/cypress/psoc creator/2.2/psoc creator/import/gnu_cs/arm/4.4.1/bin/../lib/gcc/arm-none-eabi/4.4.1/thumb2/crtend.o
 .ARM.attributes
                0x0000069c       0x19 c:/program files/cypress/psoc creator/2.2/psoc creator/import/gnu_cs/arm/4.4.1/bin/../lib/gcc/arm-none-eabi/4.4.1/thumb2/crtn.o
 .ARM.attributes
                0x000006b5       0x29 c:/program files/cypress/psoc creator/2.2/psoc creator/import/gnu_cs/arm/4.4.1/bin/../lib/gcc/arm-none-eabi/4.4.1/../../../../arm-none-eabi/lib/thumb2\libcs3.a(start_c.o)
 .ARM.attributes
                0x000006de       0x19 c:/program files/cypress/psoc creator/2.2/psoc creator/import/gnu_cs/arm/4.4.1/bin/../lib/gcc/arm-none-eabi/4.4.1/../../../../arm-none-eabi/lib/thumb2\libcs3micro.a(micro-vector.o)
 .ARM.attributes
                0x000006f7       0x19 c:/program files/cypress/psoc creator/2.2/psoc creator/import/gnu_cs/arm/4.4.1/bin/../lib/gcc/arm-none-eabi/4.4.1/../../../../arm-none-eabi/lib/thumb2\libcs3micro.a(micro_isr_interrupt.o)
 .ARM.attributes
                0x00000710       0x29 c:/program files/cypress/psoc creator/2.2/psoc creator/import/gnu_cs/arm/4.4.1/bin/../lib/gcc/arm-none-eabi/4.4.1/../../../../arm-none-eabi/lib/thumb2\libc.a(lib_a-init.o)

/DISCARD/
 *(.note.GNU-stack)
OUTPUT(.\CortexM3\ARM_GCC_441\Debug\connect4.elf elf32-littlearm)
