Archive member included because of file (symbol)

.\CortexM3\ARM_GCC_441\Debug\LEDmatrix.a(Row.o)
                              .\CortexM3\ARM_GCC_441\Debug\matrix.o (Row_Write)
.\CortexM3\ARM_GCC_441\Debug\LEDmatrix.a(Red.o)
                              .\CortexM3\ARM_GCC_441\Debug\matrix.o (Red_Write)
.\CortexM3\ARM_GCC_441\Debug\LEDmatrix.a(Green.o)
                              .\CortexM3\ARM_GCC_441\Debug\matrix.o (Green_Write)
.\CortexM3\ARM_GCC_441\Debug\LEDmatrix.a(Blue.o)
                              .\CortexM3\ARM_GCC_441\Debug\matrix.o (Blue_Write)
.\CortexM3\ARM_GCC_441\Debug\LEDmatrix.a(CyLib.o)
                              .\CortexM3\ARM_GCC_441\Debug\Cm3Start.o (CyResetStatus)
.\CortexM3\ARM_GCC_441\Debug\LEDmatrix.a(cyPm.o)
                              .\CortexM3\ARM_GCC_441\Debug\LEDmatrix.a(CyLib.o) (CyPmReadStatus)
.\CortexM3\ARM_GCC_441\Debug\LEDmatrix.a(LCD.o)
                              .\CortexM3\ARM_GCC_441\Debug\display.o (LCD_WriteControl)
.\CortexM3\ARM_GCC_441\Debug\LEDmatrix.a(CapSense.o)
                              .\CortexM3\ARM_GCC_441\Debug\main.o (CapSense_Start)
.\CortexM3\ARM_GCC_441\Debug\LEDmatrix.a(CapSense_CSHL.o)
                              .\CortexM3\ARM_GCC_441\Debug\main.o (CapSense_InitializeAllBaselines)
.\CortexM3\ARM_GCC_441\Debug\LEDmatrix.a(CapSense_INT.o)
                              .\CortexM3\ARM_GCC_441\Debug\LEDmatrix.a(CapSense.o) (CapSense_IsrCH0_ISR)
.\CortexM3\ARM_GCC_441\Debug\LEDmatrix.a(CapSense_SMS_Wrapper.o)
                              .\CortexM3\ARM_GCC_441\Debug\LEDmatrix.a(CapSense_CSHL.o) (CapSense_CalculateThresholds)
.\CortexM3\ARM_GCC_441\Debug\LEDmatrix.a(CapSense_CompCH0.o)
                              .\CortexM3\ARM_GCC_441\Debug\LEDmatrix.a(CapSense.o) (CapSense_CompCH0_Init)
.\CortexM3\ARM_GCC_441\Debug\LEDmatrix.a(CapSense_IdacCH0.o)
                              .\CortexM3\ARM_GCC_441\Debug\LEDmatrix.a(CapSense.o) (CapSense_IdacCH0_Init)
.\CortexM3\ARM_GCC_441\Debug\LEDmatrix.a(CapSense_AMuxCH0.o)
                              .\CortexM3\ARM_GCC_441\Debug\LEDmatrix.a(CapSense.o) (CapSense_AMuxCH0_Init)
.\CortexM3\ARM_GCC_441\Debug\LEDmatrix.a(Timer.o)
                              .\CortexM3\ARM_GCC_441\Debug\main.o (Timer_WritePeriod)
.\CortexM3\ARM_GCC_441\Debug\LEDmatrix.a(ISR.o)
                              .\CortexM3\ARM_GCC_441\Debug\main.o (ISR_StartEx)
.\CortexM3\ARM_GCC_441\Debug\LEDmatrix.a(cyfitter_cfg.o)
                              .\CortexM3\ARM_GCC_441\Debug\LEDmatrix.a(CapSense.o) (CapSense_AMuxCH0_Set)
.\CortexM3\ARM_GCC_441\Debug\LEDmatrix.a(CyBootAsmGnu.o)
                              .\CortexM3\ARM_GCC_441\Debug\LEDmatrix.a(CyLib.o) (CyDelayCycles)
.\CortexM3\ARM_GCC_441\Debug\LEDmatrix.a(CyFlash.o)
                              .\CortexM3\ARM_GCC_441\Debug\LEDmatrix.a(cyPm.o) (CyFlash_SetWaitCycles)
.\CortexM3\ARM_GCC_441\Debug\LEDmatrix.a(CySpc.o)
                              .\CortexM3\ARM_GCC_441\Debug\LEDmatrix.a(CyFlash.o) (CySpcStart)
C:\Program Files\Cypress\PSoC Creator\2.2\PSoC Creator\psoc\content\cycomponentlibrary\CyComponentLibrary.cylib\CortexM3\ARM_GCC_441\Debug\CyComponentLibrary.a(CapSense_CSD_SmartSense_v3_20.o)
                              .\CortexM3\ARM_GCC_441\Debug\LEDmatrix.a(CapSense_SMS_Wrapper.o) (SMS_LIB_V3_CalculateThresholds)
c:/program files/cypress/psoc creator/2.2/psoc creator/import/gnu_cs/arm/4.4.1/bin/../lib/gcc/arm-none-eabi/4.4.1/../../../../arm-none-eabi/lib/thumb2\libc.a(lib_a-memcpy.o)
                              .\CortexM3\ARM_GCC_441\Debug\LEDmatrix.a(cyfitter_cfg.o) (memcpy)
c:/program files/cypress/psoc creator/2.2/psoc creator/import/gnu_cs/arm/4.4.1/bin/../lib/gcc/arm-none-eabi/4.4.1/../../../../arm-none-eabi/lib/thumb2\libc.a(lib_a-memset.o)
                              .\CortexM3\ARM_GCC_441\Debug\LEDmatrix.a(cyfitter_cfg.o) (memset)
c:/program files/cypress/psoc creator/2.2/psoc creator/import/gnu_cs/arm/4.4.1/bin/../lib/gcc/arm-none-eabi/4.4.1/../../../../arm-none-eabi/lib/thumb2\libcs3.a(start_c.o)
                              (__cs3_start_c)
c:/program files/cypress/psoc creator/2.2/psoc creator/import/gnu_cs/arm/4.4.1/bin/../lib/gcc/arm-none-eabi/4.4.1/../../../../arm-none-eabi/lib/thumb2\libcs3micro.a(micro_isr_interrupt.o)
                              (__cs3_isr_nmi)
c:/program files/cypress/psoc creator/2.2/psoc creator/import/gnu_cs/arm/4.4.1/bin/../lib/gcc/arm-none-eabi/4.4.1/../../../../arm-none-eabi/lib/thumb2\libc.a(lib_a-init.o)
                              c:/program files/cypress/psoc creator/2.2/psoc creator/import/gnu_cs/arm/4.4.1/bin/../lib/gcc/arm-none-eabi/4.4.1/../../../../arm-none-eabi/lib/thumb2\libcs3.a(start_c.o) (__libc_init_array)

Allocating common symbols
Common symbol       size              file

SMS_LIB_Table4      0xe               .\CortexM3\ARM_GCC_441\Debug\LEDmatrix.a(CapSense_SMS_Wrapper.o)
[...]
Memory Configuration

Name             Origin             Length             Attributes
rom              0x00000000         0x00040000         xr
ram              0x1fff8000         0x0000b000         xrw
*default*        0x00000000         0xffffffff

Linker script and memory map

LOAD c:/program files/cypress/psoc creator/2.2/psoc creator/import/gnu_cs/arm/4.4.1/bin/../lib/gcc/arm-none-eabi/4.4.1/thumb2/crti.o
LOAD c:/program files/cypress/psoc creator/2.2/psoc creator/import/gnu_cs/arm/4.4.1/bin/../lib/gcc/arm-none-eabi/4.4.1/thumb2/crtbegin.o
START GROUP
LOAD .\CortexM3\ARM_GCC_441\Debug\main.o
LOAD .\CortexM3\ARM_GCC_441\Debug\display.o
LOAD .\CortexM3\ARM_GCC_441\Debug\matrix.o
LOAD .\CortexM3\ARM_GCC_441\Debug\Cm3Start.o
LOAD .\CortexM3\ARM_GCC_441\Debug\LEDmatrix.a
LOAD C:\Program Files\Cypress\PSoC Creator\2.2\PSoC Creator\psoc\content\cycomponentlibrary\CyComponentLibrary.cylib\CortexM3\ARM_GCC_441\Debug\CyComponentLibrary.a
END GROUP
START GROUP
LOAD c:/program files/cypress/psoc creator/2.2/psoc creator/import/gnu_cs/arm/4.4.1/bin/../lib/gcc/arm-none-eabi/4.4.1/thumb2\libgcc.a
LOAD c:/program files/cypress/psoc creator/2.2/psoc creator/import/gnu_cs/arm/4.4.1/bin/../lib/gcc/arm-none-eabi/4.4.1/../../../../arm-none-eabi/lib/thumb2\libc.a
END GROUP
LOAD c:/program files/cypress/psoc creator/2.2/psoc creator/import/gnu_cs/arm/4.4.1/bin/../lib/gcc/arm-none-eabi/4.4.1/thumb2/crtend.o
LOAD c:/program files/cypress/psoc creator/2.2/psoc creator/import/gnu_cs/arm/4.4.1/bin/../lib/gcc/arm-none-eabi/4.4.1/thumb2/crtn.o
START GROUP
LOAD c:/program files/cypress/psoc creator/2.2/psoc creator/import/gnu_cs/arm/4.4.1/bin/../lib/gcc/arm-none-eabi/4.4.1/thumb2\libgcc.a
LOAD c:/program files/cypress/psoc creator/2.2/psoc creator/import/gnu_cs/arm/4.4.1/bin/../lib/gcc/arm-none-eabi/4.4.1/../../../../arm-none-eabi/lib/thumb2\libc.a
LOAD c:/program files/cypress/psoc creator/2.2/psoc creator/import/gnu_cs/arm/4.4.1/bin/../lib/gcc/arm-none-eabi/4.4.1/../../../../arm-none-eabi/lib/thumb2\libcs3.a
LOAD c:/program files/cypress/psoc creator/2.2/psoc creator/import/gnu_cs/arm/4.4.1/bin/../lib/gcc/arm-none-eabi/4.4.1/../../../../arm-none-eabi/lib/thumb2\libcs3unhosted.a
LOAD c:/program files/cypress/psoc creator/2.2/psoc creator/import/gnu_cs/arm/4.4.1/bin/../lib/gcc/arm-none-eabi/4.4.1/../../../../arm-none-eabi/lib/thumb2\libcs3micro.a
END GROUP
                0x1fff82b0                PROVIDE (__cs3_heap_start, _end)
                0x00000001                PROVIDE (__cs3_region_num, ((__cs3_regions_end - __cs3_regions) / 0x14))
                0x20008000                PROVIDE (__cs3_stack, 0x20008000)
                0x20004000                PROVIDE (__cs3_heap_end, (__cs3_stack - 0x4000))

.text           0x00000000     0x3510
 CREATE_OBJECT_SYMBOLS
                0x00000000                PROVIDE (__cs3_interrupt_vector, RomVectors)
 *(.romvectors)
 .romvectors    0x00000000       0x10 .\CortexM3\ARM_GCC_441\Debug\Cm3Start.o
                0x00000000                RomVectors
 *(.cs3.interrupt_vector)
                0x00000001                ASSERT ((. != __cs3_interrupt_vector), No interrupt vector)
                0x0000092c                PROVIDE (__cs3_reset, Reset)
 *(.cs3.reset)
                0x00000001                ASSERT ((. != __cs3_reset), No reset code)
 *(.dma_init)
                0x00000001                ASSERT ((((0x0 + .) <= 0x10000) || 0x1), DMA Init must be within the first 64k of flash)
 *(.text.cs3.init)
 .text.cs3.init
                0x00000010       0x5c c:/program files/cypress/psoc creator/2.2/psoc creator/import/gnu_cs/arm/4.4.1/bin/../lib/gcc/arm-none-eabi/4.4.1/../../../../arm-none-eabi/lib/thumb2\libcs3.a(start_c.o)
                0x00000010                __cs3_start_c
 *(.text .text.* .gnu.linkonce.t.*)
 .text          0x0000006c       0x30 c:/program files/cypress/psoc creator/2.2/psoc creator/import/gnu_cs/arm/4.4.1/bin/../lib/gcc/arm-none-eabi/4.4.1/thumb2/crtbegin.o
 .text.refresh  0x0000009c      0x15c .\CortexM3\ARM_GCC_441\Debug\main.o
                0x0000009c                refresh
 .text.main     0x000001f8      0x3a4 .\CortexM3\ARM_GCC_441\Debug\main.o
                0x000001f8                main
 .text.LCD_ClearLine
                0x0000059c       0x2c .\CortexM3\ARM_GCC_441\Debug\display.o
                0x0000059c                LCD_ClearLine
 .text.LCD_UpdateStatus
                0x000005c8       0x2c .\CortexM3\ARM_GCC_441\Debug\display.o
                0x000005c8                LCD_UpdateStatus
 .text.LCD_UpdateMessage
                0x000005f4       0x2c .\CortexM3\ARM_GCC_441\Debug\display.o
                0x000005f4                LCD_UpdateMessage
 .text.matrix_illuminate
                0x00000620      0x130 .\CortexM3\ARM_GCC_441\Debug\matrix.o
                0x00000620                matrix_illuminate
 .text.matrix_deluminate
                0x00000750       0x28 .\CortexM3\ARM_GCC_441\Debug\matrix.o
                0x00000750                matrix_deluminate
 .text.matrix_test
                0x00000778      0x1ac .\CortexM3\ARM_GCC_441\Debug\matrix.o
                0x00000778                matrix_test
 .text.IntDefaultHandler
                0x00000924        0x8 .\CortexM3\ARM_GCC_441\Debug\Cm3Start.o
                0x00000924                IntDefaultHandler
 .text.Reset    0x0000092c       0x24 .\CortexM3\ARM_GCC_441\Debug\Cm3Start.o
                0x0000092c                Reset
 .text.initialize_psoc
                0x00000950       0xb4 .\CortexM3\ARM_GCC_441\Debug\Cm3Start.o
                0x00000950                initialize_psoc
 .text.Row_Write
                0x00000a04       0x20 .\CortexM3\ARM_GCC_441\Debug\LEDmatrix.a(Row.o)
                0x00000a04                Row_Write
 .text.Red_Write
                0x00000a24       0x20 .\CortexM3\ARM_GCC_441\Debug\LEDmatrix.a(Red.o)
                0x00000a24                Red_Write
 .text.Green_Write
                0x00000a44       0x20 .\CortexM3\ARM_GCC_441\Debug\LEDmatrix.a(Green.o)
                0x00000a44                Green_Write
 .text.Blue_Write
                0x00000a64       0x20 .\CortexM3\ARM_GCC_441\Debug\LEDmatrix.a(Blue.o)
                0x00000a64                Blue_Write
 .text.CyHalt   0x00000a84       0x18 .\CortexM3\ARM_GCC_441\Debug\LEDmatrix.a(CyLib.o)
                0x00000a84                CyHalt
 .text.CyDelay  0x00000a9c       0x48 .\CortexM3\ARM_GCC_441\Debug\LEDmatrix.a(CyLib.o)
                0x00000a9c                CyDelay
 .text.CyDelayUs
                0x00000ae4       0x28 .\CortexM3\ARM_GCC_441\Debug\LEDmatrix.a(CyLib.o)
                0x00000ae4                CyDelayUs
 .text.CyIntSetVector
                0x00000b0c       0x60 .\CortexM3\ARM_GCC_441\Debug\LEDmatrix.a(CyLib.o)
                0x00000b0c                CyIntSetVector
 .text.CyIntSetPriority
                0x00000b6c       0x4c .\CortexM3\ARM_GCC_441\Debug\LEDmatrix.a(CyLib.o)
                0x00000b6c                CyIntSetPriority
 .text.LCD_Init
                0x00000bb8       0x90 .\CortexM3\ARM_GCC_441\Debug\LEDmatrix.a(LCD.o)
                0x00000bb8                LCD_Init
 .text.LCD_Enable
                0x00000c48       0x1c .\CortexM3\ARM_GCC_441\Debug\LEDmatrix.a(LCD.o)
                0x00000c48                LCD_Enable
 .text.LCD_Start
                0x00000c64       0x2c .\CortexM3\ARM_GCC_441\Debug\LEDmatrix.a(LCD.o)
                0x00000c64                LCD_Start
 .text.LCD_Position
                0x00000c90       0x74 .\CortexM3\ARM_GCC_441\Debug\LEDmatrix.a(LCD.o)
                0x00000c90                LCD_Position
 .text.LCD_PrintString
                0x00000d04       0x40 .\CortexM3\ARM_GCC_441\Debug\LEDmatrix.a(LCD.o)
                0x00000d04                LCD_PrintString
 .text.LCD_PutChar
                0x00000d44       0x1c .\CortexM3\ARM_GCC_441\Debug\LEDmatrix.a(LCD.o)
                0x00000d44                LCD_PutChar
 .text.LCD_WriteData
                0x00000d60       0x38 .\CortexM3\ARM_GCC_441\Debug\LEDmatrix.a(LCD.o)
                0x00000d60                LCD_WriteData
 .text.LCD_WriteControl
                0x00000d98       0x38 .\CortexM3\ARM_GCC_441\Debug\LEDmatrix.a(LCD.o)
                0x00000d98                LCD_WriteControl
 .text.LCD_IsReady
                0x00000dd0      0x1fc .\CortexM3\ARM_GCC_441\Debug\LEDmatrix.a(LCD.o)
                0x00000dd0                LCD_IsReady
 .text.LCD_WrDatNib
                0x00000fcc       0xac .\CortexM3\ARM_GCC_441\Debug\LEDmatrix.a(LCD.o)
 .text.LCD_WrCntrlNib
                0x00001078       0x8c .\CortexM3\ARM_GCC_441\Debug\LEDmatrix.a(LCD.o)
 .text.LCD_PrintNumber
                0x00001104      0x110 .\CortexM3\ARM_GCC_441\Debug\LEDmatrix.a(LCD.o)
                0x00001104                LCD_PrintNumber
 .text.CapSense_Init
                0x00001214      0x1ac .\CortexM3\ARM_GCC_441\Debug\LEDmatrix.a(CapSense.o)
                0x00001214                CapSense_Init
 .text.CapSense_Enable
                0x000013c0       0xc4 .\CortexM3\ARM_GCC_441\Debug\LEDmatrix.a(CapSense.o)
                0x000013c0                CapSense_Enable
 .text.CapSense_Start
                0x00001484       0x3c .\CortexM3\ARM_GCC_441\Debug\LEDmatrix.a(CapSense.o)
                0x00001484                CapSense_Start
 .text.CapSense_FindNextSensor
                0x000014c0       0x5c .\CortexM3\ARM_GCC_441\Debug\LEDmatrix.a(CapSense.o)
                0x000014c0                CapSense_FindNextSensor
 .text.CapSense_SetScanSlotSettings
                0x0000151c       0x5c .\CortexM3\ARM_GCC_441\Debug\LEDmatrix.a(CapSense.o)
                0x0000151c                CapSense_SetScanSlotSettings
 .text.CapSense_ScanSensor
                0x00001578       0x44 .\CortexM3\ARM_GCC_441\Debug\LEDmatrix.a(CapSense.o)
                0x00001578                CapSense_ScanSensor
 .text.CapSense_ScanEnabledWidgets
                0x000015bc       0x80 .\CortexM3\ARM_GCC_441\Debug\LEDmatrix.a(CapSense.o)
                0x000015bc                CapSense_ScanEnabledWidgets
 .text.CapSense_IsBusy
                0x0000163c       0x2c .\CortexM3\ARM_GCC_441\Debug\LEDmatrix.a(CapSense.o)
                0x0000163c                CapSense_IsBusy
 .text.CapSense_ClearSensors
                0x00001668       0x2c .\CortexM3\ARM_GCC_441\Debug\LEDmatrix.a(CapSense.o)
                0x00001668                CapSense_ClearSensors
 .text.CapSense_EnableSensor
                0x00001694       0x80 .\CortexM3\ARM_GCC_441\Debug\LEDmatrix.a(CapSense.o)
                0x00001694                CapSense_EnableSensor
 .text.CapSense_DisableSensor
                0x00001714       0x88 .\CortexM3\ARM_GCC_441\Debug\LEDmatrix.a(CapSense.o)
                0x00001714                CapSense_DisableSensor
 .text.CapSense_PreScan
                0x0000179c       0x74 .\CortexM3\ARM_GCC_441\Debug\LEDmatrix.a(CapSense.o)
                0x0000179c                CapSense_PreScan
 .text.CapSense_PostScan
                0x00001810       0xc8 .\CortexM3\ARM_GCC_441\Debug\LEDmatrix.a(CapSense.o)
                0x00001810                CapSense_PostScan
 .text.CapSense_SetPrescaler
                0x000018d8       0x34 .\CortexM3\ARM_GCC_441\Debug\LEDmatrix.a(CapSense.o)
                0x000018d8                CapSense_SetPrescaler
 .text.CapSense_SetAnalogSwitchesSource
                0x0000190c       0x54 .\CortexM3\ARM_GCC_441\Debug\LEDmatrix.a(CapSense.o)
                0x0000190c                CapSense_SetAnalogSwitchesSource
 .text.CapSense_BaseInit
                0x00001960       0x80 .\CortexM3\ARM_GCC_441\Debug\LEDmatrix.a(CapSense_CSHL.o)
                0x00001960                CapSense_BaseInit
 .text.CapSense_InitializeSensorBaseline
                0x000019e0       0x2c .\CortexM3\ARM_GCC_441\Debug\LEDmatrix.a(CapSense_CSHL.o)
                0x000019e0                CapSense_InitializeSensorBaseline
 .text.CapSense_InitializeAllBaselines
                0x00001a0c       0x2c .\CortexM3\ARM_GCC_441\Debug\LEDmatrix.a(CapSense_CSHL.o)
                0x00001a0c                CapSense_InitializeAllBaselines
 .text.CapSense_UpdateSensorBaseline
                0x00001a38      0x1c0 .\CortexM3\ARM_GCC_441\Debug\LEDmatrix.a(CapSense_CSHL.o)
                0x00001a38                CapSense_UpdateSensorBaseline
 .text.CapSense_UpdateEnabledBaselines
                0x00001bf8       0x5c .\CortexM3\ARM_GCC_441\Debug\LEDmatrix.a(CapSense_CSHL.o)
                0x00001bf8                CapSense_UpdateEnabledBaselines
 .text.CapSense_CheckIsSensorActive
                0x00001c54      0x194 .\CortexM3\ARM_GCC_441\Debug\LEDmatrix.a(CapSense_CSHL.o)
                0x00001c54                CapSense_CheckIsSensorActive
 .text.CapSense_CheckIsWidgetActive
                0x00001de8       0x60 .\CortexM3\ARM_GCC_441\Debug\LEDmatrix.a(CapSense_CSHL.o)
                0x00001de8                CapSense_CheckIsWidgetActive
 .text.CapSense_FindMaximum
                0x00001e48       0x7c .\CortexM3\ARM_GCC_441\Debug\LEDmatrix.a(CapSense_CSHL.o)
                0x00001e48                CapSense_FindMaximum
 .text.CapSense_CalcCentroid
                0x00001ec4      0x1d4 .\CortexM3\ARM_GCC_441\Debug\LEDmatrix.a(CapSense_CSHL.o)
                0x00001ec4                CapSense_CalcCentroid
 .text.CapSense_GetCentroidPos
                0x00002098      0x148 .\CortexM3\ARM_GCC_441\Debug\LEDmatrix.a(CapSense_CSHL.o)
                0x00002098                CapSense_GetCentroidPos
 .text.CapSense_IIR4Filter
                0x000021e0       0x3c .\CortexM3\ARM_GCC_441\Debug\LEDmatrix.a(CapSense_CSHL.o)
                0x000021e0                CapSense_IIR4Filter
 .text.CapSense_IsrCH0_ISR
                0x0000221c       0xa8 .\CortexM3\ARM_GCC_441\Debug\LEDmatrix.a(CapSense_INT.o)
                0x0000221c                CapSense_IsrCH0_ISR
 .text.SMS_LIB_ScanSensor
                0x000022c4       0x1c .\CortexM3\ARM_GCC_441\Debug\LEDmatrix.a(CapSense_SMS_Wrapper.o)
                0x000022c4                SMS_LIB_ScanSensor
 .text.SMS_LIB_IsBusy
                0x000022e0       0x10 .\CortexM3\ARM_GCC_441\Debug\LEDmatrix.a(CapSense_SMS_Wrapper.o)
                0x000022e0                SMS_LIB_IsBusy
 .text.CapSense_CalculateThresholds
                0x000022f0       0x1c .\CortexM3\ARM_GCC_441\Debug\LEDmatrix.a(CapSense_SMS_Wrapper.o)
                0x000022f0                CapSense_CalculateThresholds
 .text.CapSense_AutoTune
                0x0000230c        0xc .\CortexM3\ARM_GCC_441\Debug\LEDmatrix.a(CapSense_SMS_Wrapper.o)
                0x0000230c                CapSense_AutoTune
 .text.SMS_LIB_V3_SetAnalogSwitchesSrc_PRS
                0x00002318       0x10 .\CortexM3\ARM_GCC_441\Debug\LEDmatrix.a(CapSense_SMS_Wrapper.o)
                0x00002318                SMS_LIB_V3_SetAnalogSwitchesSrc_PRS
 .text.SMS_LIB_V3_SetAnalogSwitchesSrc_Prescaler
                0x00002328       0x10 .\CortexM3\ARM_GCC_441\Debug\LEDmatrix.a(CapSense_SMS_Wrapper.o)
                0x00002328                SMS_LIB_V3_SetAnalogSwitchesSrc_Prescaler
 .text.CapSense_CompCH0_Init
                0x00002338       0x98 .\CortexM3\ARM_GCC_441\Debug\LEDmatrix.a(CapSense_CompCH0.o)
                0x00002338                CapSense_CompCH0_Init
 .text.CapSense_CompCH0_Enable
                0x000023d0       0x44 .\CortexM3\ARM_GCC_441\Debug\LEDmatrix.a(CapSense_CompCH0.o)
                0x000023d0                CapSense_CompCH0_Enable
 .text.CapSense_CompCH0_SetSpeed
                0x00002414       0xa0 .\CortexM3\ARM_GCC_441\Debug\LEDmatrix.a(CapSense_CompCH0.o)
                0x00002414                CapSense_CompCH0_SetSpeed
 .text.CapSense_IdacCH0_Init
                0x000024b4       0x68 .\CortexM3\ARM_GCC_441\Debug\LEDmatrix.a(CapSense_IdacCH0.o)
                0x000024b4                CapSense_IdacCH0_Init
 .text.CapSense_IdacCH0_Enable
                0x0000251c       0x44 .\CortexM3\ARM_GCC_441\Debug\LEDmatrix.a(CapSense_IdacCH0.o)
                0x0000251c                CapSense_IdacCH0_Enable
 .text.CapSense_IdacCH0_SetSpeed
                0x00002560       0x50 .\CortexM3\ARM_GCC_441\Debug\LEDmatrix.a(CapSense_IdacCH0.o)
                0x00002560                CapSense_IdacCH0_SetSpeed
 .text.CapSense_IdacCH0_SetPolarity
                0x000025b0       0x54 .\CortexM3\ARM_GCC_441\Debug\LEDmatrix.a(CapSense_IdacCH0.o)
                0x000025b0                CapSense_IdacCH0_SetPolarity
 .text.CapSense_IdacCH0_SetRange
                0x00002604       0x54 .\CortexM3\ARM_GCC_441\Debug\LEDmatrix.a(CapSense_IdacCH0.o)
                0x00002604                CapSense_IdacCH0_SetRange
 .text.CapSense_IdacCH0_SetValue
                0x00002658       0x20 .\CortexM3\ARM_GCC_441\Debug\LEDmatrix.a(CapSense_IdacCH0.o)
                0x00002658                CapSense_IdacCH0_SetValue
 .text.CapSense_IdacCH0_DacTrim
                0x00002678       0x5c .\CortexM3\ARM_GCC_441\Debug\LEDmatrix.a(CapSense_IdacCH0.o)
                0x00002678                CapSense_IdacCH0_DacTrim
 .text.CapSense_AMuxCH0_Init
                0x000026d4        0xc .\CortexM3\ARM_GCC_441\Debug\LEDmatrix.a(CapSense_AMuxCH0.o)
                0x000026d4                CapSense_AMuxCH0_Init
 .text.CapSense_AMuxCH0_DisconnectAll
                0x000026e0       0x2c .\CortexM3\ARM_GCC_441\Debug\LEDmatrix.a(CapSense_AMuxCH0.o)
                0x000026e0                CapSense_AMuxCH0_DisconnectAll
 .text.Timer_Init
                0x0000270c       0x58 .\CortexM3\ARM_GCC_441\Debug\LEDmatrix.a(Timer.o)
                0x0000270c                Timer_Init
 .text.Timer_Enable
                0x00002764       0x2c .\CortexM3\ARM_GCC_441\Debug\LEDmatrix.a(Timer.o)
                0x00002764                Timer_Enable
 .text.Timer_Start
                0x00002790       0x2c .\CortexM3\ARM_GCC_441\Debug\LEDmatrix.a(Timer.o)
                0x00002790                Timer_Start
 .text.Timer_SetInterruptMode
                0x000027bc       0x20 .\CortexM3\ARM_GCC_441\Debug\LEDmatrix.a(Timer.o)
                0x000027bc                Timer_SetInterruptMode
 .text.Timer_ReadStatusRegister
                0x000027dc       0x18 .\CortexM3\ARM_GCC_441\Debug\LEDmatrix.a(Timer.o)
                0x000027dc                Timer_ReadStatusRegister
 .text.Timer_WritePeriod
                0x000027f4       0x20 .\CortexM3\ARM_GCC_441\Debug\LEDmatrix.a(Timer.o)
                0x000027f4                Timer_WritePeriod
 .text.Timer_ReadCapture
                0x00002814       0x18 .\CortexM3\ARM_GCC_441\Debug\LEDmatrix.a(Timer.o)
                0x00002814                Timer_ReadCapture
 .text.Timer_WriteCounter
                0x0000282c       0x20 .\CortexM3\ARM_GCC_441\Debug\LEDmatrix.a(Timer.o)
                0x0000282c                Timer_WriteCounter
 .text.Timer_ClearFIFO
                0x0000284c       0x1c .\CortexM3\ARM_GCC_441\Debug\LEDmatrix.a(Timer.o)
                0x0000284c                Timer_ClearFIFO
 .text.ISR_StartEx
                0x00002868       0x28 .\CortexM3\ARM_GCC_441\Debug\LEDmatrix.a(ISR.o)
                0x00002868                ISR_StartEx
 .text.ISR_SetVector
                0x00002890       0x28 .\CortexM3\ARM_GCC_441\Debug\LEDmatrix.a(ISR.o)
                0x00002890                ISR_SetVector
 .text.ISR_SetPriority
                0x000028b8       0x28 .\CortexM3\ARM_GCC_441\Debug\LEDmatrix.a(ISR.o)
                0x000028b8                ISR_SetPriority
 .text.ISR_Enable
                0x000028e0       0x18 .\CortexM3\ARM_GCC_441\Debug\LEDmatrix.a(ISR.o)
                0x000028e0                ISR_Enable
 .text.ISR_Disable
                0x000028f8       0x18 .\CortexM3\ARM_GCC_441\Debug\LEDmatrix.a(ISR.o)
                0x000028f8                ISR_Disable
 .text.CYMEMZERO
                0x00002910       0x20 .\CortexM3\ARM_GCC_441\Debug\LEDmatrix.a(cyfitter_cfg.o)
 .text.CYCONFIGCPY
                0x00002930       0x20 .\CortexM3\ARM_GCC_441\Debug\LEDmatrix.a(cyfitter_cfg.o)
 .text.cfg_write_bytes32
                0x00002950       0x84 .\CortexM3\ARM_GCC_441\Debug\LEDmatrix.a(cyfitter_cfg.o)
 .text.ClockSetup
                0x000029d4      0x10c .\CortexM3\ARM_GCC_441\Debug\LEDmatrix.a(cyfitter_cfg.o)
 .text.AnalogSetDefault
                0x00002ae0       0x94 .\CortexM3\ARM_GCC_441\Debug\LEDmatrix.a(cyfitter_cfg.o)
 .text.CapSense_AMuxCH0_Set
                0x00002b74       0x4c .\CortexM3\ARM_GCC_441\Debug\LEDmatrix.a(cyfitter_cfg.o)
                0x00002b74                CapSense_AMuxCH0_Set
 .text.CapSense_AMuxCH0_Unset
                0x00002bc0       0x54 .\CortexM3\ARM_GCC_441\Debug\LEDmatrix.a(cyfitter_cfg.o)
                0x00002bc0                CapSense_AMuxCH0_Unset
 .text.cyfitter_cfg
                0x00002c14      0x25c .\CortexM3\ARM_GCC_441\Debug\LEDmatrix.a(cyfitter_cfg.o)
                0x00002c14                cyfitter_cfg
 .text          0x00002e70       0x20 .\CortexM3\ARM_GCC_441\Debug\LEDmatrix.a(CyBootAsmGnu.o)
                0x00002e70                CyDelayCycles
                0x00002e80                CyEnterCriticalSection
                0x00002e88                CyExitCriticalSection
 .text.SMS_LIB_V3_MeasureNoiseEnvelope
                0x00002e90       0xa4 C:\Program Files\Cypress\PSoC Creator\2.2\PSoC Creator\psoc\content\cycomponentlibrary\CyComponentLibrary.cylib\CortexM3\ARM_GCC_441\Debug\CyComponentLibrary.a(CapSense_CSD_SmartSense_v3_20.o)
                0x00002e90                SMS_LIB_V3_MeasureNoiseEnvelope
 .text.SMS_LIB_V3_CalculateThresholds
                0x00002f34       0xcc C:\Program Files\Cypress\PSoC Creator\2.2\PSoC Creator\psoc\content\cycomponentlibrary\CyComponentLibrary.cylib\CortexM3\ARM_GCC_441\Debug\CyComponentLibrary.a(CapSense_CSD_SmartSense_v3_20.o)
                0x00002f34                SMS_LIB_V3_CalculateThresholds
 .text.SMS_LIB_V3_Sensors2WidgetResolutionTransform
                0x00003000       0xa8 C:\Program Files\Cypress\PSoC Creator\2.2\PSoC Creator\psoc\content\cycomponentlibrary\CyComponentLibrary.cylib\CortexM3\ARM_GCC_441\Debug\CyComponentLibrary.a(CapSense_CSD_SmartSense_v3_20.o)
                0x00003000                SMS_LIB_V3_Sensors2WidgetResolutionTransform
 .text.SMS_LIB_V3_CallibrateSensor1Ch
                0x000030a8       0x84 C:\Program Files\Cypress\PSoC Creator\2.2\PSoC Creator\psoc\content\cycomponentlibrary\CyComponentLibrary.cylib\CortexM3\ARM_GCC_441\Debug\CyComponentLibrary.a(CapSense_CSD_SmartSense_v3_20.o)
                0x000030a8                SMS_LIB_V3_CallibrateSensor1Ch
 .text.SMS_LIB_V3_AutoTuneSensor1Ch
                0x0000312c       0x74 C:\Program Files\Cypress\PSoC Creator\2.2\PSoC Creator\psoc\content\cycomponentlibrary\CyComponentLibrary.cylib\CortexM3\ARM_GCC_441\Debug\CyComponentLibrary.a(CapSense_CSD_SmartSense_v3_20.o)
                0x0000312c                SMS_LIB_V3_AutoTuneSensor1Ch
 .text.SMS_LIB_V3_AutoTune1Ch
                0x000031a0       0x88 C:\Program Files\Cypress\PSoC Creator\2.2\PSoC Creator\psoc\content\cycomponentlibrary\CyComponentLibrary.cylib\CortexM3\ARM_GCC_441\Debug\CyComponentLibrary.a(CapSense_CSD_SmartSense_v3_20.o)
                0x000031a0                SMS_LIB_V3_AutoTune1Ch
 .text          0x00003228      0x190 c:/program files/cypress/psoc creator/2.2/psoc creator/import/gnu_cs/arm/4.4.1/bin/../lib/gcc/arm-none-eabi/4.4.1/../../../../arm-none-eabi/lib/thumb2\libc.a(lib_a-memcpy.o)
                0x00003228                memcpy
 .text          0x000033b8       0xd4 c:/program files/cypress/psoc creator/2.2/psoc creator/import/gnu_cs/arm/4.4.1/bin/../lib/gcc/arm-none-eabi/4.4.1/../../../../arm-none-eabi/lib/thumb2\libc.a(lib_a-memset.o)
                0x000033b8                memset
 .text          0x0000348c       0x30 c:/program files/cypress/psoc creator/2.2/psoc creator/import/gnu_cs/arm/4.4.1/bin/../lib/gcc/arm-none-eabi/4.4.1/../../../../arm-none-eabi/lib/thumb2\libcs3.a(start_c.o)
                0x0000348c                __cs3_premain
 .text          0x000034bc        0x2 c:/program files/cypress/psoc creator/2.2/psoc creator/import/gnu_cs/arm/4.4.1/bin/../lib/gcc/arm-none-eabi/4.4.1/../../../../arm-none-eabi/lib/thumb2\libcs3micro.a(micro_isr_interrupt.o)
                0x000034bc                __cs3_isr_external_24
                0x000034bc                __cs3_isr_external_9
                0x000034bc                __cs3_isr_external_14
                0x000034bc                __cs3_isr_reserved_9
                0x000034bc                __cs3_isr_external_4
                0x000034bc                __cs3_isr_external_21
                0x000034bc                __cs3_isr_external_0
                0x000034bc                __cs3_isr_external_27
                0x000034bc                __cs3_isr_external_11
                0x000034bc                __cs3_isr_usage_fault
                0x000034bc                __cs3_isr_svcall
                0x000034bc                __cs3_isr_external_3
                0x000034bc                __cs3_isr_mpu_fault
                0x000034bc                __cs3_isr_external_16
                0x000034bc                __cs3_isr_pendsv
                0x000034bc                __cs3_isr_external_31
                0x000034bc                __cs3_isr_nmi
                0x000034bc                __cs3_isr_external_5
                0x000034bc                __cs3_isr_external_6
                0x000034bc                __cs3_isr_external_12
                0x000034bc                __cs3_isr_hard_fault
                0x000034bc                __cs3_isr_bus_fault
                0x000034bc                __cs3_isr_external_1
                0x000034bc                __cs3_isr_external_13
                0x000034bc                __cs3_isr_external_30
                0x000034bc                __cs3_isr_external_23
                0x000034bc                __cs3_isr_external_20
                0x000034bc                __cs3_isr_debug
                0x000034bc                __cs3_isr_reserved_13
                0x000034bc                __cs3_isr_external_8
                0x000034bc                __cs3_isr_external_26
                0x000034bc                __cs3_isr_reserved_8
                0x000034bc                __cs3_isr_reserved_7
                0x000034bc                __cs3_isr_external_7
                0x000034bc                __cs3_isr_external_28
                0x000034bc                __cs3_isr_systick
                0x000034bc                __cs3_isr_external_22
                0x000034bc                __cs3_isr_external_10
                0x000034bc                __cs3_isr_external_15
                0x000034bc                __cs3_isr_interrupt
                0x000034bc                __cs3_isr_external_18
                0x000034bc                __cs3_isr_external_29
                0x000034bc                __cs3_isr_external_25
                0x000034bc                __cs3_isr_reserved_10
                0x000034bc                __cs3_isr_external_2
                0x000034bc                __cs3_isr_external_17
                0x000034bc                __cs3_isr_external_19
 *fill*         0x000034be        0x2 00
 .text          0x000034c0       0x50 c:/program files/cypress/psoc creator/2.2/psoc creator/import/gnu_cs/arm/4.4.1/bin/../lib/gcc/arm-none-eabi/4.4.1/../../../../arm-none-eabi/lib/thumb2\libc.a(lib_a-init.o)
                0x000034c0                __libc_init_array
 *(.plt)
 *(.gnu.warning)
 *(.glue_7t)
 .glue_7t       0x00000000        0x0 linker stubs
 *(.glue_7)
 .glue_7        0x00000000        0x0 linker stubs
 *(.vfp11_veneer)
 .vfp11_veneer  0x00000000        0x0 linker stubs
 *(.bootloader)
 *(.ARM.extab* .gnu.linkonce.armextab.*)
 *(.gcc_except_table)

.v4_bx          0x00003510        0x0
 .v4_bx         0x00000000        0x0 linker stubs

.eh_frame_hdr
 *(.eh_frame_hdr)

.eh_frame
 *(.eh_frame)
                0x00003510                PROVIDE (__exidx_start, .)

.ARM.exidx
 *(.ARM.exidx* .gnu.linkonce.armexidx.*)
                0x00003510                __exidx_end = .

.rodata         0x00003510      0x220
 *(.rodata .rodata.* .gnu.linkonce.r.*)
 .rodata        0x00003510       0x9c .\CortexM3\ARM_GCC_441\Debug\main.o
 .rodata        0x000035ac       0x14 .\CortexM3\ARM_GCC_441\Debug\display.o
 .rodata        0x000035c0       0x54 .\CortexM3\ARM_GCC_441\Debug\matrix.o
 .rodata        0x00003614       0x54 .\CortexM3\ARM_GCC_441\Debug\LEDmatrix.a(CapSense.o)
                0x00003614                CapSense_pcTable
                0x00003630                CapSense_portTable
                0x00003638                CapSense_maskTable
                0x00003640                CapSense_csTable
                0x00003660                CapSense_widgetNumber
 .rodata        0x00003668       0x10 .\CortexM3\ARM_GCC_441\Debug\LEDmatrix.a(CapSense_CSHL.o)
                0x00003668                CapSense_rawDataIndex
                0x0000366c                CapSense_numberOfSensors
                0x00003670                CapSense_centroidMult
                0x00003674                CapSense_posFiltersMask
 .rodata        0x00003678       0x28 .\CortexM3\ARM_GCC_441\Debug\LEDmatrix.a(CapSense_SMS_Wrapper.o)
                0x00003678                SMS_LIB_SensorSensitivity
                0x00003680                SMS_LIB_PrescalerTbl
 .rodata        0x000036a0       0x58 .\CortexM3\ARM_GCC_441\Debug\LEDmatrix.a(cyfitter_cfg.o)
                0x000036a0                CapSense_AMuxCH0__addrTable
                0x000036c8                CapSense_AMuxCH0__maskTable
                0x000036f8                . = ALIGN (0x4)
 *(.init)
 .init          0x000036f8        0x4 c:/program files/cypress/psoc creator/2.2/psoc creator/import/gnu_cs/arm/4.4.1/bin/../lib/gcc/arm-none-eabi/4.4.1/thumb2/crti.o
                0x000036f8                _init
 .init          0x000036fc        0x8 c:/program files/cypress/psoc creator/2.2/psoc creator/import/gnu_cs/arm/4.4.1/bin/../lib/gcc/arm-none-eabi/4.4.1/thumb2/crtn.o
                0x00003704                . = ALIGN (0x4)
                0x00003704                __preinit_array_start = .
 *(.preinit_array)
                0x00003704                __preinit_array_end = .
                0x00003704                . = ALIGN (0x4)
                0x00003704                __init_array_start = .
 *(SORT(.init_array.*))
 *(.init_array)
 .init_array    0x00003704        0x4 c:/program files/cypress/psoc creator/2.2/psoc creator/import/gnu_cs/arm/4.4.1/bin/../lib/gcc/arm-none-eabi/4.4.1/thumb2/crtbegin.o
 .init_array    0x00003708        0x4 .\CortexM3\ARM_GCC_441\Debug\Cm3Start.o
                0x0000370c                __init_array_end = .
                0x0000370c                . = ALIGN (0x4)
 *(.fini)
 .fini          0x0000370c        0x4 c:/program files/cypress/psoc creator/2.2/psoc creator/import/gnu_cs/arm/4.4.1/bin/../lib/gcc/arm-none-eabi/4.4.1/thumb2/crti.o
                0x0000370c                _fini
 .fini          0x00003710        0x8 c:/program files/cypress/psoc creator/2.2/psoc creator/import/gnu_cs/arm/4.4.1/bin/../lib/gcc/arm-none-eabi/4.4.1/thumb2/crtn.o
                0x00003718                . = ALIGN (0x4)
                0x00003718                __fini_array_start = .
 *(.fini_array)
 .fini_array    0x00003718        0x4 c:/program files/cypress/psoc creator/2.2/psoc creator/import/gnu_cs/arm/4.4.1/bin/../lib/gcc/arm-none-eabi/4.4.1/thumb2/crtbegin.o
 *(SORT(.fini_array.*))
                0x0000371c                __fini_array_end = .
                0x0000371c                . = ALIGN (0x4)
 *crtbegin.o(.ctors)
 *(EXCLUDE_FILE(*crtend.o) .ctors)
 *(SORT(.ctors.*))
 *crtend.o(.ctors)
                0x0000371c                . = ALIGN (0x4)
 *crtbegin.o(.dtors)
 *(EXCLUDE_FILE(*crtend.o) .dtors)
 *(SORT(.dtors.*))
 *crtend.o(.dtors)
                0x0000371c                . = ALIGN (0x4)
                0x0000371c                __cs3_regions = .
                0x0000371c        0x4 LONG 0x0
                0x00003720        0x4 LONG 0x3730 __cs3_region_init_ram
                0x00003724        0x4 LONG 0x1fff8108 __cs3_region_start_data
                0x00003728        0x4 LONG 0x70 __cs3_region_init_size_ram
                0x0000372c        0x4 LONG 0x138 __cs3_region_zero_size_ram
                0x00003730                __cs3_regions_end = .
                0x00003730                . = ALIGN (0x8)
                0x00003730                _etext = .

.ramvectors     0x1fff8000      0x100
                0x1fff8000                __cs3_region_start_ram = .
 *(.cs3.region-head.ram)
                0x1fff8001                ASSERT ((. == __cs3_region_start_ram), .cs3.region-head.ram not permitted)
 *(.ramvectors)
 .ramvectors    0x1fff8000      0x100 .\CortexM3\ARM_GCC_441\Debug\Cm3Start.o
                0x1fff8000                CyRamVectors

.noinit         0x1fff8100        0x4
 *(.noinit)
 .noinit        0x1fff8100        0x4 .\CortexM3\ARM_GCC_441\Debug\Cm3Start.o

.data           0x1fff8108       0x70 load address 0x00003730
                0x1fff8108                __cs3_region_start_data = .
 *(.jcr)
 .jcr           0x1fff8108        0x0 c:/program files/cypress/psoc creator/2.2/psoc creator/import/gnu_cs/arm/4.4.1/bin/../lib/gcc/arm-none-eabi/4.4.1/thumb2/crtbegin.o
 .jcr           0x1fff8108        0x4 c:/program files/cypress/psoc creator/2.2/psoc creator/import/gnu_cs/arm/4.4.1/bin/../lib/gcc/arm-none-eabi/4.4.1/thumb2/crtend.o
 *(.got.plt)
 *(.got)
 *(.shdata)
 *(.data .data.* .gnu.linkonce.d.*)
 .data          0x1fff810c        0x3 .\CortexM3\ARM_GCC_441\Debug\main.o
                0x1fff810c                player1_color
                0x1fff810d                player2_color
                0x1fff810e                player1_turn
 *fill*         0x1fff810f        0x1 00
 .data          0x1fff8110       0x10 .\CortexM3\ARM_GCC_441\Debug\LEDmatrix.a(CyLib.o)
                0x1fff8110                cydelay_freq_hz
                0x1fff8114                cydelay_freq_khz
                0x1fff8118                cydelay_freq_mhz
                0x1fff811c                cydelay_32k_ms
 .data          0x1fff8120       0x10 .\CortexM3\ARM_GCC_441\Debug\LEDmatrix.a(CapSense.o)
                0x1fff8120                CapSense_SensorEnableMask
                0x1fff8124                CapSense_idacSettings
                0x1fff812c                CapSense_widgetResolution
 .data          0x1fff8130       0x14 .\CortexM3\ARM_GCC_441\Debug\LEDmatrix.a(CapSense_CSHL.o)
                0x1fff8130                CapSense_fingerThreshold
                0x1fff8134                CapSense_noiseThreshold
                0x1fff8138                CapSense_hysteresis
                0x1fff813c                CapSense_debounce
                0x1fff8140                CapSense_posFiltersData
 .data          0x1fff8144       0x30 .\CortexM3\ARM_GCC_441\Debug\LEDmatrix.a(CapSense_SMS_Wrapper.o)
                0x1fff8144                SMS_LIB_noiseThreshold
                0x1fff8148                SMS_LIB_hysteresis
                0x1fff814c                SMS_LIB_widgetResolution
                0x1fff8150                SMS_LIB_widgetNumber
                0x1fff8154                SMS_LIB_numberOfSensors
                0x1fff8158                SMS_LIB_fingerThreshold
                0x1fff815c                SMS_LIB_idacSettings
                0x1fff8160                SMS_LIB_prescaler
                0x1fff8164                SMS_LIB_SensorRaw
                0x1fff8168                SMS_LIB_SensorBaseline
                0x1fff816c                SMS_LIB_Var1
                0x1fff816e                SMS_LIB_Var2
                0x1fff8170                SMS_LIB_TotalSnsCnt
                0x1fff8171                SMS_LIB_TotalScanSlCnt
                0x1fff8172                SMS_LIB_EndOfWidgInd
                0x1fff8178                . = ALIGN (0x8)
 *fill*         0x1fff8174        0x4 00
 *(.ram)
                0x1fff8178                _edata = .

.bss            0x1fff8178      0x138 load address 0x000037a0
 *(.shbss)
 *(.bss .bss.* .gnu.linkonce.b.*)
 .bss           0x1fff8178        0x1 c:/program files/cypress/psoc creator/2.2/psoc creator/import/gnu_cs/arm/4.4.1/bin/../lib/gcc/arm-none-eabi/4.4.1/thumb2/crtbegin.o
 .bss           0x1fff8179        0x2 .\CortexM3\ARM_GCC_441\Debug\LEDmatrix.a(LCD.o)
                0x1fff8179                LCD_enableState
                0x1fff817a                LCD_initVar
 *fill*         0x1fff817b        0x1 00
 .bss           0x1fff817c       0x14 .\CortexM3\ARM_GCC_441\Debug\LEDmatrix.a(CapSense.o)
                0x1fff817c                CapSense_lowLevelTuningDone
                0x1fff817d                CapSense_initVar
                0x1fff817e                CapSense_csv
                0x1fff817f                CapSense_sensorIndex
                0x1fff8180                CapSense_SensorRaw
 .bss           0x1fff8190       0x2c .\CortexM3\ARM_GCC_441\Debug\LEDmatrix.a(CapSense_CSHL.o)
                0x1fff8190                CapSense_SensorBaseline
                0x1fff81a0                CapSense_SensorBaselineLow
                0x1fff81a8                CapSense_SensorSignal
                0x1fff81b0                CapSense_SensorOnMask
                0x1fff81b8                CapSense_debounceCounter
 .bss           0x1fff81bc        0x1 .\CortexM3\ARM_GCC_441\Debug\LEDmatrix.a(Timer.o)
                0x1fff81bc                Timer_initVar
 *(COMMON)
 *fill*         0x1fff81bd        0x3 00
 COMMON         0x1fff81c0       0x85 .\CortexM3\ARM_GCC_441\Debug\main.o
                0x1fff81c0                player1
                0x1fff8200                col
                0x1fff8204                player2
                0x1fff8244                row
 COMMON         0x1fff8245        0x1 .\CortexM3\ARM_GCC_441\Debug\LEDmatrix.a(CyLib.o)
                0x1fff8245                CyResetStatus
 *fill*         0x1fff8246        0x2 00
 COMMON         0x1fff8248        0x7 .\CortexM3\ARM_GCC_441\Debug\LEDmatrix.a(CapSense.o)
                0x1fff8248                CapSense_AnalogSwitchDivider
 *fill*         0x1fff824f        0x1 00
 COMMON         0x1fff8250        0x7 .\CortexM3\ARM_GCC_441\Debug\LEDmatrix.a(CapSense_CSHL.o)
                0x1fff8250                CapSense_LowBaselineResetCnt
 *fill*         0x1fff8257        0x1 00
 COMMON         0x1fff8258       0x53 .\CortexM3\ARM_GCC_441\Debug\LEDmatrix.a(CapSense_SMS_Wrapper.o)
                0x1fff8258                SMS_LIB_Table4
                0x1fff8268                SMS_LIB_Table7
                0x1fff8270                SMS_LIB_Table8
                0x1fff8274                SMS_LIB_Table2
                0x1fff827c                SMS_LIB_Table5
                0x1fff828c                SMS_LIB_Table9
                0x1fff8290                SMS_LIB_Table6
                0x1fff8298                SMS_LIB_Table1
                0x1fff82a0                SMS_LIB_Table10
                0x1fff82a4                SMS_LIB_Table3
                0x1fff82b0                . = ALIGN (0x8)
 *fill*         0x1fff82ab        0x5 00
 *(.ram.b)
                0x1fff82b0                _end = .
                0x1fff82b0                __end = .
                0x20003000                __cs3_region_end_ram = (__cs3_region_start_ram + 0xb000)
                0x0000b000                __cs3_region_size_ram = 0xb000
                0x00003730                __cs3_region_init_ram = LOADADDR (.data)
                0x00000070                __cs3_region_init_size_ram = (_edata - ADDR (.data))
                0x00000138                __cs3_region_zero_size_ram = (_end - _edata)

.stab
 *(.stab)

.stabstr
 *(.stabstr)

.debug
 *(.debug)

.line
 *(.line)

.debug_srcinfo
 *(.debug_srcinfo)

.debug_sfnames
 *(.debug_sfnames)

.comment        0x00000000      0x408
 .comment       0x00000000       0x2b .\CortexM3\ARM_GCC_441\Debug\main.o
 .comment       0x0000002b       0x2b .\CortexM3\ARM_GCC_441\Debug\display.o
 .comment       0x00000056       0x2b .\CortexM3\ARM_GCC_441\Debug\matrix.o
 .comment       0x00000081       0x2b .\CortexM3\ARM_GCC_441\Debug\Cm3Start.o
 .comment       0x000000ac       0x2b .\CortexM3\ARM_GCC_441\Debug\LEDmatrix.a(Row.o)
 .comment       0x000000d7       0x2b .\CortexM3\ARM_GCC_441\Debug\LEDmatrix.a(Red.o)
 .comment       0x00000102       0x2b .\CortexM3\ARM_GCC_441\Debug\LEDmatrix.a(Green.o)
 .comment       0x0000012d       0x2b .\CortexM3\ARM_GCC_441\Debug\LEDmatrix.a(Blue.o)
 .comment       0x00000158       0x2b .\CortexM3\ARM_GCC_441\Debug\LEDmatrix.a(CyLib.o)
 .comment       0x00000183       0x2b .\CortexM3\ARM_GCC_441\Debug\LEDmatrix.a(cyPm.o)
 .comment       0x000001ae       0x2b .\CortexM3\ARM_GCC_441\Debug\LEDmatrix.a(LCD.o)
 .comment       0x000001d9       0x2b .\CortexM3\ARM_GCC_441\Debug\LEDmatrix.a(CapSense.o)
 .comment       0x00000204       0x2b .\CortexM3\ARM_GCC_441\Debug\LEDmatrix.a(CapSense_CSHL.o)
 .comment       0x0000022f       0x2b .\CortexM3\ARM_GCC_441\Debug\LEDmatrix.a(CapSense_INT.o)
 .comment       0x0000025a       0x2b .\CortexM3\ARM_GCC_441\Debug\LEDmatrix.a(CapSense_SMS_Wrapper.o)
 .comment       0x00000285       0x2b .\CortexM3\ARM_GCC_441\Debug\LEDmatrix.a(CapSense_CompCH0.o)
 .comment       0x000002b0       0x2b .\CortexM3\ARM_GCC_441\Debug\LEDmatrix.a(CapSense_IdacCH0.o)
 .comment       0x000002db       0x2b .\CortexM3\ARM_GCC_441\Debug\LEDmatrix.a(CapSense_AMuxCH0.o)
 .comment       0x00000306       0x2b .\CortexM3\ARM_GCC_441\Debug\LEDmatrix.a(Timer.o)
 .comment       0x00000331       0x2b .\CortexM3\ARM_GCC_441\Debug\LEDmatrix.a(ISR.o)
 .comment       0x0000035c       0x2b .\CortexM3\ARM_GCC_441\Debug\LEDmatrix.a(cyfitter_cfg.o)
 .comment       0x00000387       0x2b .\CortexM3\ARM_GCC_441\Debug\LEDmatrix.a(CyFlash.o)
 .comment       0x000003b2       0x2b .\CortexM3\ARM_GCC_441\Debug\LEDmatrix.a(CySpc.o)
 .comment       0x000003dd       0x2b C:\Program Files\Cypress\PSoC Creator\2.2\PSoC Creator\psoc\content\cycomponentlibrary\CyComponentLibrary.cylib\CortexM3\ARM_GCC_441\Debug\CyComponentLibrary.a(CapSense_CSD_SmartSense_v3_20.o)

.debug_aranges  0x00000000      0xa90
 *(.debug_aranges)
 .debug_aranges
                0x00000000       0x28 .\CortexM3\ARM_GCC_441\Debug\main.o
 .debug_aranges
                0x00000028       0x38 .\CortexM3\ARM_GCC_441\Debug\display.o
 .debug_aranges
                0x00000060       0x30 .\CortexM3\ARM_GCC_441\Debug\matrix.o
 .debug_aranges
                0x00000090       0x30 .\CortexM3\ARM_GCC_441\Debug\Cm3Start.o
 .debug_aranges
                0x000000c0       0x28 .\CortexM3\ARM_GCC_441\Debug\LEDmatrix.a(Row.o)
 .debug_aranges
                0x000000e8       0x28 .\CortexM3\ARM_GCC_441\Debug\LEDmatrix.a(Red.o)
 .debug_aranges
                0x00000110       0x28 .\CortexM3\ARM_GCC_441\Debug\LEDmatrix.a(Green.o)
 .debug_aranges
                0x00000138       0x28 .\CortexM3\ARM_GCC_441\Debug\LEDmatrix.a(Blue.o)
 .debug_aranges
                0x00000160      0x218 .\CortexM3\ARM_GCC_441\Debug\LEDmatrix.a(CyLib.o)
 .debug_aranges
                0x00000378       0xa0 .\CortexM3\ARM_GCC_441\Debug\LEDmatrix.a(cyPm.o)
 .debug_aranges
                0x00000418       0x90 .\CortexM3\ARM_GCC_441\Debug\LEDmatrix.a(LCD.o)
 .debug_aranges
                0x000004a8       0xb0 .\CortexM3\ARM_GCC_441\Debug\LEDmatrix.a(CapSense.o)
 .debug_aranges
                0x00000558       0x90 .\CortexM3\ARM_GCC_441\Debug\LEDmatrix.a(CapSense_CSHL.o)
 .debug_aranges
                0x000005e8       0x20 .\CortexM3\ARM_GCC_441\Debug\LEDmatrix.a(CapSense_INT.o)
 .debug_aranges
                0x00000608       0x50 .\CortexM3\ARM_GCC_441\Debug\LEDmatrix.a(CapSense_SMS_Wrapper.o)
 .debug_aranges
                0x00000658       0x70 .\CortexM3\ARM_GCC_441\Debug\LEDmatrix.a(CapSense_CompCH0.o)
 .debug_aranges
                0x000006c8       0x60 .\CortexM3\ARM_GCC_441\Debug\LEDmatrix.a(CapSense_IdacCH0.o)
 .debug_aranges
                0x00000728       0x48 .\CortexM3\ARM_GCC_441\Debug\LEDmatrix.a(CapSense_AMuxCH0.o)
 .debug_aranges
                0x00000770       0x90 .\CortexM3\ARM_GCC_441\Debug\LEDmatrix.a(Timer.o)
 .debug_aranges
                0x00000800       0x80 .\CortexM3\ARM_GCC_441\Debug\LEDmatrix.a(ISR.o)
 .debug_aranges
                0x00000880       0x68 .\CortexM3\ARM_GCC_441\Debug\LEDmatrix.a(cyfitter_cfg.o)
 .debug_aranges
                0x000008e8       0x20 .\CortexM3\ARM_GCC_441\Debug\LEDmatrix.a(CyBootAsmGnu.o)
 .debug_aranges
                0x00000908       0x78 .\CortexM3\ARM_GCC_441\Debug\LEDmatrix.a(CyFlash.o)
 .debug_aranges
                0x00000980       0x68 .\CortexM3\ARM_GCC_441\Debug\LEDmatrix.a(CySpc.o)
 .debug_aranges
                0x000009e8       0xa8 C:\Program Files\Cypress\PSoC Creator\2.2\PSoC Creator\psoc\content\cycomponentlibrary\CyComponentLibrary.cylib\CortexM3\ARM_GCC_441\Debug\CyComponentLibrary.a(CapSense_CSD_SmartSense_v3_20.o)

.debug_pubnames
                0x00000000     0x1ef0
 *(.debug_pubnames)
 .debug_pubnames
                0x00000000       0x84 .\CortexM3\ARM_GCC_441\Debug\main.o
 .debug_pubnames
                0x00000084       0x5c .\CortexM3\ARM_GCC_441\Debug\display.o
 .debug_pubnames
                0x000000e0       0x4e .\CortexM3\ARM_GCC_441\Debug\matrix.o
 .debug_pubnames
                0x0000012e       0x66 .\CortexM3\ARM_GCC_441\Debug\Cm3Start.o
 .debug_pubnames
                0x00000194       0x2d .\CortexM3\ARM_GCC_441\Debug\LEDmatrix.a(Row.o)
 .debug_pubnames
                0x000001c1       0x2d .\CortexM3\ARM_GCC_441\Debug\LEDmatrix.a(Red.o)
 .debug_pubnames
                0x000001ee       0x31 .\CortexM3\ARM_GCC_441\Debug\LEDmatrix.a(Green.o)
 .debug_pubnames
                0x0000021f       0x2f .\CortexM3\ARM_GCC_441\Debug\LEDmatrix.a(Blue.o)
 .debug_pubnames
                0x0000024e      0x57a .\CortexM3\ARM_GCC_441\Debug\LEDmatrix.a(CyLib.o)
 .debug_pubnames
                0x000007c8       0xbb .\CortexM3\ARM_GCC_441\Debug\LEDmatrix.a(cyPm.o)
 .debug_pubnames
                0x00000883      0x112 .\CortexM3\ARM_GCC_441\Debug\LEDmatrix.a(LCD.o)
 .debug_pubnames
                0x00000995      0x34d .\CortexM3\ARM_GCC_441\Debug\LEDmatrix.a(CapSense.o)
 .debug_pubnames
                0x00000ce2      0x37f .\CortexM3\ARM_GCC_441\Debug\LEDmatrix.a(CapSense_CSHL.o)
 .debug_pubnames
                0x00001061       0x2a .\CortexM3\ARM_GCC_441\Debug\LEDmatrix.a(CapSense_INT.o)
 .debug_pubnames
                0x0000108b      0x37e .\CortexM3\ARM_GCC_441\Debug\LEDmatrix.a(CapSense_SMS_Wrapper.o)
 .debug_pubnames
                0x00001409      0x168 .\CortexM3\ARM_GCC_441\Debug\LEDmatrix.a(CapSense_CompCH0.o)
 .debug_pubnames
                0x00001571      0x132 .\CortexM3\ARM_GCC_441\Debug\LEDmatrix.a(CapSense_IdacCH0.o)
 .debug_pubnames
                0x000016a3       0xfe .\CortexM3\ARM_GCC_441\Debug\LEDmatrix.a(CapSense_AMuxCH0.o)
 .debug_pubnames
                0x000017a1      0x174 .\CortexM3\ARM_GCC_441\Debug\LEDmatrix.a(Timer.o)
 .debug_pubnames
                0x00001915       0xf3 .\CortexM3\ARM_GCC_441\Debug\LEDmatrix.a(ISR.o)
 .debug_pubnames
                0x00001a08       0xb1 .\CortexM3\ARM_GCC_441\Debug\LEDmatrix.a(cyfitter_cfg.o)
 .debug_pubnames
                0x00001ab9      0x104 .\CortexM3\ARM_GCC_441\Debug\LEDmatrix.a(CyFlash.o)
 .debug_pubnames
                0x00001bbd       0xd0 .\CortexM3\ARM_GCC_441\Debug\LEDmatrix.a(CySpc.o)
 .debug_pubnames
                0x00001c8d      0x263 C:\Program Files\Cypress\PSoC Creator\2.2\PSoC Creator\psoc\content\cycomponentlibrary\CyComponentLibrary.cylib\CortexM3\ARM_GCC_441\Debug\CyComponentLibrary.a(CapSense_CSD_SmartSense_v3_20.o)

.debug_info     0x00000000     0x5037
 *(.debug_info .gnu.linkonce.wi.*)
 .debug_info    0x00000000      0x1e6 .\CortexM3\ARM_GCC_441\Debug\main.o
 .debug_info    0x000001e6      0x170 .\CortexM3\ARM_GCC_441\Debug\display.o
 .debug_info    0x00000356      0x175 .\CortexM3\ARM_GCC_441\Debug\matrix.o
 .debug_info    0x000004cb      0x168 .\CortexM3\ARM_GCC_441\Debug\Cm3Start.o
 .debug_info    0x00000633       0xd1 .\CortexM3\ARM_GCC_441\Debug\LEDmatrix.a(Row.o)
 .debug_info    0x00000704       0xd1 .\CortexM3\ARM_GCC_441\Debug\LEDmatrix.a(Red.o)
 .debug_info    0x000007d5       0xd1 .\CortexM3\ARM_GCC_441\Debug\LEDmatrix.a(Green.o)
 .debug_info    0x000008a6       0xd1 .\CortexM3\ARM_GCC_441\Debug\LEDmatrix.a(Blue.o)
 .debug_info    0x00000977      0xc71 .\CortexM3\ARM_GCC_441\Debug\LEDmatrix.a(CyLib.o)
 .debug_info    0x000015e8      0x5bb .\CortexM3\ARM_GCC_441\Debug\LEDmatrix.a(cyPm.o)
 .debug_info    0x00001ba3      0x3af .\CortexM3\ARM_GCC_441\Debug\LEDmatrix.a(LCD.o)
 .debug_info    0x00001f52      0x561 .\CortexM3\ARM_GCC_441\Debug\LEDmatrix.a(CapSense.o)
 .debug_info    0x000024b3      0x821 .\CortexM3\ARM_GCC_441\Debug\LEDmatrix.a(CapSense_CSHL.o)
 .debug_info    0x00002cd4       0xc7 .\CortexM3\ARM_GCC_441\Debug\LEDmatrix.a(CapSense_INT.o)
 .debug_info    0x00002d9b      0x47b .\CortexM3\ARM_GCC_441\Debug\LEDmatrix.a(CapSense_SMS_Wrapper.o)
 .debug_info    0x00003216      0x24c .\CortexM3\ARM_GCC_441\Debug\LEDmatrix.a(CapSense_CompCH0.o)
 .debug_info    0x00003462      0x1c4 .\CortexM3\ARM_GCC_441\Debug\LEDmatrix.a(CapSense_IdacCH0.o)
 .debug_info    0x00003626      0x16b .\CortexM3\ARM_GCC_441\Debug\LEDmatrix.a(CapSense_AMuxCH0.o)
 .debug_info    0x00003791      0x26d .\CortexM3\ARM_GCC_441\Debug\LEDmatrix.a(Timer.o)
 .debug_info    0x000039fe      0x23b .\CortexM3\ARM_GCC_441\Debug\LEDmatrix.a(ISR.o)
 .debug_info    0x00003c39      0x418 .\CortexM3\ARM_GCC_441\Debug\LEDmatrix.a(cyfitter_cfg.o)
 .debug_info    0x00004051       0x7a .\CortexM3\ARM_GCC_441\Debug\LEDmatrix.a(CyBootAsmGnu.o)
 .debug_info    0x000040cb      0x334 .\CortexM3\ARM_GCC_441\Debug\LEDmatrix.a(CyFlash.o)
 .debug_info    0x000043ff      0x39f .\CortexM3\ARM_GCC_441\Debug\LEDmatrix.a(CySpc.o)
 .debug_info    0x0000479e      0x899 C:\Program Files\Cypress\PSoC Creator\2.2\PSoC Creator\psoc\content\cycomponentlibrary\CyComponentLibrary.cylib\CortexM3\ARM_GCC_441\Debug\CyComponentLibrary.a(CapSense_CSD_SmartSense_v3_20.o)

.debug_abbrev   0x00000000     0x15d9
 *(.debug_abbrev)
 .debug_abbrev  0x00000000       0xe1 .\CortexM3\ARM_GCC_441\Debug\main.o
 .debug_abbrev  0x000000e1       0x92 .\CortexM3\ARM_GCC_441\Debug\display.o
 .debug_abbrev  0x00000173       0xc9 .\CortexM3\ARM_GCC_441\Debug\matrix.o
 .debug_abbrev  0x0000023c       0xec .\CortexM3\ARM_GCC_441\Debug\Cm3Start.o
 .debug_abbrev  0x00000328       0x76 .\CortexM3\ARM_GCC_441\Debug\LEDmatrix.a(Row.o)
 .debug_abbrev  0x0000039e       0x76 .\CortexM3\ARM_GCC_441\Debug\LEDmatrix.a(Red.o)
 .debug_abbrev  0x00000414       0x76 .\CortexM3\ARM_GCC_441\Debug\LEDmatrix.a(Green.o)
 .debug_abbrev  0x0000048a       0x76 .\CortexM3\ARM_GCC_441\Debug\LEDmatrix.a(Blue.o)
 .debug_abbrev  0x00000500      0x182 .\CortexM3\ARM_GCC_441\Debug\LEDmatrix.a(CyLib.o)
 .debug_abbrev  0x00000682      0x14d .\CortexM3\ARM_GCC_441\Debug\LEDmatrix.a(cyPm.o)
 .debug_abbrev  0x000007cf      0x118 .\CortexM3\ARM_GCC_441\Debug\LEDmatrix.a(LCD.o)
 .debug_abbrev  0x000008e7      0x13a .\CortexM3\ARM_GCC_441\Debug\LEDmatrix.a(CapSense.o)
 .debug_abbrev  0x00000a21      0x12c .\CortexM3\ARM_GCC_441\Debug\LEDmatrix.a(CapSense_CSHL.o)
 .debug_abbrev  0x00000b4d       0x6f .\CortexM3\ARM_GCC_441\Debug\LEDmatrix.a(CapSense_INT.o)
 .debug_abbrev  0x00000bbc       0xdd .\CortexM3\ARM_GCC_441\Debug\LEDmatrix.a(CapSense_SMS_Wrapper.o)
 .debug_abbrev  0x00000c99      0x11d .\CortexM3\ARM_GCC_441\Debug\LEDmatrix.a(CapSense_CompCH0.o)
 .debug_abbrev  0x00000db6       0xba .\CortexM3\ARM_GCC_441\Debug\LEDmatrix.a(CapSense_IdacCH0.o)
 .debug_abbrev  0x00000e70       0x94 .\CortexM3\ARM_GCC_441\Debug\LEDmatrix.a(CapSense_AMuxCH0.o)
 .debug_abbrev  0x00000f04       0xe0 .\CortexM3\ARM_GCC_441\Debug\LEDmatrix.a(Timer.o)
 .debug_abbrev  0x00000fe4       0xe1 .\CortexM3\ARM_GCC_441\Debug\LEDmatrix.a(ISR.o)
 .debug_abbrev  0x000010c5      0x164 .\CortexM3\ARM_GCC_441\Debug\LEDmatrix.a(cyfitter_cfg.o)
 .debug_abbrev  0x00001229       0x14 .\CortexM3\ARM_GCC_441\Debug\LEDmatrix.a(CyBootAsmGnu.o)
 .debug_abbrev  0x0000123d      0x14a .\CortexM3\ARM_GCC_441\Debug\LEDmatrix.a(CyFlash.o)
 .debug_abbrev  0x00001387      0x10e .\CortexM3\ARM_GCC_441\Debug\LEDmatrix.a(CySpc.o)
 .debug_abbrev  0x00001495      0x144 C:\Program Files\Cypress\PSoC Creator\2.2\PSoC Creator\psoc\content\cycomponentlibrary\CyComponentLibrary.cylib\CortexM3\ARM_GCC_441\Debug\CyComponentLibrary.a(CapSense_CSD_SmartSense_v3_20.o)

.debug_line     0x00000000     0x267e
 *(.debug_line)
 .debug_line    0x00000000       0xe4 .\CortexM3\ARM_GCC_441\Debug\main.o
 .debug_line    0x000000e4       0xab .\CortexM3\ARM_GCC_441\Debug\display.o
 .debug_line    0x0000018f       0xd3 .\CortexM3\ARM_GCC_441\Debug\matrix.o
 .debug_line    0x00000262       0xb8 .\CortexM3\ARM_GCC_441\Debug\Cm3Start.o
 .debug_line    0x0000031a       0x88 .\CortexM3\ARM_GCC_441\Debug\LEDmatrix.a(Row.o)
 .debug_line    0x000003a2       0x88 .\CortexM3\ARM_GCC_441\Debug\LEDmatrix.a(Red.o)
 .debug_line    0x0000042a       0x8a .\CortexM3\ARM_GCC_441\Debug\LEDmatrix.a(Green.o)
 .debug_line    0x000004b4       0x89 .\CortexM3\ARM_GCC_441\Debug\LEDmatrix.a(Blue.o)
 .debug_line    0x0000053d      0x659 .\CortexM3\ARM_GCC_441\Debug\LEDmatrix.a(CyLib.o)
 .debug_line    0x00000b96      0x34d .\CortexM3\ARM_GCC_441\Debug\LEDmatrix.a(cyPm.o)
 .debug_line    0x00000ee3      0x1d9 .\CortexM3\ARM_GCC_441\Debug\LEDmatrix.a(LCD.o)
 .debug_line    0x000010bc      0x261 .\CortexM3\ARM_GCC_441\Debug\LEDmatrix.a(CapSense.o)
 .debug_line    0x0000131d      0x267 .\CortexM3\ARM_GCC_441\Debug\LEDmatrix.a(CapSense_CSHL.o)
 .debug_line    0x00001584       0x87 .\CortexM3\ARM_GCC_441\Debug\LEDmatrix.a(CapSense_INT.o)
 .debug_line    0x0000160b       0xf4 .\CortexM3\ARM_GCC_441\Debug\LEDmatrix.a(CapSense_SMS_Wrapper.o)
 .debug_line    0x000016ff      0x18b .\CortexM3\ARM_GCC_441\Debug\LEDmatrix.a(CapSense_CompCH0.o)
 .debug_line    0x0000188a      0x130 .\CortexM3\ARM_GCC_441\Debug\LEDmatrix.a(CapSense_IdacCH0.o)
 .debug_line    0x000019ba       0xe7 .\CortexM3\ARM_GCC_441\Debug\LEDmatrix.a(CapSense_AMuxCH0.o)
 .debug_line    0x00001aa1      0x18a .\CortexM3\ARM_GCC_441\Debug\LEDmatrix.a(Timer.o)
 .debug_line    0x00001c2b      0x157 .\CortexM3\ARM_GCC_441\Debug\LEDmatrix.a(ISR.o)
 .debug_line    0x00001d82      0x1f3 .\CortexM3\ARM_GCC_441\Debug\LEDmatrix.a(cyfitter_cfg.o)
 .debug_line    0x00001f75       0x67 .\CortexM3\ARM_GCC_441\Debug\LEDmatrix.a(CyBootAsmGnu.o)
 .debug_line    0x00001fdc      0x194 .\CortexM3\ARM_GCC_441\Debug\LEDmatrix.a(CyFlash.o)
 .debug_line    0x00002170      0x18d .\CortexM3\ARM_GCC_441\Debug\LEDmatrix.a(CySpc.o)
 .debug_line    0x000022fd      0x381 C:\Program Files\Cypress\PSoC Creator\2.2\PSoC Creator\psoc\content\cycomponentlibrary\CyComponentLibrary.cylib\CortexM3\ARM_GCC_441\Debug\CyComponentLibrary.a(CapSense_CSD_SmartSense_v3_20.o)

.debug_frame    0x00000000     0x20c0
 *(.debug_frame)
 .debug_frame   0x00000000       0x50 .\CortexM3\ARM_GCC_441\Debug\main.o
 .debug_frame   0x00000050       0x90 .\CortexM3\ARM_GCC_441\Debug\display.o
 .debug_frame   0x000000e0       0x6c .\CortexM3\ARM_GCC_441\Debug\matrix.o
 .debug_frame   0x0000014c       0x5c .\CortexM3\ARM_GCC_441\Debug\Cm3Start.o
 .debug_frame   0x000001a8       0x48 .\CortexM3\ARM_GCC_441\Debug\LEDmatrix.a(Row.o)
 .debug_frame   0x000001f0       0x48 .\CortexM3\ARM_GCC_441\Debug\LEDmatrix.a(Red.o)
 .debug_frame   0x00000238       0x48 .\CortexM3\ARM_GCC_441\Debug\LEDmatrix.a(Green.o)
 .debug_frame   0x00000280       0x48 .\CortexM3\ARM_GCC_441\Debug\LEDmatrix.a(Blue.o)
 .debug_frame   0x000002c8      0x778 .\CortexM3\ARM_GCC_441\Debug\LEDmatrix.a(CyLib.o)
 .debug_frame   0x00000a40      0x208 .\CortexM3\ARM_GCC_441\Debug\LEDmatrix.a(cyPm.o)
 .debug_frame   0x00000c48      0x1e0 .\CortexM3\ARM_GCC_441\Debug\LEDmatrix.a(LCD.o)
 .debug_frame   0x00000e28      0x248 .\CortexM3\ARM_GCC_441\Debug\LEDmatrix.a(CapSense.o)
 .debug_frame   0x00001070      0x1d4 .\CortexM3\ARM_GCC_441\Debug\LEDmatrix.a(CapSense_CSHL.o)
 .debug_frame   0x00001244       0x2c .\CortexM3\ARM_GCC_441\Debug\LEDmatrix.a(CapSense_INT.o)
 .debug_frame   0x00001270       0xdc .\CortexM3\ARM_GCC_441\Debug\LEDmatrix.a(CapSense_SMS_Wrapper.o)
 .debug_frame   0x0000134c      0x14c .\CortexM3\ARM_GCC_441\Debug\LEDmatrix.a(CapSense_CompCH0.o)
 .debug_frame   0x00001498      0x114 .\CortexM3\ARM_GCC_441\Debug\LEDmatrix.a(CapSense_IdacCH0.o)
 .debug_frame   0x000015ac       0xc4 .\CortexM3\ARM_GCC_441\Debug\LEDmatrix.a(CapSense_AMuxCH0.o)
 .debug_frame   0x00001670      0x1b8 .\CortexM3\ARM_GCC_441\Debug\LEDmatrix.a(Timer.o)
 .debug_frame   0x00001828      0x180 .\CortexM3\ARM_GCC_441\Debug\LEDmatrix.a(ISR.o)
 .debug_frame   0x000019a8      0x13c .\CortexM3\ARM_GCC_441\Debug\LEDmatrix.a(cyfitter_cfg.o)
 .debug_frame   0x00001ae4      0x178 .\CortexM3\ARM_GCC_441\Debug\LEDmatrix.a(CyFlash.o)
 .debug_frame   0x00001c5c      0x13c .\CortexM3\ARM_GCC_441\Debug\LEDmatrix.a(CySpc.o)
 .debug_frame   0x00001d98      0x260 C:\Program Files\Cypress\PSoC Creator\2.2\PSoC Creator\psoc\content\cycomponentlibrary\CyComponentLibrary.cylib\CortexM3\ARM_GCC_441\Debug\CyComponentLibrary.a(CapSense_CSD_SmartSense_v3_20.o)
 .debug_frame   0x00001ff8       0x34 c:/program files/cypress/psoc creator/2.2/psoc creator/import/gnu_cs/arm/4.4.1/bin/../lib/gcc/arm-none-eabi/4.4.1/../../../../arm-none-eabi/lib/thumb2\libc.a(lib_a-memcpy.o)
 .debug_frame   0x0000202c       0x28 c:/program files/cypress/psoc creator/2.2/psoc creator/import/gnu_cs/arm/4.4.1/bin/../lib/gcc/arm-none-eabi/4.4.1/../../../../arm-none-eabi/lib/thumb2\libc.a(lib_a-memset.o)
 .debug_frame   0x00002054       0x40 c:/program files/cypress/psoc creator/2.2/psoc creator/import/gnu_cs/arm/4.4.1/bin/../lib/gcc/arm-none-eabi/4.4.1/../../../../arm-none-eabi/lib/thumb2\libcs3.a(start_c.o)
 .debug_frame   0x00002094       0x2c c:/program files/cypress/psoc creator/2.2/psoc creator/import/gnu_cs/arm/4.4.1/bin/../lib/gcc/arm-none-eabi/4.4.1/../../../../arm-none-eabi/lib/thumb2\libc.a(lib_a-init.o)

.debug_str      0x00000000     0x2580
 *(.debug_str)
 .debug_str     0x00000000      0x115 .\CortexM3\ARM_GCC_441\Debug\main.o
                                0x14e (size before relaxing)
 .debug_str     0x00000115       0x53 .\CortexM3\ARM_GCC_441\Debug\display.o
                                0x136 (size before relaxing)
 .debug_str     0x00000168       0x44 .\CortexM3\ARM_GCC_441\Debug\matrix.o
                                0x12e (size before relaxing)
 .debug_str     0x000001ac       0x95 .\CortexM3\ARM_GCC_441\Debug\Cm3Start.o
                                0x16c (size before relaxing)
 .debug_str     0x00000241       0x3a .\CortexM3\ARM_GCC_441\Debug\LEDmatrix.a(Row.o)
                                0x10b (size before relaxing)
 .debug_str     0x0000027b       0x32 .\CortexM3\ARM_GCC_441\Debug\LEDmatrix.a(Red.o)
                                0x10b (size before relaxing)
 .debug_str     0x000002ad       0x38 .\CortexM3\ARM_GCC_441\Debug\LEDmatrix.a(Green.o)
                                0x111 (size before relaxing)
 .debug_str     0x000002e5       0x35 .\CortexM3\ARM_GCC_441\Debug\LEDmatrix.a(Blue.o)
                                0x10e (size before relaxing)
 .debug_str     0x0000031a      0x642 .\CortexM3\ARM_GCC_441\Debug\LEDmatrix.a(CyLib.o)
                                0x759 (size before relaxing)
 .debug_str     0x0000095c      0x382 .\CortexM3\ARM_GCC_441\Debug\LEDmatrix.a(cyPm.o)
                                0x47e (size before relaxing)
 .debug_str     0x00000cde      0x157 .\CortexM3\ARM_GCC_441\Debug\LEDmatrix.a(LCD.o)
                                0x245 (size before relaxing)
 .debug_str     0x00000e35      0x31e .\CortexM3\ARM_GCC_441\Debug\LEDmatrix.a(CapSense.o)
                                0x405 (size before relaxing)
 .debug_str     0x00001153      0x3da .\CortexM3\ARM_GCC_441\Debug\LEDmatrix.a(CapSense_CSHL.o)
                                0x57a (size before relaxing)
 .debug_str     0x0000152d       0x3c .\CortexM3\ARM_GCC_441\Debug\LEDmatrix.a(CapSense_INT.o)
                                0x12f (size before relaxing)
 .debug_str     0x00001569      0x319 .\CortexM3\ARM_GCC_441\Debug\LEDmatrix.a(CapSense_SMS_Wrapper.o)
                                0x4e7 (size before relaxing)
 .debug_str     0x00001882      0x1b1 .\CortexM3\ARM_GCC_441\Debug\LEDmatrix.a(CapSense_CompCH0.o)
                                0x296 (size before relaxing)
 .debug_str     0x00001a33      0x133 .\CortexM3\ARM_GCC_441\Debug\LEDmatrix.a(CapSense_IdacCH0.o)
                                0x215 (size before relaxing)
 .debug_str     0x00001b66      0x105 .\CortexM3\ARM_GCC_441\Debug\LEDmatrix.a(CapSense_AMuxCH0.o)
                                0x1d6 (size before relaxing)
 .debug_str     0x00001c6b      0x175 .\CortexM3\ARM_GCC_441\Debug\LEDmatrix.a(Timer.o)
                                0x255 (size before relaxing)
 .debug_str     0x00001de0       0xcc .\CortexM3\ARM_GCC_441\Debug\LEDmatrix.a(ISR.o)
                                0x1ca (size before relaxing)
 .debug_str     0x00001eac      0x18e .\CortexM3\ARM_GCC_441\Debug\LEDmatrix.a(cyfitter_cfg.o)
                                0x298 (size before relaxing)
 .debug_str     0x0000203a      0x130 .\CortexM3\ARM_GCC_441\Debug\LEDmatrix.a(CyFlash.o)
                                0x23a (size before relaxing)
 .debug_str     0x0000216a       0xfe .\CortexM3\ARM_GCC_441\Debug\LEDmatrix.a(CySpc.o)
                                0x209 (size before relaxing)
 .debug_str     0x00002268      0x318 C:\Program Files\Cypress\PSoC Creator\2.2\PSoC Creator\psoc\content\cycomponentlibrary\CyComponentLibrary.cylib\CortexM3\ARM_GCC_441\Debug\CyComponentLibrary.a(CapSense_CSD_SmartSense_v3_20.o)
                                0x608 (size before relaxing)

.debug_loc      0x00000000     0x3964
 *(.debug_loc)
 .debug_loc     0x00000000       0x6e .\CortexM3\ARM_GCC_441\Debug\main.o
 .debug_loc     0x0000006e       0xdc .\CortexM3\ARM_GCC_441\Debug\display.o
 .debug_loc     0x0000014a       0x99 .\CortexM3\ARM_GCC_441\Debug\matrix.o
 .debug_loc     0x000001e3       0x62 .\CortexM3\ARM_GCC_441\Debug\Cm3Start.o
 .debug_loc     0x00000245       0x62 .\CortexM3\ARM_GCC_441\Debug\LEDmatrix.a(Row.o)
 .debug_loc     0x000002a7       0x62 .\CortexM3\ARM_GCC_441\Debug\LEDmatrix.a(Red.o)
 .debug_loc     0x00000309       0x62 .\CortexM3\ARM_GCC_441\Debug\LEDmatrix.a(Green.o)
 .debug_loc     0x0000036b       0x62 .\CortexM3\ARM_GCC_441\Debug\LEDmatrix.a(Blue.o)
 .debug_loc     0x000003cd      0xca0 .\CortexM3\ARM_GCC_441\Debug\LEDmatrix.a(CyLib.o)
 .debug_loc     0x0000106d      0x32f .\CortexM3\ARM_GCC_441\Debug\LEDmatrix.a(cyPm.o)
 .debug_loc     0x0000139c      0x309 .\CortexM3\ARM_GCC_441\Debug\LEDmatrix.a(LCD.o)
 .debug_loc     0x000016a5      0x3e5 .\CortexM3\ARM_GCC_441\Debug\LEDmatrix.a(CapSense.o)
 .debug_loc     0x00001a8a      0x339 .\CortexM3\ARM_GCC_441\Debug\LEDmatrix.a(CapSense_CSHL.o)
 .debug_loc     0x00001dc3       0x2b .\CortexM3\ARM_GCC_441\Debug\LEDmatrix.a(CapSense_INT.o)
 .debug_loc     0x00001dee      0x151 .\CortexM3\ARM_GCC_441\Debug\LEDmatrix.a(CapSense_SMS_Wrapper.o)
 .debug_loc     0x00001f3f      0x209 .\CortexM3\ARM_GCC_441\Debug\LEDmatrix.a(CapSense_CompCH0.o)
 .debug_loc     0x00002148      0x1bf .\CortexM3\ARM_GCC_441\Debug\LEDmatrix.a(CapSense_IdacCH0.o)
 .debug_loc     0x00002307      0x126 .\CortexM3\ARM_GCC_441\Debug\LEDmatrix.a(CapSense_AMuxCH0.o)
 .debug_loc     0x0000242d      0x2c1 .\CortexM3\ARM_GCC_441\Debug\LEDmatrix.a(Timer.o)
 .debug_loc     0x000026ee      0x26b .\CortexM3\ARM_GCC_441\Debug\LEDmatrix.a(ISR.o)
 .debug_loc     0x00002959      0x226 .\CortexM3\ARM_GCC_441\Debug\LEDmatrix.a(cyfitter_cfg.o)
 .debug_loc     0x00002b7f      0x24c .\CortexM3\ARM_GCC_441\Debug\LEDmatrix.a(CyFlash.o)
 .debug_loc     0x00002dcb      0x226 .\CortexM3\ARM_GCC_441\Debug\LEDmatrix.a(CySpc.o)
 .debug_loc     0x00002ff1      0x973 C:\Program Files\Cypress\PSoC Creator\2.2\PSoC Creator\psoc\content\cycomponentlibrary\CyComponentLibrary.cylib\CortexM3\ARM_GCC_441\Debug\CyComponentLibrary.a(CapSense_CSD_SmartSense_v3_20.o)

.debug_macinfo
 *(.debug_macinfo)

.debug_ranges   0x00000000      0x9b0
 *(.debug_ranges)
 .debug_ranges  0x00000000       0x20 .\CortexM3\ARM_GCC_441\Debug\main.o
 .debug_ranges  0x00000020       0x30 .\CortexM3\ARM_GCC_441\Debug\display.o
 .debug_ranges  0x00000050       0x28 .\CortexM3\ARM_GCC_441\Debug\matrix.o
 .debug_ranges  0x00000078       0x28 .\CortexM3\ARM_GCC_441\Debug\Cm3Start.o
 .debug_ranges  0x000000a0       0x20 .\CortexM3\ARM_GCC_441\Debug\LEDmatrix.a(Row.o)
 .debug_ranges  0x000000c0       0x20 .\CortexM3\ARM_GCC_441\Debug\LEDmatrix.a(Red.o)
 .debug_ranges  0x000000e0       0x20 .\CortexM3\ARM_GCC_441\Debug\LEDmatrix.a(Green.o)
 .debug_ranges  0x00000100       0x20 .\CortexM3\ARM_GCC_441\Debug\LEDmatrix.a(Blue.o)
 .debug_ranges  0x00000120      0x210 .\CortexM3\ARM_GCC_441\Debug\LEDmatrix.a(CyLib.o)
 .debug_ranges  0x00000330       0x98 .\CortexM3\ARM_GCC_441\Debug\LEDmatrix.a(cyPm.o)
 .debug_ranges  0x000003c8       0x88 .\CortexM3\ARM_GCC_441\Debug\LEDmatrix.a(LCD.o)
 .debug_ranges  0x00000450       0xa8 .\CortexM3\ARM_GCC_441\Debug\LEDmatrix.a(CapSense.o)
 .debug_ranges  0x000004f8       0x88 .\CortexM3\ARM_GCC_441\Debug\LEDmatrix.a(CapSense_CSHL.o)
 .debug_ranges  0x00000580       0x18 .\CortexM3\ARM_GCC_441\Debug\LEDmatrix.a(CapSense_INT.o)
 .debug_ranges  0x00000598       0x48 .\CortexM3\ARM_GCC_441\Debug\LEDmatrix.a(CapSense_SMS_Wrapper.o)
 .debug_ranges  0x000005e0       0x68 .\CortexM3\ARM_GCC_441\Debug\LEDmatrix.a(CapSense_CompCH0.o)
 .debug_ranges  0x00000648       0x58 .\CortexM3\ARM_GCC_441\Debug\LEDmatrix.a(CapSense_IdacCH0.o)
 .debug_ranges  0x000006a0       0x40 .\CortexM3\ARM_GCC_441\Debug\LEDmatrix.a(CapSense_AMuxCH0.o)
 .debug_ranges  0x000006e0       0x88 .\CortexM3\ARM_GCC_441\Debug\LEDmatrix.a(Timer.o)
 .debug_ranges  0x00000768       0x78 .\CortexM3\ARM_GCC_441\Debug\LEDmatrix.a(ISR.o)
 .debug_ranges  0x000007e0       0x60 .\CortexM3\ARM_GCC_441\Debug\LEDmatrix.a(cyfitter_cfg.o)
 .debug_ranges  0x00000840       0x70 .\CortexM3\ARM_GCC_441\Debug\LEDmatrix.a(CyFlash.o)
 .debug_ranges  0x000008b0       0x60 .\CortexM3\ARM_GCC_441\Debug\LEDmatrix.a(CySpc.o)
 .debug_ranges  0x00000910       0xa0 C:\Program Files\Cypress\PSoC Creator\2.2\PSoC Creator\psoc\content\cycomponentlibrary\CyComponentLibrary.cylib\CortexM3\ARM_GCC_441\Debug\CyComponentLibrary.a(CapSense_CSD_SmartSense_v3_20.o)

.debug_weaknames
 *(.debug_weaknames)

.debug_funcnames
 *(.debug_funcnames)

.debug_typenames
 *(.debug_typenames)

.debug_varnames
 *(.debug_varnames)

.note.gnu.arm.ident
 *(.note.gnu.arm.ident)

.ARM.attributes
                0x00000000       0x25
 *(.ARM.attributes)
 .ARM.attributes
                0x00000000       0x19 c:/program files/cypress/psoc creator/2.2/psoc creator/import/gnu_cs/arm/4.4.1/bin/../lib/gcc/arm-none-eabi/4.4.1/thumb2/crti.o
 .ARM.attributes
                0x00000019       0x29 c:/program files/cypress/psoc creator/2.2/psoc creator/import/gnu_cs/arm/4.4.1/bin/../lib/gcc/arm-none-eabi/4.4.1/thumb2/crtbegin.o
 .ARM.attributes
                0x00000042       0x31 .\CortexM3\ARM_GCC_441\Debug\main.o
 .ARM.attributes
                0x00000073       0x31 .\CortexM3\ARM_GCC_441\Debug\display.o
 .ARM.attributes
                0x000000a4       0x31 .\CortexM3\ARM_GCC_441\Debug\matrix.o
 .ARM.attributes
                0x000000d5       0x31 .\CortexM3\ARM_GCC_441\Debug\Cm3Start.o
 .ARM.attributes
                0x00000106       0x31 .\CortexM3\ARM_GCC_441\Debug\LEDmatrix.a(Row.o)
 .ARM.attributes
                0x00000137       0x31 .\CortexM3\ARM_GCC_441\Debug\LEDmatrix.a(Red.o)
 .ARM.attributes
                0x00000168       0x31 .\CortexM3\ARM_GCC_441\Debug\LEDmatrix.a(Green.o)
 .ARM.attributes
                0x00000199       0x31 .\CortexM3\ARM_GCC_441\Debug\LEDmatrix.a(Blue.o)
 .ARM.attributes
                0x000001ca       0x31 .\CortexM3\ARM_GCC_441\Debug\LEDmatrix.a(CyLib.o)
 .ARM.attributes
                0x000001fb       0x31 .\CortexM3\ARM_GCC_441\Debug\LEDmatrix.a(cyPm.o)
 .ARM.attributes
                0x0000022c       0x31 .\CortexM3\ARM_GCC_441\Debug\LEDmatrix.a(LCD.o)
 .ARM.attributes
                0x0000025d       0x31 .\CortexM3\ARM_GCC_441\Debug\LEDmatrix.a(CapSense.o)
 .ARM.attributes
                0x0000028e       0x31 .\CortexM3\ARM_GCC_441\Debug\LEDmatrix.a(CapSense_CSHL.o)
 .ARM.attributes
                0x000002bf       0x31 .\CortexM3\ARM_GCC_441\Debug\LEDmatrix.a(CapSense_INT.o)
 .ARM.attributes
                0x000002f0       0x31 .\CortexM3\ARM_GCC_441\Debug\LEDmatrix.a(CapSense_SMS_Wrapper.o)
 .ARM.attributes
                0x00000321       0x31 .\CortexM3\ARM_GCC_441\Debug\LEDmatrix.a(CapSense_CompCH0.o)
 .ARM.attributes
                0x00000352       0x31 .\CortexM3\ARM_GCC_441\Debug\LEDmatrix.a(CapSense_IdacCH0.o)
 .ARM.attributes
                0x00000383       0x31 .\CortexM3\ARM_GCC_441\Debug\LEDmatrix.a(CapSense_AMuxCH0.o)
 .ARM.attributes
                0x000003b4       0x31 .\CortexM3\ARM_GCC_441\Debug\LEDmatrix.a(Timer.o)
 .ARM.attributes
                0x000003e5       0x31 .\CortexM3\ARM_GCC_441\Debug\LEDmatrix.a(ISR.o)
 .ARM.attributes
                0x00000416       0x31 .\CortexM3\ARM_GCC_441\Debug\LEDmatrix.a(cyfitter_cfg.o)
 .ARM.attributes
                0x00000447       0x21 .\CortexM3\ARM_GCC_441\Debug\LEDmatrix.a(CyBootAsmGnu.o)
 .ARM.attributes
                0x00000468       0x31 .\CortexM3\ARM_GCC_441\Debug\LEDmatrix.a(CyFlash.o)
 .ARM.attributes
                0x00000499       0x31 .\CortexM3\ARM_GCC_441\Debug\LEDmatrix.a(CySpc.o)
 .ARM.attributes
                0x000004ca       0x31 C:\Program Files\Cypress\PSoC Creator\2.2\PSoC Creator\psoc\content\cycomponentlibrary\CyComponentLibrary.cylib\CortexM3\ARM_GCC_441\Debug\CyComponentLibrary.a(CapSense_CSD_SmartSense_v3_20.o)
 .ARM.attributes
                0x000004fb       0x29 c:/program files/cypress/psoc creator/2.2/psoc creator/import/gnu_cs/arm/4.4.1/bin/../lib/gcc/arm-none-eabi/4.4.1/../../../../arm-none-eabi/lib/thumb2\libc.a(lib_a-memcpy.o)
 .ARM.attributes
                0x00000524       0x29 c:/program files/cypress/psoc creator/2.2/psoc creator/import/gnu_cs/arm/4.4.1/bin/../lib/gcc/arm-none-eabi/4.4.1/../../../../arm-none-eabi/lib/thumb2\libc.a(lib_a-memset.o)
 .ARM.attributes
                0x0000054d       0x29 c:/program files/cypress/psoc creator/2.2/psoc creator/import/gnu_cs/arm/4.4.1/bin/../lib/gcc/arm-none-eabi/4.4.1/thumb2/crtend.o
 .ARM.attributes
                0x00000576       0x19 c:/program files/cypress/psoc creator/2.2/psoc creator/import/gnu_cs/arm/4.4.1/bin/../lib/gcc/arm-none-eabi/4.4.1/thumb2/crtn.o
 .ARM.attributes
                0x0000058f       0x29 c:/program files/cypress/psoc creator/2.2/psoc creator/import/gnu_cs/arm/4.4.1/bin/../lib/gcc/arm-none-eabi/4.4.1/../../../../arm-none-eabi/lib/thumb2\libcs3.a(start_c.o)
 .ARM.attributes
                0x000005b8       0x19 c:/program files/cypress/psoc creator/2.2/psoc creator/import/gnu_cs/arm/4.4.1/bin/../lib/gcc/arm-none-eabi/4.4.1/../../../../arm-none-eabi/lib/thumb2\libcs3micro.a(micro_isr_interrupt.o)
 .ARM.attributes
                0x000005d1       0x29 c:/program files/cypress/psoc creator/2.2/psoc creator/import/gnu_cs/arm/4.4.1/bin/../lib/gcc/arm-none-eabi/4.4.1/../../../../arm-none-eabi/lib/thumb2\libc.a(lib_a-init.o)

/DISCARD/
 *(.note.GNU-stack)
OUTPUT(.\CortexM3\ARM_GCC_441\Debug\LEDmatrix.elf elf32-littlearm)
