ARM GAS  C:\Users\dmtucker\AppData\Local\Temp\ccoAbgBE.s 			page 1


   1              		.syntax unified
   2              		.cpu cortex-m3
   3              		.fpu softvfp
   4              		.eabi_attribute 20, 1
   5              		.eabi_attribute 21, 1
   6              		.eabi_attribute 23, 3
   7              		.eabi_attribute 24, 1
   8              		.eabi_attribute 25, 1
   9              		.eabi_attribute 26, 1
  10              		.eabi_attribute 30, 6
  11              		.eabi_attribute 18, 4
  12              		.thumb
  13              		.file	"Motor.c"
  14              		.section	.debug_abbrev,"",%progbits
  15              	.Ldebug_abbrev0:
  16              		.section	.debug_info,"",%progbits
  17              	.Ldebug_info0:
  18              		.section	.debug_line,"",%progbits
  19              	.Ldebug_line0:
  20 0000 B2000000 		.text
  20      02005E00 
  20      00000201 
  20      FB0E0D00 
  20      01010101 
  21              	.Ltext0:
  22              		.cfi_sections	.debug_frame
  23              		.section	.text.Motor_Write,"ax",%progbits
  24              		.align	2
  25              		.global	Motor_Write
  26              		.thumb
  27              		.thumb_func
  28              		.type	Motor_Write, %function
  29              	Motor_Write:
  30              	.LFB0:
  31              		.file 1 ".\\Generated_Source\\PSoC5\\Motor.c"
   1:.\Generated_Source\PSoC5/Motor.c **** /*******************************************************************************
   2:.\Generated_Source\PSoC5/Motor.c **** * File Name: Motor.c  
   3:.\Generated_Source\PSoC5/Motor.c **** * Version 1.80
   4:.\Generated_Source\PSoC5/Motor.c **** *
   5:.\Generated_Source\PSoC5/Motor.c **** * Description:
   6:.\Generated_Source\PSoC5/Motor.c **** *  This file contains API to enable firmware control of a Pins component.
   7:.\Generated_Source\PSoC5/Motor.c **** *
   8:.\Generated_Source\PSoC5/Motor.c **** * Note:
   9:.\Generated_Source\PSoC5/Motor.c **** *
  10:.\Generated_Source\PSoC5/Motor.c **** ********************************************************************************
  11:.\Generated_Source\PSoC5/Motor.c **** * Copyright 2008-2012, Cypress Semiconductor Corporation.  All rights reserved.
  12:.\Generated_Source\PSoC5/Motor.c **** * You may use this file only in accordance with the license, terms, conditions, 
  13:.\Generated_Source\PSoC5/Motor.c **** * disclaimers, and limitations in the end user license agreement accompanying 
  14:.\Generated_Source\PSoC5/Motor.c **** * the software package with which this file was provided.
  15:.\Generated_Source\PSoC5/Motor.c **** *******************************************************************************/
  16:.\Generated_Source\PSoC5/Motor.c **** 
  17:.\Generated_Source\PSoC5/Motor.c **** #include "cytypes.h"
  18:.\Generated_Source\PSoC5/Motor.c **** #include "Motor.h"
  19:.\Generated_Source\PSoC5/Motor.c **** 
  20:.\Generated_Source\PSoC5/Motor.c **** /* APIs are not generated for P15[7:6] on PSoC 5 */
  21:.\Generated_Source\PSoC5/Motor.c **** #if !(CY_PSOC5A &&\
  22:.\Generated_Source\PSoC5/Motor.c **** 	 Motor__PORT == 15 && ((Motor__MASK & 0xC0) != 0))
ARM GAS  C:\Users\dmtucker\AppData\Local\Temp\ccoAbgBE.s 			page 2


  23:.\Generated_Source\PSoC5/Motor.c **** 
  24:.\Generated_Source\PSoC5/Motor.c **** 
  25:.\Generated_Source\PSoC5/Motor.c **** /*******************************************************************************
  26:.\Generated_Source\PSoC5/Motor.c **** * Function Name: Motor_Write
  27:.\Generated_Source\PSoC5/Motor.c **** ********************************************************************************
  28:.\Generated_Source\PSoC5/Motor.c **** *
  29:.\Generated_Source\PSoC5/Motor.c **** * Summary:
  30:.\Generated_Source\PSoC5/Motor.c **** *  Assign a new value to the digital port's data output register.  
  31:.\Generated_Source\PSoC5/Motor.c **** *
  32:.\Generated_Source\PSoC5/Motor.c **** * Parameters:  
  33:.\Generated_Source\PSoC5/Motor.c **** *  prtValue:  The value to be assigned to the Digital Port. 
  34:.\Generated_Source\PSoC5/Motor.c **** *
  35:.\Generated_Source\PSoC5/Motor.c **** * Return: 
  36:.\Generated_Source\PSoC5/Motor.c **** *  None
  37:.\Generated_Source\PSoC5/Motor.c **** *  
  38:.\Generated_Source\PSoC5/Motor.c **** *******************************************************************************/
  39:.\Generated_Source\PSoC5/Motor.c **** void Motor_Write(uint8 value) 
  40:.\Generated_Source\PSoC5/Motor.c **** {
  32              		.loc 1 40 0
  33              		.cfi_startproc
  34              		@ args = 0, pretend = 0, frame = 16
  35              		@ frame_needed = 1, uses_anonymous_args = 0
  36              		@ link register save eliminated.
  37 0000 80B4     		push	{r7}
  38              	.LCFI0:
  39              		.cfi_def_cfa_offset 4
  40 0002 85B0     		sub	sp, sp, #20
  41              	.LCFI1:
  42              		.cfi_def_cfa_offset 24
  43 0004 00AF     		add	r7, sp, #0
  44              		.cfi_offset 7, -4
  45              	.LCFI2:
  46              		.cfi_def_cfa_register 7
  47 0006 0346     		mov	r3, r0
  48 0008 FB71     		strb	r3, [r7, #7]
  41:.\Generated_Source\PSoC5/Motor.c ****     uint8 staticBits = (Motor_DR & (uint8)(~Motor_MASK));
  49              		.loc 1 41 0
  50 000a 45F2C013 		movw	r3, #:lower16:1073762752
  51 000e C4F20003 		movt	r3, #:upper16:1073762752
  52 0012 1B78     		ldrb	r3, [r3, #0]
  53 0014 DBB2     		uxtb	r3, r3
  54 0016 03F00F03 		and	r3, r3, #15
  55 001a FB73     		strb	r3, [r7, #15]
  42:.\Generated_Source\PSoC5/Motor.c ****     Motor_DR = staticBits | ((uint8)(value << Motor_SHIFT) & Motor_MASK);
  56              		.loc 1 42 0
  57 001c 45F2C013 		movw	r3, #:lower16:1073762752
  58 0020 C4F20003 		movt	r3, #:upper16:1073762752
  59 0024 FA79     		ldrb	r2, [r7, #7]
  60 0026 4FEA0212 		lsl	r2, r2, #4
  61 002a D1B2     		uxtb	r1, r2
  62 002c FA7B     		ldrb	r2, [r7, #15]
  63 002e 41EA0202 		orr	r2, r1, r2
  64 0032 D2B2     		uxtb	r2, r2
  65 0034 1A70     		strb	r2, [r3, #0]
  43:.\Generated_Source\PSoC5/Motor.c **** }
  66              		.loc 1 43 0
  67 0036 07F11407 		add	r7, r7, #20
ARM GAS  C:\Users\dmtucker\AppData\Local\Temp\ccoAbgBE.s 			page 3


  68 003a BD46     		mov	sp, r7
  69 003c 80BC     		pop	{r7}
  70 003e 7047     		bx	lr
  71              		.cfi_endproc
  72              	.LFE0:
  73              		.size	Motor_Write, .-Motor_Write
  74              		.section	.text.Motor_SetDriveMode,"ax",%progbits
  75              		.align	2
  76              		.global	Motor_SetDriveMode
  77              		.thumb
  78              		.thumb_func
  79              		.type	Motor_SetDriveMode, %function
  80              	Motor_SetDriveMode:
  81              	.LFB1:
  44:.\Generated_Source\PSoC5/Motor.c **** 
  45:.\Generated_Source\PSoC5/Motor.c **** 
  46:.\Generated_Source\PSoC5/Motor.c **** /*******************************************************************************
  47:.\Generated_Source\PSoC5/Motor.c **** * Function Name: Motor_SetDriveMode
  48:.\Generated_Source\PSoC5/Motor.c **** ********************************************************************************
  49:.\Generated_Source\PSoC5/Motor.c **** *
  50:.\Generated_Source\PSoC5/Motor.c **** * Summary:
  51:.\Generated_Source\PSoC5/Motor.c **** *  Change the drive mode on the pins of the port.
  52:.\Generated_Source\PSoC5/Motor.c **** * 
  53:.\Generated_Source\PSoC5/Motor.c **** * Parameters:  
  54:.\Generated_Source\PSoC5/Motor.c **** *  mode:  Change the pins to this drive mode.
  55:.\Generated_Source\PSoC5/Motor.c **** *
  56:.\Generated_Source\PSoC5/Motor.c **** * Return: 
  57:.\Generated_Source\PSoC5/Motor.c **** *  None
  58:.\Generated_Source\PSoC5/Motor.c **** *
  59:.\Generated_Source\PSoC5/Motor.c **** *******************************************************************************/
  60:.\Generated_Source\PSoC5/Motor.c **** void Motor_SetDriveMode(uint8 mode) 
  61:.\Generated_Source\PSoC5/Motor.c **** {
  82              		.loc 1 61 0
  83              		.cfi_startproc
  84              		@ args = 0, pretend = 0, frame = 8
  85              		@ frame_needed = 1, uses_anonymous_args = 0
  86              		@ link register save eliminated.
  87 0000 80B4     		push	{r7}
  88              	.LCFI3:
  89              		.cfi_def_cfa_offset 4
  90 0002 83B0     		sub	sp, sp, #12
  91              	.LCFI4:
  92              		.cfi_def_cfa_offset 16
  93 0004 00AF     		add	r7, sp, #0
  94              		.cfi_offset 7, -4
  95              	.LCFI5:
  96              		.cfi_def_cfa_register 7
  97 0006 0346     		mov	r3, r0
  98 0008 FB71     		strb	r3, [r7, #7]
  62:.\Generated_Source\PSoC5/Motor.c **** 	CyPins_SetPinDriveMode(Motor_0, mode);
  99              		.loc 1 62 0
 100 000a 45F26403 		movw	r3, #:lower16:1073762404
 101 000e C4F20003 		movt	r3, #:upper16:1073762404
 102 0012 45F26402 		movw	r2, #:lower16:1073762404
 103 0016 C4F20002 		movt	r2, #:upper16:1073762404
 104 001a 1278     		ldrb	r2, [r2, #0]
 105 001c D2B2     		uxtb	r2, r2
ARM GAS  C:\Users\dmtucker\AppData\Local\Temp\ccoAbgBE.s 			page 4


 106 001e D1B2     		uxtb	r1, r2
 107 0020 01F0F101 		and	r1, r1, #241
 108 0024 FA79     		ldrb	r2, [r7, #7]	@ zero_extendqisi2
 109 0026 D2B2     		uxtb	r2, r2
 110 0028 02F00E02 		and	r2, r2, #14
 111 002c 41EA0202 		orr	r2, r1, r2
 112 0030 D2B2     		uxtb	r2, r2
 113 0032 D2B2     		uxtb	r2, r2
 114 0034 1A70     		strb	r2, [r3, #0]
  63:.\Generated_Source\PSoC5/Motor.c **** 	CyPins_SetPinDriveMode(Motor_1, mode);
 115              		.loc 1 63 0
 116 0036 45F26503 		movw	r3, #:lower16:1073762405
 117 003a C4F20003 		movt	r3, #:upper16:1073762405
 118 003e 45F26502 		movw	r2, #:lower16:1073762405
 119 0042 C4F20002 		movt	r2, #:upper16:1073762405
 120 0046 1278     		ldrb	r2, [r2, #0]
 121 0048 D2B2     		uxtb	r2, r2
 122 004a D1B2     		uxtb	r1, r2
 123 004c 01F0F101 		and	r1, r1, #241
 124 0050 FA79     		ldrb	r2, [r7, #7]	@ zero_extendqisi2
 125 0052 D2B2     		uxtb	r2, r2
 126 0054 02F00E02 		and	r2, r2, #14
 127 0058 41EA0202 		orr	r2, r1, r2
 128 005c D2B2     		uxtb	r2, r2
 129 005e D2B2     		uxtb	r2, r2
 130 0060 1A70     		strb	r2, [r3, #0]
  64:.\Generated_Source\PSoC5/Motor.c **** 	CyPins_SetPinDriveMode(Motor_2, mode);
 131              		.loc 1 64 0
 132 0062 45F26603 		movw	r3, #:lower16:1073762406
 133 0066 C4F20003 		movt	r3, #:upper16:1073762406
 134 006a 45F26602 		movw	r2, #:lower16:1073762406
 135 006e C4F20002 		movt	r2, #:upper16:1073762406
 136 0072 1278     		ldrb	r2, [r2, #0]
 137 0074 D2B2     		uxtb	r2, r2
 138 0076 D1B2     		uxtb	r1, r2
 139 0078 01F0F101 		and	r1, r1, #241
 140 007c FA79     		ldrb	r2, [r7, #7]	@ zero_extendqisi2
 141 007e D2B2     		uxtb	r2, r2
 142 0080 02F00E02 		and	r2, r2, #14
 143 0084 41EA0202 		orr	r2, r1, r2
 144 0088 D2B2     		uxtb	r2, r2
 145 008a D2B2     		uxtb	r2, r2
 146 008c 1A70     		strb	r2, [r3, #0]
  65:.\Generated_Source\PSoC5/Motor.c **** 	CyPins_SetPinDriveMode(Motor_3, mode);
 147              		.loc 1 65 0
 148 008e 45F26703 		movw	r3, #:lower16:1073762407
 149 0092 C4F20003 		movt	r3, #:upper16:1073762407
 150 0096 45F26702 		movw	r2, #:lower16:1073762407
 151 009a C4F20002 		movt	r2, #:upper16:1073762407
 152 009e 1278     		ldrb	r2, [r2, #0]
 153 00a0 D2B2     		uxtb	r2, r2
 154 00a2 D1B2     		uxtb	r1, r2
 155 00a4 01F0F101 		and	r1, r1, #241
 156 00a8 FA79     		ldrb	r2, [r7, #7]	@ zero_extendqisi2
 157 00aa D2B2     		uxtb	r2, r2
 158 00ac 02F00E02 		and	r2, r2, #14
 159 00b0 41EA0202 		orr	r2, r1, r2
ARM GAS  C:\Users\dmtucker\AppData\Local\Temp\ccoAbgBE.s 			page 5


 160 00b4 D2B2     		uxtb	r2, r2
 161 00b6 D2B2     		uxtb	r2, r2
 162 00b8 1A70     		strb	r2, [r3, #0]
  66:.\Generated_Source\PSoC5/Motor.c **** }
 163              		.loc 1 66 0
 164 00ba 07F10C07 		add	r7, r7, #12
 165 00be BD46     		mov	sp, r7
 166 00c0 80BC     		pop	{r7}
 167 00c2 7047     		bx	lr
 168              		.cfi_endproc
 169              	.LFE1:
 170              		.size	Motor_SetDriveMode, .-Motor_SetDriveMode
 171              		.section	.text.Motor_Read,"ax",%progbits
 172              		.align	2
 173              		.global	Motor_Read
 174              		.thumb
 175              		.thumb_func
 176              		.type	Motor_Read, %function
 177              	Motor_Read:
 178              	.LFB2:
  67:.\Generated_Source\PSoC5/Motor.c **** 
  68:.\Generated_Source\PSoC5/Motor.c **** 
  69:.\Generated_Source\PSoC5/Motor.c **** /*******************************************************************************
  70:.\Generated_Source\PSoC5/Motor.c **** * Function Name: Motor_Read
  71:.\Generated_Source\PSoC5/Motor.c **** ********************************************************************************
  72:.\Generated_Source\PSoC5/Motor.c **** *
  73:.\Generated_Source\PSoC5/Motor.c **** * Summary:
  74:.\Generated_Source\PSoC5/Motor.c **** *  Read the current value on the pins of the Digital Port in right justified 
  75:.\Generated_Source\PSoC5/Motor.c **** *  form.
  76:.\Generated_Source\PSoC5/Motor.c **** *
  77:.\Generated_Source\PSoC5/Motor.c **** * Parameters:  
  78:.\Generated_Source\PSoC5/Motor.c **** *  None
  79:.\Generated_Source\PSoC5/Motor.c **** *
  80:.\Generated_Source\PSoC5/Motor.c **** * Return: 
  81:.\Generated_Source\PSoC5/Motor.c **** *  Returns the current value of the Digital Port as a right justified number
  82:.\Generated_Source\PSoC5/Motor.c **** *  
  83:.\Generated_Source\PSoC5/Motor.c **** * Note:
  84:.\Generated_Source\PSoC5/Motor.c **** *  Macro Motor_ReadPS calls this function. 
  85:.\Generated_Source\PSoC5/Motor.c **** *  
  86:.\Generated_Source\PSoC5/Motor.c **** *******************************************************************************/
  87:.\Generated_Source\PSoC5/Motor.c **** uint8 Motor_Read(void) 
  88:.\Generated_Source\PSoC5/Motor.c **** {
 179              		.loc 1 88 0
 180              		.cfi_startproc
 181              		@ args = 0, pretend = 0, frame = 0
 182              		@ frame_needed = 1, uses_anonymous_args = 0
 183              		@ link register save eliminated.
 184 0000 80B4     		push	{r7}
 185              	.LCFI6:
 186              		.cfi_def_cfa_offset 4
 187 0002 00AF     		add	r7, sp, #0
 188              		.cfi_offset 7, -4
 189              	.LCFI7:
 190              		.cfi_def_cfa_register 7
  89:.\Generated_Source\PSoC5/Motor.c ****     return (Motor_PS & Motor_MASK) >> Motor_SHIFT;
 191              		.loc 1 89 0
 192 0004 45F2C113 		movw	r3, #:lower16:1073762753
ARM GAS  C:\Users\dmtucker\AppData\Local\Temp\ccoAbgBE.s 			page 6


 193 0008 C4F20003 		movt	r3, #:upper16:1073762753
 194 000c 1B78     		ldrb	r3, [r3, #0]
 195 000e DBB2     		uxtb	r3, r3
 196 0010 4FEA1313 		lsr	r3, r3, #4
 197 0014 DBB2     		uxtb	r3, r3
  90:.\Generated_Source\PSoC5/Motor.c **** }
 198              		.loc 1 90 0
 199 0016 1846     		mov	r0, r3
 200 0018 BD46     		mov	sp, r7
 201 001a 80BC     		pop	{r7}
 202 001c 7047     		bx	lr
 203              		.cfi_endproc
 204              	.LFE2:
 205              		.size	Motor_Read, .-Motor_Read
 206 001e 00BF     		.section	.text.Motor_ReadDataReg,"ax",%progbits
 207              		.align	2
 208              		.global	Motor_ReadDataReg
 209              		.thumb
 210              		.thumb_func
 211              		.type	Motor_ReadDataReg, %function
 212              	Motor_ReadDataReg:
 213              	.LFB3:
  91:.\Generated_Source\PSoC5/Motor.c **** 
  92:.\Generated_Source\PSoC5/Motor.c **** 
  93:.\Generated_Source\PSoC5/Motor.c **** /*******************************************************************************
  94:.\Generated_Source\PSoC5/Motor.c **** * Function Name: Motor_ReadDataReg
  95:.\Generated_Source\PSoC5/Motor.c **** ********************************************************************************
  96:.\Generated_Source\PSoC5/Motor.c **** *
  97:.\Generated_Source\PSoC5/Motor.c **** * Summary:
  98:.\Generated_Source\PSoC5/Motor.c **** *  Read the current value assigned to a Digital Port's data output register
  99:.\Generated_Source\PSoC5/Motor.c **** *
 100:.\Generated_Source\PSoC5/Motor.c **** * Parameters:  
 101:.\Generated_Source\PSoC5/Motor.c **** *  None 
 102:.\Generated_Source\PSoC5/Motor.c **** *
 103:.\Generated_Source\PSoC5/Motor.c **** * Return: 
 104:.\Generated_Source\PSoC5/Motor.c **** *  Returns the current value assigned to the Digital Port's data output register
 105:.\Generated_Source\PSoC5/Motor.c **** *  
 106:.\Generated_Source\PSoC5/Motor.c **** *******************************************************************************/
 107:.\Generated_Source\PSoC5/Motor.c **** uint8 Motor_ReadDataReg(void) 
 108:.\Generated_Source\PSoC5/Motor.c **** {
 214              		.loc 1 108 0
 215              		.cfi_startproc
 216              		@ args = 0, pretend = 0, frame = 0
 217              		@ frame_needed = 1, uses_anonymous_args = 0
 218              		@ link register save eliminated.
 219 0000 80B4     		push	{r7}
 220              	.LCFI8:
 221              		.cfi_def_cfa_offset 4
 222 0002 00AF     		add	r7, sp, #0
 223              		.cfi_offset 7, -4
 224              	.LCFI9:
 225              		.cfi_def_cfa_register 7
 109:.\Generated_Source\PSoC5/Motor.c ****     return (Motor_DR & Motor_MASK) >> Motor_SHIFT;
 226              		.loc 1 109 0
 227 0004 45F2C013 		movw	r3, #:lower16:1073762752
 228 0008 C4F20003 		movt	r3, #:upper16:1073762752
 229 000c 1B78     		ldrb	r3, [r3, #0]
ARM GAS  C:\Users\dmtucker\AppData\Local\Temp\ccoAbgBE.s 			page 7


 230 000e DBB2     		uxtb	r3, r3
 231 0010 4FEA1313 		lsr	r3, r3, #4
 232 0014 DBB2     		uxtb	r3, r3
 110:.\Generated_Source\PSoC5/Motor.c **** }
 233              		.loc 1 110 0
 234 0016 1846     		mov	r0, r3
 235 0018 BD46     		mov	sp, r7
 236 001a 80BC     		pop	{r7}
 237 001c 7047     		bx	lr
 238              		.cfi_endproc
 239              	.LFE3:
 240              		.size	Motor_ReadDataReg, .-Motor_ReadDataReg
 241 001e 00BF     		.text
 242              	.Letext0:
 243              		.section	.debug_loc,"",%progbits
 244              	.Ldebug_loc0:
 245              	.LLST0:
 246 0000 00000000 		.4byte	.LFB0
 247 0004 02000000 		.4byte	.LCFI0
 248 0008 0100     		.2byte	0x1
 249 000a 5D       		.byte	0x5d
 250 000b 02000000 		.4byte	.LCFI0
 251 000f 04000000 		.4byte	.LCFI1
 252 0013 0200     		.2byte	0x2
 253 0015 7D       		.byte	0x7d
 254 0016 04       		.sleb128 4
 255 0017 04000000 		.4byte	.LCFI1
 256 001b 06000000 		.4byte	.LCFI2
 257 001f 0200     		.2byte	0x2
 258 0021 7D       		.byte	0x7d
 259 0022 18       		.sleb128 24
 260 0023 06000000 		.4byte	.LCFI2
 261 0027 40000000 		.4byte	.LFE0
 262 002b 0200     		.2byte	0x2
 263 002d 77       		.byte	0x77
 264 002e 18       		.sleb128 24
 265 002f 00000000 		.4byte	0x0
 266 0033 00000000 		.4byte	0x0
 267              	.LLST1:
 268 0037 00000000 		.4byte	.LFB1
 269 003b 02000000 		.4byte	.LCFI3
 270 003f 0100     		.2byte	0x1
 271 0041 5D       		.byte	0x5d
 272 0042 02000000 		.4byte	.LCFI3
 273 0046 04000000 		.4byte	.LCFI4
 274 004a 0200     		.2byte	0x2
 275 004c 7D       		.byte	0x7d
 276 004d 04       		.sleb128 4
 277 004e 04000000 		.4byte	.LCFI4
 278 0052 06000000 		.4byte	.LCFI5
 279 0056 0200     		.2byte	0x2
 280 0058 7D       		.byte	0x7d
 281 0059 10       		.sleb128 16
 282 005a 06000000 		.4byte	.LCFI5
 283 005e C4000000 		.4byte	.LFE1
 284 0062 0200     		.2byte	0x2
 285 0064 77       		.byte	0x77
ARM GAS  C:\Users\dmtucker\AppData\Local\Temp\ccoAbgBE.s 			page 8


 286 0065 10       		.sleb128 16
 287 0066 00000000 		.4byte	0x0
 288 006a 00000000 		.4byte	0x0
 289              	.LLST2:
 290 006e 00000000 		.4byte	.LFB2
 291 0072 02000000 		.4byte	.LCFI6
 292 0076 0100     		.2byte	0x1
 293 0078 5D       		.byte	0x5d
 294 0079 02000000 		.4byte	.LCFI6
 295 007d 04000000 		.4byte	.LCFI7
 296 0081 0200     		.2byte	0x2
 297 0083 7D       		.byte	0x7d
 298 0084 04       		.sleb128 4
 299 0085 04000000 		.4byte	.LCFI7
 300 0089 1E000000 		.4byte	.LFE2
 301 008d 0200     		.2byte	0x2
 302 008f 77       		.byte	0x77
 303 0090 04       		.sleb128 4
 304 0091 00000000 		.4byte	0x0
 305 0095 00000000 		.4byte	0x0
 306              	.LLST3:
 307 0099 00000000 		.4byte	.LFB3
 308 009d 02000000 		.4byte	.LCFI8
 309 00a1 0100     		.2byte	0x1
 310 00a3 5D       		.byte	0x5d
 311 00a4 02000000 		.4byte	.LCFI8
 312 00a8 04000000 		.4byte	.LCFI9
 313 00ac 0200     		.2byte	0x2
 314 00ae 7D       		.byte	0x7d
 315 00af 04       		.sleb128 4
 316 00b0 04000000 		.4byte	.LCFI9
 317 00b4 1E000000 		.4byte	.LFE3
 318 00b8 0200     		.2byte	0x2
 319 00ba 77       		.byte	0x77
 320 00bb 04       		.sleb128 4
 321 00bc 00000000 		.4byte	0x0
 322 00c0 00000000 		.4byte	0x0
 323              		.file 2 ".\\Generated_Source\\PSoC5\\/cytypes.h"
 324              		.section	.debug_info
 325 0000 1C010000 		.4byte	0x11c
 326 0004 0200     		.2byte	0x2
 327 0006 00000000 		.4byte	.Ldebug_abbrev0
 328 000a 04       		.byte	0x4
 329 000b 01       		.uleb128 0x1
 330 000c C6000000 		.4byte	.LASF18
 331 0010 01       		.byte	0x1
 332 0011 E1000000 		.4byte	.LASF19
 333 0015 0E000000 		.4byte	.LASF20
 334 0019 00000000 		.4byte	0x0
 335 001d 00000000 		.4byte	0x0
 336 0021 00000000 		.4byte	.Ldebug_ranges0+0x0
 337 0025 00000000 		.4byte	.Ldebug_line0
 338 0029 02       		.uleb128 0x2
 339 002a 01       		.byte	0x1
 340 002b 06       		.byte	0x6
 341 002c 30010000 		.4byte	.LASF0
 342 0030 02       		.uleb128 0x2
ARM GAS  C:\Users\dmtucker\AppData\Local\Temp\ccoAbgBE.s 			page 9


 343 0031 01       		.byte	0x1
 344 0032 08       		.byte	0x8
 345 0033 63000000 		.4byte	.LASF1
 346 0037 02       		.uleb128 0x2
 347 0038 02       		.byte	0x2
 348 0039 05       		.byte	0x5
 349 003a D7000000 		.4byte	.LASF2
 350 003e 02       		.uleb128 0x2
 351 003f 02       		.byte	0x2
 352 0040 07       		.byte	0x7
 353 0041 83000000 		.4byte	.LASF3
 354 0045 02       		.uleb128 0x2
 355 0046 04       		.byte	0x4
 356 0047 05       		.byte	0x5
 357 0048 1B010000 		.4byte	.LASF4
 358 004c 02       		.uleb128 0x2
 359 004d 04       		.byte	0x4
 360 004e 07       		.byte	0x7
 361 004f 71000000 		.4byte	.LASF5
 362 0053 02       		.uleb128 0x2
 363 0054 08       		.byte	0x8
 364 0055 05       		.byte	0x5
 365 0056 00000000 		.4byte	.LASF6
 366 005a 02       		.uleb128 0x2
 367 005b 08       		.byte	0x8
 368 005c 07       		.byte	0x7
 369 005d AA000000 		.4byte	.LASF7
 370 0061 03       		.uleb128 0x3
 371 0062 04       		.byte	0x4
 372 0063 05       		.byte	0x5
 373 0064 696E7400 		.ascii	"int\000"
 374 0068 02       		.uleb128 0x2
 375 0069 04       		.byte	0x4
 376 006a 07       		.byte	0x7
 377 006b 9D000000 		.4byte	.LASF8
 378 006f 04       		.uleb128 0x4
 379 0070 02010000 		.4byte	.LASF21
 380 0074 02       		.byte	0x2
 381 0075 4C       		.byte	0x4c
 382 0076 30000000 		.4byte	0x30
 383 007a 02       		.uleb128 0x2
 384 007b 04       		.byte	0x4
 385 007c 04       		.byte	0x4
 386 007d 5D000000 		.4byte	.LASF9
 387 0081 02       		.uleb128 0x2
 388 0082 08       		.byte	0x8
 389 0083 04       		.byte	0x4
 390 0084 96000000 		.4byte	.LASF10
 391 0088 02       		.uleb128 0x2
 392 0089 01       		.byte	0x1
 393 008a 08       		.byte	0x8
 394 008b D2000000 		.4byte	.LASF11
 395 008f 05       		.uleb128 0x5
 396 0090 01       		.byte	0x1
 397 0091 24010000 		.4byte	.LASF12
 398 0095 01       		.byte	0x1
 399 0096 27       		.byte	0x27
ARM GAS  C:\Users\dmtucker\AppData\Local\Temp\ccoAbgBE.s 			page 10


 400 0097 01       		.byte	0x1
 401 0098 00000000 		.4byte	.LFB0
 402 009c 40000000 		.4byte	.LFE0
 403 00a0 00000000 		.4byte	.LLST0
 404 00a4 C5000000 		.4byte	0xc5
 405 00a8 06       		.uleb128 0x6
 406 00a9 41000000 		.4byte	.LASF14
 407 00ad 01       		.byte	0x1
 408 00ae 27       		.byte	0x27
 409 00af 6F000000 		.4byte	0x6f
 410 00b3 02       		.byte	0x2
 411 00b4 91       		.byte	0x91
 412 00b5 6F       		.sleb128 -17
 413 00b6 07       		.uleb128 0x7
 414 00b7 47000000 		.4byte	.LASF22
 415 00bb 01       		.byte	0x1
 416 00bc 29       		.byte	0x29
 417 00bd 6F000000 		.4byte	0x6f
 418 00c1 02       		.byte	0x2
 419 00c2 91       		.byte	0x91
 420 00c3 77       		.sleb128 -9
 421 00c4 00       		.byte	0x0
 422 00c5 05       		.uleb128 0x5
 423 00c6 01       		.byte	0x1
 424 00c7 08010000 		.4byte	.LASF13
 425 00cb 01       		.byte	0x1
 426 00cc 3C       		.byte	0x3c
 427 00cd 01       		.byte	0x1
 428 00ce 00000000 		.4byte	.LFB1
 429 00d2 C4000000 		.4byte	.LFE1
 430 00d6 37000000 		.4byte	.LLST1
 431 00da ED000000 		.4byte	0xed
 432 00de 06       		.uleb128 0x6
 433 00df C1000000 		.4byte	.LASF15
 434 00e3 01       		.byte	0x1
 435 00e4 3C       		.byte	0x3c
 436 00e5 6F000000 		.4byte	0x6f
 437 00e9 02       		.byte	0x2
 438 00ea 91       		.byte	0x91
 439 00eb 77       		.sleb128 -9
 440 00ec 00       		.byte	0x0
 441 00ed 08       		.uleb128 0x8
 442 00ee 01       		.byte	0x1
 443 00ef 52000000 		.4byte	.LASF16
 444 00f3 01       		.byte	0x1
 445 00f4 57       		.byte	0x57
 446 00f5 01       		.byte	0x1
 447 00f6 6F000000 		.4byte	0x6f
 448 00fa 00000000 		.4byte	.LFB2
 449 00fe 1E000000 		.4byte	.LFE2
 450 0102 6E000000 		.4byte	.LLST2
 451 0106 08       		.uleb128 0x8
 452 0107 01       		.byte	0x1
 453 0108 2F000000 		.4byte	.LASF17
 454 010c 01       		.byte	0x1
 455 010d 6B       		.byte	0x6b
 456 010e 01       		.byte	0x1
ARM GAS  C:\Users\dmtucker\AppData\Local\Temp\ccoAbgBE.s 			page 11


 457 010f 6F000000 		.4byte	0x6f
 458 0113 00000000 		.4byte	.LFB3
 459 0117 1E000000 		.4byte	.LFE3
 460 011b 99000000 		.4byte	.LLST3
 461 011f 00       		.byte	0x0
 462              		.section	.debug_abbrev
 463 0000 01       		.uleb128 0x1
 464 0001 11       		.uleb128 0x11
 465 0002 01       		.byte	0x1
 466 0003 25       		.uleb128 0x25
 467 0004 0E       		.uleb128 0xe
 468 0005 13       		.uleb128 0x13
 469 0006 0B       		.uleb128 0xb
 470 0007 03       		.uleb128 0x3
 471 0008 0E       		.uleb128 0xe
 472 0009 1B       		.uleb128 0x1b
 473 000a 0E       		.uleb128 0xe
 474 000b 11       		.uleb128 0x11
 475 000c 01       		.uleb128 0x1
 476 000d 52       		.uleb128 0x52
 477 000e 01       		.uleb128 0x1
 478 000f 55       		.uleb128 0x55
 479 0010 06       		.uleb128 0x6
 480 0011 10       		.uleb128 0x10
 481 0012 06       		.uleb128 0x6
 482 0013 00       		.byte	0x0
 483 0014 00       		.byte	0x0
 484 0015 02       		.uleb128 0x2
 485 0016 24       		.uleb128 0x24
 486 0017 00       		.byte	0x0
 487 0018 0B       		.uleb128 0xb
 488 0019 0B       		.uleb128 0xb
 489 001a 3E       		.uleb128 0x3e
 490 001b 0B       		.uleb128 0xb
 491 001c 03       		.uleb128 0x3
 492 001d 0E       		.uleb128 0xe
 493 001e 00       		.byte	0x0
 494 001f 00       		.byte	0x0
 495 0020 03       		.uleb128 0x3
 496 0021 24       		.uleb128 0x24
 497 0022 00       		.byte	0x0
 498 0023 0B       		.uleb128 0xb
 499 0024 0B       		.uleb128 0xb
 500 0025 3E       		.uleb128 0x3e
 501 0026 0B       		.uleb128 0xb
 502 0027 03       		.uleb128 0x3
 503 0028 08       		.uleb128 0x8
 504 0029 00       		.byte	0x0
 505 002a 00       		.byte	0x0
 506 002b 04       		.uleb128 0x4
 507 002c 16       		.uleb128 0x16
 508 002d 00       		.byte	0x0
 509 002e 03       		.uleb128 0x3
 510 002f 0E       		.uleb128 0xe
 511 0030 3A       		.uleb128 0x3a
 512 0031 0B       		.uleb128 0xb
 513 0032 3B       		.uleb128 0x3b
ARM GAS  C:\Users\dmtucker\AppData\Local\Temp\ccoAbgBE.s 			page 12


 514 0033 0B       		.uleb128 0xb
 515 0034 49       		.uleb128 0x49
 516 0035 13       		.uleb128 0x13
 517 0036 00       		.byte	0x0
 518 0037 00       		.byte	0x0
 519 0038 05       		.uleb128 0x5
 520 0039 2E       		.uleb128 0x2e
 521 003a 01       		.byte	0x1
 522 003b 3F       		.uleb128 0x3f
 523 003c 0C       		.uleb128 0xc
 524 003d 03       		.uleb128 0x3
 525 003e 0E       		.uleb128 0xe
 526 003f 3A       		.uleb128 0x3a
 527 0040 0B       		.uleb128 0xb
 528 0041 3B       		.uleb128 0x3b
 529 0042 0B       		.uleb128 0xb
 530 0043 27       		.uleb128 0x27
 531 0044 0C       		.uleb128 0xc
 532 0045 11       		.uleb128 0x11
 533 0046 01       		.uleb128 0x1
 534 0047 12       		.uleb128 0x12
 535 0048 01       		.uleb128 0x1
 536 0049 40       		.uleb128 0x40
 537 004a 06       		.uleb128 0x6
 538 004b 01       		.uleb128 0x1
 539 004c 13       		.uleb128 0x13
 540 004d 00       		.byte	0x0
 541 004e 00       		.byte	0x0
 542 004f 06       		.uleb128 0x6
 543 0050 05       		.uleb128 0x5
 544 0051 00       		.byte	0x0
 545 0052 03       		.uleb128 0x3
 546 0053 0E       		.uleb128 0xe
 547 0054 3A       		.uleb128 0x3a
 548 0055 0B       		.uleb128 0xb
 549 0056 3B       		.uleb128 0x3b
 550 0057 0B       		.uleb128 0xb
 551 0058 49       		.uleb128 0x49
 552 0059 13       		.uleb128 0x13
 553 005a 02       		.uleb128 0x2
 554 005b 0A       		.uleb128 0xa
 555 005c 00       		.byte	0x0
 556 005d 00       		.byte	0x0
 557 005e 07       		.uleb128 0x7
 558 005f 34       		.uleb128 0x34
 559 0060 00       		.byte	0x0
 560 0061 03       		.uleb128 0x3
 561 0062 0E       		.uleb128 0xe
 562 0063 3A       		.uleb128 0x3a
 563 0064 0B       		.uleb128 0xb
 564 0065 3B       		.uleb128 0x3b
 565 0066 0B       		.uleb128 0xb
 566 0067 49       		.uleb128 0x49
 567 0068 13       		.uleb128 0x13
 568 0069 02       		.uleb128 0x2
 569 006a 0A       		.uleb128 0xa
 570 006b 00       		.byte	0x0
ARM GAS  C:\Users\dmtucker\AppData\Local\Temp\ccoAbgBE.s 			page 13


 571 006c 00       		.byte	0x0
 572 006d 08       		.uleb128 0x8
 573 006e 2E       		.uleb128 0x2e
 574 006f 00       		.byte	0x0
 575 0070 3F       		.uleb128 0x3f
 576 0071 0C       		.uleb128 0xc
 577 0072 03       		.uleb128 0x3
 578 0073 0E       		.uleb128 0xe
 579 0074 3A       		.uleb128 0x3a
 580 0075 0B       		.uleb128 0xb
 581 0076 3B       		.uleb128 0x3b
 582 0077 0B       		.uleb128 0xb
 583 0078 27       		.uleb128 0x27
 584 0079 0C       		.uleb128 0xc
 585 007a 49       		.uleb128 0x49
 586 007b 13       		.uleb128 0x13
 587 007c 11       		.uleb128 0x11
 588 007d 01       		.uleb128 0x1
 589 007e 12       		.uleb128 0x12
 590 007f 01       		.uleb128 0x1
 591 0080 40       		.uleb128 0x40
 592 0081 06       		.uleb128 0x6
 593 0082 00       		.byte	0x0
 594 0083 00       		.byte	0x0
 595 0084 00       		.byte	0x0
 596              		.section	.debug_pubnames,"",%progbits
 597 0000 5A000000 		.4byte	0x5a
 598 0004 0200     		.2byte	0x2
 599 0006 00000000 		.4byte	.Ldebug_info0
 600 000a 20010000 		.4byte	0x120
 601 000e 8F000000 		.4byte	0x8f
 602 0012 4D6F746F 		.ascii	"Motor_Write\000"
 602      725F5772 
 602      69746500 
 603 001e C5000000 		.4byte	0xc5
 604 0022 4D6F746F 		.ascii	"Motor_SetDriveMode\000"
 604      725F5365 
 604      74447269 
 604      76654D6F 
 604      646500
 605 0035 ED000000 		.4byte	0xed
 606 0039 4D6F746F 		.ascii	"Motor_Read\000"
 606      725F5265 
 606      616400
 607 0044 06010000 		.4byte	0x106
 608 0048 4D6F746F 		.ascii	"Motor_ReadDataReg\000"
 608      725F5265 
 608      61644461 
 608      74615265 
 608      6700
 609 005a 00000000 		.4byte	0x0
 610              		.section	.debug_aranges,"",%progbits
 611 0000 34000000 		.4byte	0x34
 612 0004 0200     		.2byte	0x2
 613 0006 00000000 		.4byte	.Ldebug_info0
 614 000a 04       		.byte	0x4
 615 000b 00       		.byte	0x0
ARM GAS  C:\Users\dmtucker\AppData\Local\Temp\ccoAbgBE.s 			page 14


 616 000c 0000     		.2byte	0x0
 617 000e 0000     		.2byte	0x0
 618 0010 00000000 		.4byte	.LFB0
 619 0014 40000000 		.4byte	.LFE0-.LFB0
 620 0018 00000000 		.4byte	.LFB1
 621 001c C4000000 		.4byte	.LFE1-.LFB1
 622 0020 00000000 		.4byte	.LFB2
 623 0024 1E000000 		.4byte	.LFE2-.LFB2
 624 0028 00000000 		.4byte	.LFB3
 625 002c 1E000000 		.4byte	.LFE3-.LFB3
 626 0030 00000000 		.4byte	0x0
 627 0034 00000000 		.4byte	0x0
 628              		.section	.debug_ranges,"",%progbits
 629              	.Ldebug_ranges0:
 630 0000 00000000 		.4byte	.Ltext0
 631 0004 00000000 		.4byte	.Letext0
 632 0008 00000000 		.4byte	.LFB0
 633 000c 40000000 		.4byte	.LFE0
 634 0010 00000000 		.4byte	.LFB1
 635 0014 C4000000 		.4byte	.LFE1
 636 0018 00000000 		.4byte	.LFB2
 637 001c 1E000000 		.4byte	.LFE2
 638 0020 00000000 		.4byte	.LFB3
 639 0024 1E000000 		.4byte	.LFE3
 640 0028 00000000 		.4byte	0x0
 641 002c 00000000 		.4byte	0x0
 642              		.section	.debug_str,"MS",%progbits,1
 643              	.LASF6:
 644 0000 6C6F6E67 		.ascii	"long long int\000"
 644      206C6F6E 
 644      6720696E 
 644      7400
 645              	.LASF20:
 646 000e 463A5C50 		.ascii	"F:\\PSoC Creator\\lab4\\part1.cydsn\000"
 646      536F4320 
 646      43726561 
 646      746F725C 
 646      6C616234 
 647              	.LASF17:
 648 002f 4D6F746F 		.ascii	"Motor_ReadDataReg\000"
 648      725F5265 
 648      61644461 
 648      74615265 
 648      6700
 649              	.LASF14:
 650 0041 76616C75 		.ascii	"value\000"
 650      6500
 651              	.LASF22:
 652 0047 73746174 		.ascii	"staticBits\000"
 652      69634269 
 652      747300
 653              	.LASF16:
 654 0052 4D6F746F 		.ascii	"Motor_Read\000"
 654      725F5265 
 654      616400
 655              	.LASF9:
 656 005d 666C6F61 		.ascii	"float\000"
ARM GAS  C:\Users\dmtucker\AppData\Local\Temp\ccoAbgBE.s 			page 15


 656      7400
 657              	.LASF1:
 658 0063 756E7369 		.ascii	"unsigned char\000"
 658      676E6564 
 658      20636861 
 658      7200
 659              	.LASF5:
 660 0071 6C6F6E67 		.ascii	"long unsigned int\000"
 660      20756E73 
 660      69676E65 
 660      6420696E 
 660      7400
 661              	.LASF3:
 662 0083 73686F72 		.ascii	"short unsigned int\000"
 662      7420756E 
 662      7369676E 
 662      65642069 
 662      6E7400
 663              	.LASF10:
 664 0096 646F7562 		.ascii	"double\000"
 664      6C6500
 665              	.LASF8:
 666 009d 756E7369 		.ascii	"unsigned int\000"
 666      676E6564 
 666      20696E74 
 666      00
 667              	.LASF7:
 668 00aa 6C6F6E67 		.ascii	"long long unsigned int\000"
 668      206C6F6E 
 668      6720756E 
 668      7369676E 
 668      65642069 
 669              	.LASF15:
 670 00c1 6D6F6465 		.ascii	"mode\000"
 670      00
 671              	.LASF18:
 672 00c6 474E5520 		.ascii	"GNU C 4.4.1\000"
 672      4320342E 
 672      342E3100 
 673              	.LASF11:
 674 00d2 63686172 		.ascii	"char\000"
 674      00
 675              	.LASF2:
 676 00d7 73686F72 		.ascii	"short int\000"
 676      7420696E 
 676      7400
 677              	.LASF19:
 678 00e1 2E5C4765 		.ascii	".\\Generated_Source\\PSoC5\\Motor.c\000"
 678      6E657261 
 678      7465645F 
 678      536F7572 
 678      63655C50 
 679              	.LASF21:
 680 0102 75696E74 		.ascii	"uint8\000"
 680      3800
 681              	.LASF13:
 682 0108 4D6F746F 		.ascii	"Motor_SetDriveMode\000"
ARM GAS  C:\Users\dmtucker\AppData\Local\Temp\ccoAbgBE.s 			page 16


 682      725F5365 
 682      74447269 
 682      76654D6F 
 682      646500
 683              	.LASF4:
 684 011b 6C6F6E67 		.ascii	"long int\000"
 684      20696E74 
 684      00
 685              	.LASF12:
 686 0124 4D6F746F 		.ascii	"Motor_Write\000"
 686      725F5772 
 686      69746500 
 687              	.LASF0:
 688 0130 7369676E 		.ascii	"signed char\000"
 688      65642063 
 688      68617200 
 689              		.ident	"GCC: (Sourcery G++ Lite 2010q1-188) 4.4.1"
